Archive member included to satisfy reference by file (symbol)

C:/ST/STM32CubeIDE_1.19.0/STM32CubeIDE/plugins/com.st.stm32cube.ide.mcu.externaltools.gnu-tools-for-stm32.13.3.rel1.win32_1.0.0.202411081344/tools/bin/../lib/gcc/arm-none-eabi/13.3.1/../../../../arm-none-eabi/lib/thumb/v7e-m+fp/hard\libc_nano.a(libc_a-exit.o)
                              C:/ST/STM32CubeIDE_1.19.0/STM32CubeIDE/plugins/com.st.stm32cube.ide.mcu.externaltools.gnu-tools-for-stm32.13.3.rel1.win32_1.0.0.202411081344/tools/bin/../lib/gcc/arm-none-eabi/13.3.1/../../../../arm-none-eabi/lib/thumb/v7e-m+fp/hard/crt0.o (exit)
C:/ST/STM32CubeIDE_1.19.0/STM32CubeIDE/plugins/com.st.stm32cube.ide.mcu.externaltools.gnu-tools-for-stm32.13.3.rel1.win32_1.0.0.202411081344/tools/bin/../lib/gcc/arm-none-eabi/13.3.1/../../../../arm-none-eabi/lib/thumb/v7e-m+fp/hard\libc_nano.a(libc_a-malloc.o)
                              ./User/LCD/LCD_Bmp.o (malloc)
C:/ST/STM32CubeIDE_1.19.0/STM32CubeIDE/plugins/com.st.stm32cube.ide.mcu.externaltools.gnu-tools-for-stm32.13.3.rel1.win32_1.0.0.202411081344/tools/bin/../lib/gcc/arm-none-eabi/13.3.1/../../../../arm-none-eabi/lib/thumb/v7e-m+fp/hard\libc_nano.a(libc_a-mallocr.o)
                              C:/ST/STM32CubeIDE_1.19.0/STM32CubeIDE/plugins/com.st.stm32cube.ide.mcu.externaltools.gnu-tools-for-stm32.13.3.rel1.win32_1.0.0.202411081344/tools/bin/../lib/gcc/arm-none-eabi/13.3.1/../../../../arm-none-eabi/lib/thumb/v7e-m+fp/hard\libc_nano.a(libc_a-malloc.o) (_malloc_r)
C:/ST/STM32CubeIDE_1.19.0/STM32CubeIDE/plugins/com.st.stm32cube.ide.mcu.externaltools.gnu-tools-for-stm32.13.3.rel1.win32_1.0.0.202411081344/tools/bin/../lib/gcc/arm-none-eabi/13.3.1/../../../../arm-none-eabi/lib/thumb/v7e-m+fp/hard\libc_nano.a(libc_a-mlock.o)
                              C:/ST/STM32CubeIDE_1.19.0/STM32CubeIDE/plugins/com.st.stm32cube.ide.mcu.externaltools.gnu-tools-for-stm32.13.3.rel1.win32_1.0.0.202411081344/tools/bin/../lib/gcc/arm-none-eabi/13.3.1/../../../../arm-none-eabi/lib/thumb/v7e-m+fp/hard\libc_nano.a(libc_a-mallocr.o) (__malloc_lock)
C:/ST/STM32CubeIDE_1.19.0/STM32CubeIDE/plugins/com.st.stm32cube.ide.mcu.externaltools.gnu-tools-for-stm32.13.3.rel1.win32_1.0.0.202411081344/tools/bin/../lib/gcc/arm-none-eabi/13.3.1/../../../../arm-none-eabi/lib/thumb/v7e-m+fp/hard\libc_nano.a(libc_a-findfp.o)
                              C:/ST/STM32CubeIDE_1.19.0/STM32CubeIDE/plugins/com.st.stm32cube.ide.mcu.externaltools.gnu-tools-for-stm32.13.3.rel1.win32_1.0.0.202411081344/tools/bin/../lib/gcc/arm-none-eabi/13.3.1/../../../../arm-none-eabi/lib/thumb/v7e-m+fp/hard\libc_nano.a(libc_a-exit.o) (__stdio_exit_handler)
C:/ST/STM32CubeIDE_1.19.0/STM32CubeIDE/plugins/com.st.stm32cube.ide.mcu.externaltools.gnu-tools-for-stm32.13.3.rel1.win32_1.0.0.202411081344/tools/bin/../lib/gcc/arm-none-eabi/13.3.1/../../../../arm-none-eabi/lib/thumb/v7e-m+fp/hard\libc_nano.a(libc_a-fwalk.o)
                              C:/ST/STM32CubeIDE_1.19.0/STM32CubeIDE/plugins/com.st.stm32cube.ide.mcu.externaltools.gnu-tools-for-stm32.13.3.rel1.win32_1.0.0.202411081344/tools/bin/../lib/gcc/arm-none-eabi/13.3.1/../../../../arm-none-eabi/lib/thumb/v7e-m+fp/hard\libc_nano.a(libc_a-findfp.o) (_fwalk_sglue)
C:/ST/STM32CubeIDE_1.19.0/STM32CubeIDE/plugins/com.st.stm32cube.ide.mcu.externaltools.gnu-tools-for-stm32.13.3.rel1.win32_1.0.0.202411081344/tools/bin/../lib/gcc/arm-none-eabi/13.3.1/../../../../arm-none-eabi/lib/thumb/v7e-m+fp/hard\libc_nano.a(libc_a-printf.o)
                              ./User/FATFS/fatfs_storage.o (printf)
C:/ST/STM32CubeIDE_1.19.0/STM32CubeIDE/plugins/com.st.stm32cube.ide.mcu.externaltools.gnu-tools-for-stm32.13.3.rel1.win32_1.0.0.202411081344/tools/bin/../lib/gcc/arm-none-eabi/13.3.1/../../../../arm-none-eabi/lib/thumb/v7e-m+fp/hard\libc_nano.a(libc_a-puts.o)
                              ./Core/Src/main.o (puts)
C:/ST/STM32CubeIDE_1.19.0/STM32CubeIDE/plugins/com.st.stm32cube.ide.mcu.externaltools.gnu-tools-for-stm32.13.3.rel1.win32_1.0.0.202411081344/tools/bin/../lib/gcc/arm-none-eabi/13.3.1/../../../../arm-none-eabi/lib/thumb/v7e-m+fp/hard\libc_nano.a(libc_a-sprintf.o)
                              ./User/FATFS/fatfs_storage.o (sprintf)
C:/ST/STM32CubeIDE_1.19.0/STM32CubeIDE/plugins/com.st.stm32cube.ide.mcu.externaltools.gnu-tools-for-stm32.13.3.rel1.win32_1.0.0.202411081344/tools/bin/../lib/gcc/arm-none-eabi/13.3.1/../../../../arm-none-eabi/lib/thumb/v7e-m+fp/hard\libc_nano.a(libc_a-stdio.o)
                              C:/ST/STM32CubeIDE_1.19.0/STM32CubeIDE/plugins/com.st.stm32cube.ide.mcu.externaltools.gnu-tools-for-stm32.13.3.rel1.win32_1.0.0.202411081344/tools/bin/../lib/gcc/arm-none-eabi/13.3.1/../../../../arm-none-eabi/lib/thumb/v7e-m+fp/hard\libc_nano.a(libc_a-findfp.o) (__sread)
[...]
Memory Configuration

Name             Origin             Length             Attributes
RAM              0x20000000         0x00020000         xrw
FLASH            0x08000000         0x00080000         xr
*default*        0x00000000         0xffffffff

Linker script and memory map

LOAD C:/ST/STM32CubeIDE_1.19.0/STM32CubeIDE/plugins/com.st.stm32cube.ide.mcu.externaltools.gnu-tools-for-stm32.13.3.rel1.win32_1.0.0.202411081344/tools/bin/../lib/gcc/arm-none-eabi/13.3.1/thumb/v7e-m+fp/hard/crti.o
LOAD C:/ST/STM32CubeIDE_1.19.0/STM32CubeIDE/plugins/com.st.stm32cube.ide.mcu.externaltools.gnu-tools-for-stm32.13.3.rel1.win32_1.0.0.202411081344/tools/bin/../lib/gcc/arm-none-eabi/13.3.1/thumb/v7e-m+fp/hard/crtbegin.o
LOAD C:/ST/STM32CubeIDE_1.19.0/STM32CubeIDE/plugins/com.st.stm32cube.ide.mcu.externaltools.gnu-tools-for-stm32.13.3.rel1.win32_1.0.0.202411081344/tools/bin/../lib/gcc/arm-none-eabi/13.3.1/../../../../arm-none-eabi/lib/thumb/v7e-m+fp/hard/crt0.o
LOAD ./Core/Src/gpio.o
LOAD ./Core/Src/main.o
LOAD ./Core/Src/spi.o
LOAD ./Core/Src/stm32f4xx_hal_msp.o
LOAD ./Core/Src/stm32f4xx_it.o
LOAD ./Core/Src/syscalls.o
LOAD ./Core/Src/sysmem.o
LOAD ./Core/Src/system_stm32f4xx.o
LOAD ./Core/Src/tim.o
LOAD ./Core/Src/usart.o
LOAD ./Core/Startup/startup_stm32f411ceux.o
LOAD ./Drivers/STM32F4xx_HAL_Driver/Src/stm32f4xx_hal.o
LOAD ./Drivers/STM32F4xx_HAL_Driver/Src/stm32f4xx_hal_cortex.o
LOAD ./Drivers/STM32F4xx_HAL_Driver/Src/stm32f4xx_hal_dma.o
LOAD ./Drivers/STM32F4xx_HAL_Driver/Src/stm32f4xx_hal_dma_ex.o
LOAD ./Drivers/STM32F4xx_HAL_Driver/Src/stm32f4xx_hal_exti.o
LOAD ./Drivers/STM32F4xx_HAL_Driver/Src/stm32f4xx_hal_flash.o
LOAD ./Drivers/STM32F4xx_HAL_Driver/Src/stm32f4xx_hal_flash_ex.o
LOAD ./Drivers/STM32F4xx_HAL_Driver/Src/stm32f4xx_hal_flash_ramfunc.o
LOAD ./Drivers/STM32F4xx_HAL_Driver/Src/stm32f4xx_hal_gpio.o
LOAD ./Drivers/STM32F4xx_HAL_Driver/Src/stm32f4xx_hal_pcd.o
LOAD ./Drivers/STM32F4xx_HAL_Driver/Src/stm32f4xx_hal_pcd_ex.o
LOAD ./Drivers/STM32F4xx_HAL_Driver/Src/stm32f4xx_hal_pwr.o
LOAD ./Drivers/STM32F4xx_HAL_Driver/Src/stm32f4xx_hal_pwr_ex.o
LOAD ./Drivers/STM32F4xx_HAL_Driver/Src/stm32f4xx_hal_rcc.o
LOAD ./Drivers/STM32F4xx_HAL_Driver/Src/stm32f4xx_hal_rcc_ex.o
LOAD ./Drivers/STM32F4xx_HAL_Driver/Src/stm32f4xx_hal_spi.o
LOAD ./Drivers/STM32F4xx_HAL_Driver/Src/stm32f4xx_hal_tim.o
LOAD ./Drivers/STM32F4xx_HAL_Driver/Src/stm32f4xx_hal_tim_ex.o
LOAD ./Drivers/STM32F4xx_HAL_Driver/Src/stm32f4xx_hal_uart.o
LOAD ./Drivers/STM32F4xx_HAL_Driver/Src/stm32f4xx_ll_usb.o
LOAD ./Middlewares/ST/STM32_USB_Device_Library/Class/CDC/Src/usbd_cdc.o
LOAD ./Middlewares/ST/STM32_USB_Device_Library/Core/Src/usbd_core.o
LOAD ./Middlewares/ST/STM32_USB_Device_Library/Core/Src/usbd_ctlreq.o
LOAD ./Middlewares/ST/STM32_USB_Device_Library/Core/Src/usbd_ioreq.o
LOAD ./USB_DEVICE/App/usb_device.o
LOAD ./USB_DEVICE/App/usbd_cdc_if.o
LOAD ./USB_DEVICE/App/usbd_desc.o
LOAD ./USB_DEVICE/Target/usbd_conf.o
LOAD ./User/Config/DEV_Config.o
LOAD ./User/Encoder/ec11.o
LOAD ./User/FATFS/diskio.o
LOAD ./User/FATFS/fatfs_storage.o
LOAD ./User/FATFS/ff.o
LOAD ./User/FATFS/option/syscall.o
LOAD ./User/FATFS/option/unicode.o
LOAD ./User/Fonts/font12.o
LOAD ./User/Fonts/font16.o
LOAD ./User/Fonts/font20.o
LOAD ./User/Fonts/font24.o
LOAD ./User/Fonts/font8.o
LOAD ./User/LCD/LCD_Bmp.o
LOAD ./User/LCD/LCD_Driver.o
LOAD ./User/LCD/LCD_GUI.o
LOAD ./User/LCD/LCD_Touch.o
LOAD ./User/SDCard/MMC_SD.o
START GROUP
LOAD C:/ST/STM32CubeIDE_1.19.0/STM32CubeIDE/plugins/com.st.stm32cube.ide.mcu.externaltools.gnu-tools-for-stm32.13.3.rel1.win32_1.0.0.202411081344/tools/bin/../lib/gcc/arm-none-eabi/13.3.1/../../../../arm-none-eabi/lib/thumb/v7e-m+fp/hard\libc_nano.a
LOAD C:/ST/STM32CubeIDE_1.19.0/STM32CubeIDE/plugins/com.st.stm32cube.ide.mcu.externaltools.gnu-tools-for-stm32.13.3.rel1.win32_1.0.0.202411081344/tools/bin/../lib/gcc/arm-none-eabi/13.3.1/../../../../arm-none-eabi/lib/thumb/v7e-m+fp/hard\libm.a
END GROUP
START GROUP
LOAD C:/ST/STM32CubeIDE_1.19.0/STM32CubeIDE/plugins/com.st.stm32cube.ide.mcu.externaltools.gnu-tools-for-stm32.13.3.rel1.win32_1.0.0.202411081344/tools/bin/../lib/gcc/arm-none-eabi/13.3.1/thumb/v7e-m+fp/hard\libgcc.a
LOAD C:/ST/STM32CubeIDE_1.19.0/STM32CubeIDE/plugins/com.st.stm32cube.ide.mcu.externaltools.gnu-tools-for-stm32.13.3.rel1.win32_1.0.0.202411081344/tools/bin/../lib/gcc/arm-none-eabi/13.3.1/../../../../arm-none-eabi/lib/thumb/v7e-m+fp/hard\libc_nano.a
END GROUP
START GROUP
LOAD C:/ST/STM32CubeIDE_1.19.0/STM32CubeIDE/plugins/com.st.stm32cube.ide.mcu.externaltools.gnu-tools-for-stm32.13.3.rel1.win32_1.0.0.202411081344/tools/bin/../lib/gcc/arm-none-eabi/13.3.1/thumb/v7e-m+fp/hard\libgcc.a
LOAD C:/ST/STM32CubeIDE_1.19.0/STM32CubeIDE/plugins/com.st.stm32cube.ide.mcu.externaltools.gnu-tools-for-stm32.13.3.rel1.win32_1.0.0.202411081344/tools/bin/../lib/gcc/arm-none-eabi/13.3.1/../../../../arm-none-eabi/lib/thumb/v7e-m+fp/hard\libc_nano.a
LOAD C:/ST/STM32CubeIDE_1.19.0/STM32CubeIDE/plugins/com.st.stm32cube.ide.mcu.externaltools.gnu-tools-for-stm32.13.3.rel1.win32_1.0.0.202411081344/tools/bin/../lib/gcc/arm-none-eabi/13.3.1/../../../../arm-none-eabi/lib/thumb/v7e-m+fp/hard\libnosys.a
END GROUP
START GROUP
LOAD C:/ST/STM32CubeIDE_1.19.0/STM32CubeIDE/plugins/com.st.stm32cube.ide.mcu.externaltools.gnu-tools-for-stm32.13.3.rel1.win32_1.0.0.202411081344/tools/bin/../lib/gcc/arm-none-eabi/13.3.1/thumb/v7e-m+fp/hard\libgcc.a
LOAD C:/ST/STM32CubeIDE_1.19.0/STM32CubeIDE/plugins/com.st.stm32cube.ide.mcu.externaltools.gnu-tools-for-stm32.13.3.rel1.win32_1.0.0.202411081344/tools/bin/../lib/gcc/arm-none-eabi/13.3.1/../../../../arm-none-eabi/lib/thumb/v7e-m+fp/hard\libc_nano.a
LOAD C:/ST/STM32CubeIDE_1.19.0/STM32CubeIDE/plugins/com.st.stm32cube.ide.mcu.externaltools.gnu-tools-for-stm32.13.3.rel1.win32_1.0.0.202411081344/tools/bin/../lib/gcc/arm-none-eabi/13.3.1/../../../../arm-none-eabi/lib/thumb/v7e-m+fp/hard\libnosys.a
END GROUP
LOAD C:/ST/STM32CubeIDE_1.19.0/STM32CubeIDE/plugins/com.st.stm32cube.ide.mcu.externaltools.gnu-tools-for-stm32.13.3.rel1.win32_1.0.0.202411081344/tools/bin/../lib/gcc/arm-none-eabi/13.3.1/thumb/v7e-m+fp/hard/crtend.o
LOAD C:/ST/STM32CubeIDE_1.19.0/STM32CubeIDE/plugins/com.st.stm32cube.ide.mcu.externaltools.gnu-tools-for-stm32.13.3.rel1.win32_1.0.0.202411081344/tools/bin/../lib/gcc/arm-none-eabi/13.3.1/thumb/v7e-m+fp/hard/crtn.o
                0x20020000                        _estack = (ORIGIN (RAM) + LENGTH (RAM))
                0x00000200                        _Min_Heap_Size = 0x200
                0x00000400                        _Min_Stack_Size = 0x400

.isr_vector     0x08000000      0x198
                0x08000000                        . = ALIGN (0x4)
 *(.isr_vector)
 .isr_vector    0x08000000      0x198 ./Core/Startup/startup_stm32f411ceux.o
                0x08000000                g_pfnVectors
                0x08000198                        . = ALIGN (0x4)

.text           0x080001a0     0xbe3c
                0x080001a0                        . = ALIGN (0x4)
 *(.text)
 .text          0x080001a0       0x40 C:/ST/STM32CubeIDE_1.19.0/STM32CubeIDE/plugins/com.st.stm32cube.ide.mcu.externaltools.gnu-tools-for-stm32.13.3.rel1.win32_1.0.0.202411081344/tools/bin/../lib/gcc/arm-none-eabi/13.3.1/thumb/v7e-m+fp/hard/crtbegin.o
 .text          0x080001e0       0x10 C:/ST/STM32CubeIDE_1.19.0/STM32CubeIDE/plugins/com.st.stm32cube.ide.mcu.externaltools.gnu-tools-for-stm32.13.3.rel1.win32_1.0.0.202411081344/tools/bin/../lib/gcc/arm-none-eabi/13.3.1/../../../../arm-none-eabi/lib/thumb/v7e-m+fp/hard\libc_nano.a(libc_a-strlen.o)
                0x080001e0                strlen
 .text          0x080001f0       0xa0 C:/ST/STM32CubeIDE_1.19.0/STM32CubeIDE/plugins/com.st.stm32cube.ide.mcu.externaltools.gnu-tools-for-stm32.13.3.rel1.win32_1.0.0.202411081344/tools/bin/../lib/gcc/arm-none-eabi/13.3.1/../../../../arm-none-eabi/lib/thumb/v7e-m+fp/hard\libc_nano.a(libc_a-memchr.o)
                0x080001f0                memchr
 .text          0x08000290       0x30 C:/ST/STM32CubeIDE_1.19.0/STM32CubeIDE/plugins/com.st.stm32cube.ide.mcu.externaltools.gnu-tools-for-stm32.13.3.rel1.win32_1.0.0.202411081344/tools/bin/../lib/gcc/arm-none-eabi/13.3.1/thumb/v7e-m+fp/hard\libgcc.a(_aeabi_uldivmod.o)
                0x08000290                __aeabi_uldivmod
 .text          0x080002c0      0x2f8 C:/ST/STM32CubeIDE_1.19.0/STM32CubeIDE/plugins/com.st.stm32cube.ide.mcu.externaltools.gnu-tools-for-stm32.13.3.rel1.win32_1.0.0.202411081344/tools/bin/../lib/gcc/arm-none-eabi/13.3.1/thumb/v7e-m+fp/hard\libgcc.a(_udivmoddi4.o)
                0x080002c0                __udivmoddi4
 .text          0x080005b8        0x4 C:/ST/STM32CubeIDE_1.19.0/STM32CubeIDE/plugins/com.st.stm32cube.ide.mcu.externaltools.gnu-tools-for-stm32.13.3.rel1.win32_1.0.0.202411081344/tools/bin/../lib/gcc/arm-none-eabi/13.3.1/thumb/v7e-m+fp/hard\libgcc.a(_dvmd_tls.o)
                0x080005b8                __aeabi_idiv0
                0x080005b8                __aeabi_ldiv0
 *(.text*)
 .text.MX_GPIO_Init
                0x080005bc       0xe8 ./Core/Src/gpio.o
                0x080005bc                MX_GPIO_Init
 .text.USB_Send_Message
                0x080006a4       0x26 ./Core/Src/main.o
                0x080006a4                USB_Send_Message
 *fill*         0x080006ca        0x2 
 .text.main     0x080006cc       0xe0 ./Core/Src/main.o
                0x080006cc                main
 .text.SystemClock_Config
                0x080007ac      0x108 ./Core/Src/main.o
                0x080007ac                SystemClock_Config
 .text._Error_Handler
                0x080008b4       0x12 ./Core/Src/main.o
                0x080008b4                _Error_Handler
 *fill*         0x080008c6        0x2 
 .text.MX_SPI1_Init
                0x080008c8       0x74 ./Core/Src/spi.o
                0x080008c8                MX_SPI1_Init
 .text.HAL_SPI_MspInit
                0x0800093c       0x90 ./Core/Src/spi.o
                0x0800093c                HAL_SPI_MspInit
 .text.HAL_MspInit
                0x080009cc       0x50 ./Core/Src/stm32f4xx_hal_msp.o
                0x080009cc                HAL_MspInit
 .text.NMI_Handler
                0x08000a1c        0x8 ./Core/Src/stm32f4xx_it.o
                0x08000a1c                NMI_Handler
 .text.HardFault_Handler
                0x08000a24        0x8 ./Core/Src/stm32f4xx_it.o
                0x08000a24                HardFault_Handler
 .text.MemManage_Handler
                0x08000a2c        0x8 ./Core/Src/stm32f4xx_it.o
                0x08000a2c                MemManage_Handler
 .text.BusFault_Handler
                0x08000a34        0x8 ./Core/Src/stm32f4xx_it.o
                0x08000a34                BusFault_Handler
 .text.UsageFault_Handler
                0x08000a3c        0x8 ./Core/Src/stm32f4xx_it.o
                0x08000a3c                UsageFault_Handler
 .text.SVC_Handler
                0x08000a44        0xe ./Core/Src/stm32f4xx_it.o
                0x08000a44                SVC_Handler
 .text.DebugMon_Handler
                0x08000a52        0xe ./Core/Src/stm32f4xx_it.o
                0x08000a52                DebugMon_Handler
 .text.PendSV_Handler
                0x08000a60        0xe ./Core/Src/stm32f4xx_it.o
                0x08000a60                PendSV_Handler
 .text.SysTick_Handler
                0x08000a6e        0xc ./Core/Src/stm32f4xx_it.o
                0x08000a6e                SysTick_Handler
 *fill*         0x08000a7a        0x2 
 .text.OTG_FS_IRQHandler
                0x08000a7c       0x14 ./Core/Src/stm32f4xx_it.o
                0x08000a7c                OTG_FS_IRQHandler
 .text._read    0x08000a90       0x3a ./Core/Src/syscalls.o
                0x08000a90                _read
 .text._write   0x08000aca       0x38 ./Core/Src/syscalls.o
                0x08000aca                _write
 .text._close   0x08000b02       0x18 ./Core/Src/syscalls.o
                0x08000b02                _close
 .text._fstat   0x08000b1a       0x20 ./Core/Src/syscalls.o
                0x08000b1a                _fstat
 .text._isatty  0x08000b3a       0x16 ./Core/Src/syscalls.o
                0x08000b3a                _isatty
 .text._lseek   0x08000b50       0x1a ./Core/Src/syscalls.o
                0x08000b50                _lseek
 *fill*         0x08000b6a        0x2 
 .text._sbrk    0x08000b6c       0x6c ./Core/Src/sysmem.o
                0x08000b6c                _sbrk
 .text.SystemInit
                0x08000bd8       0x24 ./Core/Src/system_stm32f4xx.o
                0x08000bd8                SystemInit
 .text.MX_TIM3_Init
                0x08000bfc       0xc4 ./Core/Src/tim.o
                0x08000bfc                MX_TIM3_Init
 .text.HAL_TIM_PWM_MspInit
                0x08000cc0       0x44 ./Core/Src/tim.o
                0x08000cc0                HAL_TIM_PWM_MspInit
 .text.HAL_TIM_MspPostInit
                0x08000d04       0x74 ./Core/Src/tim.o
                0x08000d04                HAL_TIM_MspPostInit
 .text.MX_USART2_UART_Init
                0x08000d78       0x5c ./Core/Src/usart.o
                0x08000d78                MX_USART2_UART_Init
 .text.HAL_UART_MspInit
                0x08000dd4       0x90 ./Core/Src/usart.o
                0x08000dd4                HAL_UART_MspInit
 .text.Reset_Handler
                0x08000e64       0x50 ./Core/Startup/startup_stm32f411ceux.o
                0x08000e64                Reset_Handler
 .text.Default_Handler
                0x08000eb4        0x2 ./Core/Startup/startup_stm32f411ceux.o
                0x08000eb4                RTC_Alarm_IRQHandler
                0x08000eb4                EXTI2_IRQHandler
                0x08000eb4                SPI4_IRQHandler
                0x08000eb4                TIM1_CC_IRQHandler
                0x08000eb4                DMA2_Stream5_IRQHandler
                0x08000eb4                DMA1_Stream5_IRQHandler
                0x08000eb4                PVD_IRQHandler
                0x08000eb4                SDIO_IRQHandler
                0x08000eb4                TAMP_STAMP_IRQHandler
                0x08000eb4                EXTI3_IRQHandler
                0x08000eb4                TIM1_UP_TIM10_IRQHandler
                0x08000eb4                I2C3_ER_IRQHandler
                0x08000eb4                EXTI0_IRQHandler
                0x08000eb4                I2C2_EV_IRQHandler
                0x08000eb4                DMA1_Stream2_IRQHandler
                0x08000eb4                FPU_IRQHandler
                0x08000eb4                DMA2_Stream2_IRQHandler
                0x08000eb4                SPI1_IRQHandler
                0x08000eb4                TIM1_BRK_TIM9_IRQHandler
                0x08000eb4                DMA2_Stream3_IRQHandler
                0x08000eb4                USART6_IRQHandler
                0x08000eb4                DMA2_Stream0_IRQHandler
                0x08000eb4                TIM4_IRQHandler
                0x08000eb4                I2C1_EV_IRQHandler
                0x08000eb4                DMA1_Stream6_IRQHandler
                0x08000eb4                DMA1_Stream1_IRQHandler
                0x08000eb4                TIM3_IRQHandler
                0x08000eb4                RCC_IRQHandler
                0x08000eb4                Default_Handler
                0x08000eb4                EXTI15_10_IRQHandler
                0x08000eb4                ADC_IRQHandler
                0x08000eb4                DMA1_Stream7_IRQHandler
                0x08000eb4                SPI5_IRQHandler
                0x08000eb4                TIM5_IRQHandler
                0x08000eb4                DMA2_Stream7_IRQHandler
                0x08000eb4                I2C3_EV_IRQHandler
                0x08000eb4                EXTI9_5_IRQHandler
                0x08000eb4                RTC_WKUP_IRQHandler
                0x08000eb4                SPI2_IRQHandler
                0x08000eb4                DMA1_Stream0_IRQHandler
                0x08000eb4                EXTI4_IRQHandler
                0x08000eb4                WWDG_IRQHandler
                0x08000eb4                TIM2_IRQHandler
                0x08000eb4                OTG_FS_WKUP_IRQHandler
                0x08000eb4                TIM1_TRG_COM_TIM11_IRQHandler
                0x08000eb4                EXTI1_IRQHandler
                0x08000eb4                USART2_IRQHandler
                0x08000eb4                I2C2_ER_IRQHandler
                0x08000eb4                DMA2_Stream1_IRQHandler
                0x08000eb4                FLASH_IRQHandler
                0x08000eb4                DMA2_Stream4_IRQHandler
                0x08000eb4                USART1_IRQHandler
                0x08000eb4                SPI3_IRQHandler
                0x08000eb4                DMA1_Stream4_IRQHandler
                0x08000eb4                I2C1_ER_IRQHandler
                0x08000eb4                DMA2_Stream6_IRQHandler
                0x08000eb4                DMA1_Stream3_IRQHandler
 *fill*         0x08000eb6        0x2 
 .text.HAL_Init
                0x08000eb8       0x44 ./Drivers/STM32F4xx_HAL_Driver/Src/stm32f4xx_hal.o
                0x08000eb8                HAL_Init
 .text.HAL_InitTick
                0x08000efc       0x60 ./Drivers/STM32F4xx_HAL_Driver/Src/stm32f4xx_hal.o
                0x08000efc                HAL_InitTick
 .text.HAL_IncTick
                0x08000f5c       0x28 ./Drivers/STM32F4xx_HAL_Driver/Src/stm32f4xx_hal.o
                0x08000f5c                HAL_IncTick
 .text.HAL_GetTick
                0x08000f84       0x18 ./Drivers/STM32F4xx_HAL_Driver/Src/stm32f4xx_hal.o
                0x08000f84                HAL_GetTick
 .text.HAL_Delay
                0x08000f9c       0x48 ./Drivers/STM32F4xx_HAL_Driver/Src/stm32f4xx_hal.o
                0x08000f9c                HAL_Delay
 .text.__NVIC_SetPriorityGrouping
                0x08000fe4       0x48 ./Drivers/STM32F4xx_HAL_Driver/Src/stm32f4xx_hal_cortex.o
 .text.__NVIC_GetPriorityGrouping
                0x0800102c       0x1c ./Drivers/STM32F4xx_HAL_Driver/Src/stm32f4xx_hal_cortex.o
 .text.__NVIC_EnableIRQ
                0x08001048       0x3c ./Drivers/STM32F4xx_HAL_Driver/Src/stm32f4xx_hal_cortex.o
 .text.__NVIC_SetPriority
                0x08001084       0x54 ./Drivers/STM32F4xx_HAL_Driver/Src/stm32f4xx_hal_cortex.o
 .text.NVIC_EncodePriority
                0x080010d8       0x66 ./Drivers/STM32F4xx_HAL_Driver/Src/stm32f4xx_hal_cortex.o
 *fill*         0x0800113e        0x2 
 .text.SysTick_Config
                0x08001140       0x44 ./Drivers/STM32F4xx_HAL_Driver/Src/stm32f4xx_hal_cortex.o
 .text.HAL_NVIC_SetPriorityGrouping
                0x08001184       0x16 ./Drivers/STM32F4xx_HAL_Driver/Src/stm32f4xx_hal_cortex.o
                0x08001184                HAL_NVIC_SetPriorityGrouping
 .text.HAL_NVIC_SetPriority
                0x0800119a       0x38 ./Drivers/STM32F4xx_HAL_Driver/Src/stm32f4xx_hal_cortex.o
                0x0800119a                HAL_NVIC_SetPriority
 .text.HAL_NVIC_EnableIRQ
                0x080011d2       0x1c ./Drivers/STM32F4xx_HAL_Driver/Src/stm32f4xx_hal_cortex.o
                0x080011d2                HAL_NVIC_EnableIRQ
 .text.HAL_SYSTICK_Config
                0x080011ee       0x18 ./Drivers/STM32F4xx_HAL_Driver/Src/stm32f4xx_hal_cortex.o
                0x080011ee                HAL_SYSTICK_Config
 *fill*         0x08001206        0x2 
 .text.HAL_SYSTICK_CLKSourceConfig
                0x08001208       0x38 ./Drivers/STM32F4xx_HAL_Driver/Src/stm32f4xx_hal_cortex.o
                0x08001208                HAL_SYSTICK_CLKSourceConfig
 .text.HAL_GPIO_Init
                0x08001240      0x308 ./Drivers/STM32F4xx_HAL_Driver/Src/stm32f4xx_hal_gpio.o
                0x08001240                HAL_GPIO_Init
 .text.HAL_GPIO_ReadPin
                0x08001548       0x30 ./Drivers/STM32F4xx_HAL_Driver/Src/stm32f4xx_hal_gpio.o
                0x08001548                HAL_GPIO_ReadPin
 .text.HAL_GPIO_WritePin
                0x08001578       0x32 ./Drivers/STM32F4xx_HAL_Driver/Src/stm32f4xx_hal_gpio.o
                0x08001578                HAL_GPIO_WritePin
 .text.HAL_PCD_Init
                0x080015aa      0x21e ./Drivers/STM32F4xx_HAL_Driver/Src/stm32f4xx_hal_pcd.o
                0x080015aa                HAL_PCD_Init
 .text.HAL_PCD_Start
                0x080017c8       0x6a ./Drivers/STM32F4xx_HAL_Driver/Src/stm32f4xx_hal_pcd.o
                0x080017c8                HAL_PCD_Start
 .text.HAL_PCD_IRQHandler
                0x08001832      0x942 ./Drivers/STM32F4xx_HAL_Driver/Src/stm32f4xx_hal_pcd.o
                0x08001832                HAL_PCD_IRQHandler
 .text.HAL_PCD_SetAddress
                0x08002174       0x48 ./Drivers/STM32F4xx_HAL_Driver/Src/stm32f4xx_hal_pcd.o
                0x08002174                HAL_PCD_SetAddress
 .text.HAL_PCD_EP_Open
                0x080021bc       0xd4 ./Drivers/STM32F4xx_HAL_Driver/Src/stm32f4xx_hal_pcd.o
                0x080021bc                HAL_PCD_EP_Open
 .text.HAL_PCD_EP_Close
                0x08002290       0x94 ./Drivers/STM32F4xx_HAL_Driver/Src/stm32f4xx_hal_pcd.o
                0x08002290                HAL_PCD_EP_Close
 .text.HAL_PCD_EP_Receive
                0x08002324       0x76 ./Drivers/STM32F4xx_HAL_Driver/Src/stm32f4xx_hal_pcd.o
                0x08002324                HAL_PCD_EP_Receive
 .text.HAL_PCD_EP_GetRxCount
                0x0800239a       0x30 ./Drivers/STM32F4xx_HAL_Driver/Src/stm32f4xx_hal_pcd.o
                0x0800239a                HAL_PCD_EP_GetRxCount
 .text.HAL_PCD_EP_Transmit
                0x080023ca       0x74 ./Drivers/STM32F4xx_HAL_Driver/Src/stm32f4xx_hal_pcd.o
                0x080023ca                HAL_PCD_EP_Transmit
 .text.HAL_PCD_EP_SetStall
                0x0800243e       0xc6 ./Drivers/STM32F4xx_HAL_Driver/Src/stm32f4xx_hal_pcd.o
                0x0800243e                HAL_PCD_EP_SetStall
 .text.HAL_PCD_EP_ClrStall
                0x08002504       0xac ./Drivers/STM32F4xx_HAL_Driver/Src/stm32f4xx_hal_pcd.o
                0x08002504                HAL_PCD_EP_ClrStall
 .text.HAL_PCD_EP_Abort
                0x080025b0       0x62 ./Drivers/STM32F4xx_HAL_Driver/Src/stm32f4xx_hal_pcd.o
                0x080025b0                HAL_PCD_EP_Abort
 .text.PCD_WriteEmptyTxFifo
                0x08002612      0x118 ./Drivers/STM32F4xx_HAL_Driver/Src/stm32f4xx_hal_pcd.o
 *fill*         0x0800272a        0x2 
 .text.PCD_EP_OutXfrComplete_int
                0x0800272c      0x1d0 ./Drivers/STM32F4xx_HAL_Driver/Src/stm32f4xx_hal_pcd.o
 .text.PCD_EP_OutSetupPacket_int
                0x080028fc       0x8c ./Drivers/STM32F4xx_HAL_Driver/Src/stm32f4xx_hal_pcd.o
 .text.HAL_PCDEx_SetTxFiFo
                0x08002988       0x8e ./Drivers/STM32F4xx_HAL_Driver/Src/stm32f4xx_hal_pcd_ex.o
                0x08002988                HAL_PCDEx_SetTxFiFo
 .text.HAL_PCDEx_SetRxFiFo
                0x08002a16       0x22 ./Drivers/STM32F4xx_HAL_Driver/Src/stm32f4xx_hal_pcd_ex.o
                0x08002a16                HAL_PCDEx_SetRxFiFo
 .text.HAL_PCDEx_LPM_Callback
                0x08002a38       0x18 ./Drivers/STM32F4xx_HAL_Driver/Src/stm32f4xx_hal_pcd_ex.o
                0x08002a38                HAL_PCDEx_LPM_Callback
 .text.HAL_RCC_OscConfig
                0x08002a50      0x4f0 ./Drivers/STM32F4xx_HAL_Driver/Src/stm32f4xx_hal_rcc.o
                0x08002a50                HAL_RCC_OscConfig
 .text.HAL_RCC_ClockConfig
                0x08002f40      0x1cc ./Drivers/STM32F4xx_HAL_Driver/Src/stm32f4xx_hal_rcc.o
                0x08002f40                HAL_RCC_ClockConfig
 .text.HAL_RCC_GetSysClockFreq
                0x0800310c      0x18c ./Drivers/STM32F4xx_HAL_Driver/Src/stm32f4xx_hal_rcc.o
                0x0800310c                HAL_RCC_GetSysClockFreq
 .text.HAL_RCC_GetHCLKFreq
                0x08003298       0x18 ./Drivers/STM32F4xx_HAL_Driver/Src/stm32f4xx_hal_rcc.o
                0x08003298                HAL_RCC_GetHCLKFreq
 .text.HAL_RCC_GetPCLK1Freq
                0x080032b0       0x28 ./Drivers/STM32F4xx_HAL_Driver/Src/stm32f4xx_hal_rcc.o
                0x080032b0                HAL_RCC_GetPCLK1Freq
 .text.HAL_RCC_GetPCLK2Freq
                0x080032d8       0x28 ./Drivers/STM32F4xx_HAL_Driver/Src/stm32f4xx_hal_rcc.o
                0x080032d8                HAL_RCC_GetPCLK2Freq
 .text.HAL_SPI_Init
                0x08003300      0x112 ./Drivers/STM32F4xx_HAL_Driver/Src/stm32f4xx_hal_spi.o
                0x08003300                HAL_SPI_Init
 .text.HAL_TIM_PWM_Init
                0x08003412       0x9e ./Drivers/STM32F4xx_HAL_Driver/Src/stm32f4xx_hal_tim.o
                0x08003412                HAL_TIM_PWM_Init
 .text.HAL_TIM_PWM_Start
                0x080034b0      0x160 ./Drivers/STM32F4xx_HAL_Driver/Src/stm32f4xx_hal_tim.o
                0x080034b0                HAL_TIM_PWM_Start
 .text.HAL_TIM_PWM_ConfigChannel
                0x08003610      0x184 ./Drivers/STM32F4xx_HAL_Driver/Src/stm32f4xx_hal_tim.o
                0x08003610                HAL_TIM_PWM_ConfigChannel
 .text.TIM_Base_SetConfig
                0x08003794      0x10c ./Drivers/STM32F4xx_HAL_Driver/Src/stm32f4xx_hal_tim.o
                0x08003794                TIM_Base_SetConfig
 .text.TIM_OC1_SetConfig
                0x080038a0       0xcc ./Drivers/STM32F4xx_HAL_Driver/Src/stm32f4xx_hal_tim.o
 .text.TIM_OC2_SetConfig
                0x0800396c       0xd8 ./Drivers/STM32F4xx_HAL_Driver/Src/stm32f4xx_hal_tim.o
                0x0800396c                TIM_OC2_SetConfig
 .text.TIM_OC3_SetConfig
                0x08003a44       0xd4 ./Drivers/STM32F4xx_HAL_Driver/Src/stm32f4xx_hal_tim.o
 .text.TIM_OC4_SetConfig
                0x08003b18       0xa0 ./Drivers/STM32F4xx_HAL_Driver/Src/stm32f4xx_hal_tim.o
 .text.TIM_CCxChannelCmd
                0x08003bb8       0x4a ./Drivers/STM32F4xx_HAL_Driver/Src/stm32f4xx_hal_tim.o
                0x08003bb8                TIM_CCxChannelCmd
 *fill*         0x08003c02        0x2 
 .text.HAL_TIMEx_MasterConfigSynchronization
                0x08003c04       0xdc ./Drivers/STM32F4xx_HAL_Driver/Src/stm32f4xx_hal_tim_ex.o
                0x08003c04                HAL_TIMEx_MasterConfigSynchronization
 .text.HAL_UART_Init
                0x08003ce0       0xa0 ./Drivers/STM32F4xx_HAL_Driver/Src/stm32f4xx_hal_uart.o
                0x08003ce0                HAL_UART_Init
 .text.UART_SetConfig
                0x08003d80      0x4e8 ./Drivers/STM32F4xx_HAL_Driver/Src/stm32f4xx_hal_uart.o
 .text.USB_CoreInit
                0x08004268       0xc8 ./Drivers/STM32F4xx_HAL_Driver/Src/stm32f4xx_ll_usb.o
                0x08004268                USB_CoreInit
 .text.USB_SetTurnaroundTime
                0x08004330      0x144 ./Drivers/STM32F4xx_HAL_Driver/Src/stm32f4xx_ll_usb.o
                0x08004330                USB_SetTurnaroundTime
 .text.USB_EnableGlobalInt
                0x08004474       0x22 ./Drivers/STM32F4xx_HAL_Driver/Src/stm32f4xx_ll_usb.o
                0x08004474                USB_EnableGlobalInt
 .text.USB_DisableGlobalInt
                0x08004496       0x22 ./Drivers/STM32F4xx_HAL_Driver/Src/stm32f4xx_ll_usb.o
                0x08004496                USB_DisableGlobalInt
 .text.USB_SetCurrentMode
                0x080044b8       0x98 ./Drivers/STM32F4xx_HAL_Driver/Src/stm32f4xx_ll_usb.o
                0x080044b8                USB_SetCurrentMode
 .text.USB_DevInit
                0x08004550      0x2c8 ./Drivers/STM32F4xx_HAL_Driver/Src/stm32f4xx_ll_usb.o
                0x08004550                USB_DevInit
 .text.USB_FlushTxFifo
                0x08004818       0x64 ./Drivers/STM32F4xx_HAL_Driver/Src/stm32f4xx_ll_usb.o
                0x08004818                USB_FlushTxFifo
 .text.USB_FlushRxFifo
                0x0800487c       0x5c ./Drivers/STM32F4xx_HAL_Driver/Src/stm32f4xx_ll_usb.o
                0x0800487c                USB_FlushRxFifo
 .text.USB_SetDevSpeed
                0x080048d8       0x32 ./Drivers/STM32F4xx_HAL_Driver/Src/stm32f4xx_ll_usb.o
                0x080048d8                USB_SetDevSpeed
 .text.USB_GetDevSpeed
                0x0800490a       0x4a ./Drivers/STM32F4xx_HAL_Driver/Src/stm32f4xx_ll_usb.o
                0x0800490a                USB_GetDevSpeed
 .text.USB_ActivateEndpoint
                0x08004954      0x10e ./Drivers/STM32F4xx_HAL_Driver/Src/stm32f4xx_ll_usb.o
                0x08004954                USB_ActivateEndpoint
 *fill*         0x08004a62        0x2 
 .text.USB_DeactivateEndpoint
                0x08004a64      0x1b8 ./Drivers/STM32F4xx_HAL_Driver/Src/stm32f4xx_ll_usb.o
                0x08004a64                USB_DeactivateEndpoint
 .text.USB_EPStartXfer
                0x08004c1c      0x53c ./Drivers/STM32F4xx_HAL_Driver/Src/stm32f4xx_ll_usb.o
                0x08004c1c                USB_EPStartXfer
 .text.USB_EPStopXfer
                0x08005158      0x154 ./Drivers/STM32F4xx_HAL_Driver/Src/stm32f4xx_ll_usb.o
                0x08005158                USB_EPStopXfer
 .text.USB_WritePacket
                0x080052ac       0x7c ./Drivers/STM32F4xx_HAL_Driver/Src/stm32f4xx_ll_usb.o
                0x080052ac                USB_WritePacket
 .text.USB_ReadPacket
                0x08005328       0xb0 ./Drivers/STM32F4xx_HAL_Driver/Src/stm32f4xx_ll_usb.o
                0x08005328                USB_ReadPacket
 .text.USB_EPSetStall
                0x080053d8       0xdc ./Drivers/STM32F4xx_HAL_Driver/Src/stm32f4xx_ll_usb.o
                0x080053d8                USB_EPSetStall
 .text.USB_EPClearStall
                0x080054b4       0xcc ./Drivers/STM32F4xx_HAL_Driver/Src/stm32f4xx_ll_usb.o
                0x080054b4                USB_EPClearStall
 .text.USB_SetDevAddress
                0x08005580       0x4c ./Drivers/STM32F4xx_HAL_Driver/Src/stm32f4xx_ll_usb.o
                0x08005580                USB_SetDevAddress
 .text.USB_DevConnect
                0x080055cc       0x42 ./Drivers/STM32F4xx_HAL_Driver/Src/stm32f4xx_ll_usb.o
                0x080055cc                USB_DevConnect
 .text.USB_DevDisconnect
                0x0800560e       0x42 ./Drivers/STM32F4xx_HAL_Driver/Src/stm32f4xx_ll_usb.o
                0x0800560e                USB_DevDisconnect
 .text.USB_ReadInterrupts
                0x08005650       0x26 ./Drivers/STM32F4xx_HAL_Driver/Src/stm32f4xx_ll_usb.o
                0x08005650                USB_ReadInterrupts
 .text.USB_ReadDevAllOutEpInterrupt
                0x08005676       0x34 ./Drivers/STM32F4xx_HAL_Driver/Src/stm32f4xx_ll_usb.o
                0x08005676                USB_ReadDevAllOutEpInterrupt
 .text.USB_ReadDevAllInEpInterrupt
                0x080056aa       0x34 ./Drivers/STM32F4xx_HAL_Driver/Src/stm32f4xx_ll_usb.o
                0x080056aa                USB_ReadDevAllInEpInterrupt
 .text.USB_ReadDevOutEPInterrupt
                0x080056de       0x3c ./Drivers/STM32F4xx_HAL_Driver/Src/stm32f4xx_ll_usb.o
                0x080056de                USB_ReadDevOutEPInterrupt
 .text.USB_ReadDevInEPInterrupt
                0x0800571a       0x5c ./Drivers/STM32F4xx_HAL_Driver/Src/stm32f4xx_ll_usb.o
                0x0800571a                USB_ReadDevInEPInterrupt
 .text.USB_GetMode
                0x08005776       0x1c ./Drivers/STM32F4xx_HAL_Driver/Src/stm32f4xx_ll_usb.o
                0x08005776                USB_GetMode
 .text.USB_ActivateSetup
                0x08005792       0x46 ./Drivers/STM32F4xx_HAL_Driver/Src/stm32f4xx_ll_usb.o
                0x08005792                USB_ActivateSetup
 .text.USB_EP0_OutStart
                0x080057d8       0xbc ./Drivers/STM32F4xx_HAL_Driver/Src/stm32f4xx_ll_usb.o
                0x080057d8                USB_EP0_OutStart
 .text.USB_CoreReset
                0x08005894       0x70 ./Drivers/STM32F4xx_HAL_Driver/Src/stm32f4xx_ll_usb.o
 .text.USBD_CDC_Init
                0x08005904      0x1f0 ./Middlewares/ST/STM32_USB_Device_Library/Class/CDC/Src/usbd_cdc.o
 .text.USBD_CDC_DeInit
                0x08005af4      0x104 ./Middlewares/ST/STM32_USB_Device_Library/Class/CDC/Src/usbd_cdc.o
 .text.USBD_CDC_Setup
                0x08005bf8      0x1b8 ./Middlewares/ST/STM32_USB_Device_Library/Class/CDC/Src/usbd_cdc.o
 .text.USBD_CDC_DataIn
                0x08005db0       0xfe ./Middlewares/ST/STM32_USB_Device_Library/Class/CDC/Src/usbd_cdc.o
 .text.USBD_CDC_DataOut
                0x08005eae       0x70 ./Middlewares/ST/STM32_USB_Device_Library/Class/CDC/Src/usbd_cdc.o
 .text.USBD_CDC_EP0_RxReady
                0x08005f1e       0x74 ./Middlewares/ST/STM32_USB_Device_Library/Class/CDC/Src/usbd_cdc.o
 *fill*         0x08005f92        0x2 
 .text.USBD_CDC_GetFSCfgDesc
                0x08005f94       0x70 ./Middlewares/ST/STM32_USB_Device_Library/Class/CDC/Src/usbd_cdc.o
 .text.USBD_CDC_GetHSCfgDesc
                0x08006004       0x70 ./Middlewares/ST/STM32_USB_Device_Library/Class/CDC/Src/usbd_cdc.o
 .text.USBD_CDC_GetOtherSpeedCfgDesc
                0x08006074       0x70 ./Middlewares/ST/STM32_USB_Device_Library/Class/CDC/Src/usbd_cdc.o
 .text.USBD_CDC_GetDeviceQualifierDescriptor
                0x080060e4       0x20 ./Middlewares/ST/STM32_USB_Device_Library/Class/CDC/Src/usbd_cdc.o
                0x080060e4                USBD_CDC_GetDeviceQualifierDescriptor
 .text.USBD_CDC_RegisterInterface
                0x08006104       0x34 ./Middlewares/ST/STM32_USB_Device_Library/Class/CDC/Src/usbd_cdc.o
                0x08006104                USBD_CDC_RegisterInterface
 .text.USBD_CDC_SetTxBuffer
                0x08006138       0x44 ./Middlewares/ST/STM32_USB_Device_Library/Class/CDC/Src/usbd_cdc.o
                0x08006138                USBD_CDC_SetTxBuffer
 .text.USBD_CDC_SetRxBuffer
                0x0800617c       0x3a ./Middlewares/ST/STM32_USB_Device_Library/Class/CDC/Src/usbd_cdc.o
                0x0800617c                USBD_CDC_SetRxBuffer
 *fill*         0x080061b6        0x2 
 .text.USBD_CDC_TransmitPacket
                0x080061b8       0x80 ./Middlewares/ST/STM32_USB_Device_Library/Class/CDC/Src/usbd_cdc.o
                0x080061b8                USBD_CDC_TransmitPacket
 .text.USBD_CDC_ReceivePacket
                0x08006238       0x6c ./Middlewares/ST/STM32_USB_Device_Library/Class/CDC/Src/usbd_cdc.o
                0x08006238                USBD_CDC_ReceivePacket
 .text.USBD_Init
                0x080062a4       0x60 ./Middlewares/ST/STM32_USB_Device_Library/Core/Src/usbd_core.o
                0x080062a4                USBD_Init
 .text.USBD_RegisterClass
                0x08006304       0x6c ./Middlewares/ST/STM32_USB_Device_Library/Core/Src/usbd_core.o
                0x08006304                USBD_RegisterClass
 .text.USBD_Start
                0x08006370       0x18 ./Middlewares/ST/STM32_USB_Device_Library/Core/Src/usbd_core.o
                0x08006370                USBD_Start
 .text.USBD_RunTestMode
                0x08006388       0x16 ./Middlewares/ST/STM32_USB_Device_Library/Core/Src/usbd_core.o
                0x08006388                USBD_RunTestMode
 .text.USBD_SetClassConfig
                0x0800639e       0x38 ./Middlewares/ST/STM32_USB_Device_Library/Core/Src/usbd_core.o
                0x0800639e                USBD_SetClassConfig
 .text.USBD_ClrClassConfig
                0x080063d6       0x34 ./Middlewares/ST/STM32_USB_Device_Library/Core/Src/usbd_core.o
                0x080063d6                USBD_ClrClassConfig
 .text.USBD_LL_SetupStage
                0x0800640a       0xaa ./Middlewares/ST/STM32_USB_Device_Library/Core/Src/usbd_core.o
                0x0800640a                USBD_LL_SetupStage
 .text.USBD_LL_DataOutStage
                0x080064b4      0x178 ./Middlewares/ST/STM32_USB_Device_Library/Core/Src/usbd_core.o
                0x080064b4                USBD_LL_DataOutStage
 .text.USBD_LL_DataInStage
                0x0800662c      0x176 ./Middlewares/ST/STM32_USB_Device_Library/Core/Src/usbd_core.o
                0x0800662c                USBD_LL_DataInStage
 .text.USBD_LL_Reset
                0x080067a2       0xa6 ./Middlewares/ST/STM32_USB_Device_Library/Core/Src/usbd_core.o
                0x080067a2                USBD_LL_Reset
 .text.USBD_LL_SetSpeed
                0x08006848       0x20 ./Middlewares/ST/STM32_USB_Device_Library/Core/Src/usbd_core.o
                0x08006848                USBD_LL_SetSpeed
 .text.USBD_LL_Suspend
                0x08006868       0x38 ./Middlewares/ST/STM32_USB_Device_Library/Core/Src/usbd_core.o
                0x08006868                USBD_LL_Suspend
 .text.USBD_LL_Resume
                0x080068a0       0x30 ./Middlewares/ST/STM32_USB_Device_Library/Core/Src/usbd_core.o
                0x080068a0                USBD_LL_Resume
 .text.USBD_LL_SOF
                0x080068d0       0x40 ./Middlewares/ST/STM32_USB_Device_Library/Core/Src/usbd_core.o
                0x080068d0                USBD_LL_SOF
 .text.USBD_LL_IsoINIncomplete
                0x08006910       0x64 ./Middlewares/ST/STM32_USB_Device_Library/Core/Src/usbd_core.o
                0x08006910                USBD_LL_IsoINIncomplete
 .text.USBD_LL_IsoOUTIncomplete
                0x08006974       0x64 ./Middlewares/ST/STM32_USB_Device_Library/Core/Src/usbd_core.o
                0x08006974                USBD_LL_IsoOUTIncomplete
 .text.USBD_LL_DevConnected
                0x080069d8       0x16 ./Middlewares/ST/STM32_USB_Device_Library/Core/Src/usbd_core.o
                0x080069d8                USBD_LL_DevConnected
 .text.USBD_LL_DevDisconnected
                0x080069ee       0x46 ./Middlewares/ST/STM32_USB_Device_Library/Core/Src/usbd_core.o
                0x080069ee                USBD_LL_DevDisconnected
 .text.USBD_CoreFindIF
                0x08006a34       0x1a ./Middlewares/ST/STM32_USB_Device_Library/Core/Src/usbd_core.o
                0x08006a34                USBD_CoreFindIF
 .text.USBD_CoreFindEP
                0x08006a4e       0x1a ./Middlewares/ST/STM32_USB_Device_Library/Core/Src/usbd_core.o
                0x08006a4e                USBD_CoreFindEP
 .text.USBD_GetEpDesc
                0x08006a68       0x70 ./Middlewares/ST/STM32_USB_Device_Library/Core/Src/usbd_core.o
                0x08006a68                USBD_GetEpDesc
 .text.USBD_GetNextDesc
                0x08006ad8       0x38 ./Middlewares/ST/STM32_USB_Device_Library/Core/Src/usbd_core.o
                0x08006ad8                USBD_GetNextDesc
 .text.SWAPBYTE
                0x08006b10       0x3e ./Middlewares/ST/STM32_USB_Device_Library/Core/Src/usbd_ctlreq.o
 *fill*         0x08006b4e        0x2 
 .text.USBD_StdDevReq
                0x08006b50       0xe4 ./Middlewares/ST/STM32_USB_Device_Library/Core/Src/usbd_ctlreq.o
                0x08006b50                USBD_StdDevReq
 .text.USBD_StdItfReq
                0x08006c34       0xd8 ./Middlewares/ST/STM32_USB_Device_Library/Core/Src/usbd_ctlreq.o
                0x08006c34                USBD_StdItfReq
 .text.USBD_StdEPReq
                0x08006d0c      0x33e ./Middlewares/ST/STM32_USB_Device_Library/Core/Src/usbd_ctlreq.o
                0x08006d0c                USBD_StdEPReq
 *fill*         0x0800704a        0x2 
 .text.USBD_GetDescriptor
                0x0800704c      0x2d4 ./Middlewares/ST/STM32_USB_Device_Library/Core/Src/usbd_ctlreq.o
 .text.USBD_SetAddress
                0x08007320       0x88 ./Middlewares/ST/STM32_USB_Device_Library/Core/Src/usbd_ctlreq.o
 .text.USBD_SetConfig
                0x080073a8      0x154 ./Middlewares/ST/STM32_USB_Device_Library/Core/Src/usbd_ctlreq.o
 .text.USBD_GetConfig
                0x080074fc       0x6c ./Middlewares/ST/STM32_USB_Device_Library/Core/Src/usbd_ctlreq.o
 .text.USBD_GetStatus
                0x08007568       0x68 ./Middlewares/ST/STM32_USB_Device_Library/Core/Src/usbd_ctlreq.o
 .text.USBD_SetFeature
                0x080075d0       0x52 ./Middlewares/ST/STM32_USB_Device_Library/Core/Src/usbd_ctlreq.o
 .text.USBD_ClrFeature
                0x08007622       0x44 ./Middlewares/ST/STM32_USB_Device_Library/Core/Src/usbd_ctlreq.o
 .text.USBD_ParseSetupRequest
                0x08007666       0x74 ./Middlewares/ST/STM32_USB_Device_Library/Core/Src/usbd_ctlreq.o
                0x08007666                USBD_ParseSetupRequest
 .text.USBD_CtlError
                0x080076da       0x22 ./Middlewares/ST/STM32_USB_Device_Library/Core/Src/usbd_ctlreq.o
                0x080076da                USBD_CtlError
 .text.USBD_GetString
                0x080076fc       0xa4 ./Middlewares/ST/STM32_USB_Device_Library/Core/Src/usbd_ctlreq.o
                0x080076fc                USBD_GetString
 .text.USBD_GetLen
                0x080077a0       0x34 ./Middlewares/ST/STM32_USB_Device_Library/Core/Src/usbd_ctlreq.o
 .text.USBD_CtlSendData
                0x080077d4       0x3c ./Middlewares/ST/STM32_USB_Device_Library/Core/Src/usbd_ioreq.o
                0x080077d4                USBD_CtlSendData
 .text.USBD_CtlContinueSendData
                0x08007810       0x22 ./Middlewares/ST/STM32_USB_Device_Library/Core/Src/usbd_ioreq.o
                0x08007810                USBD_CtlContinueSendData
 .text.USBD_CtlPrepareRx
                0x08007832       0x42 ./Middlewares/ST/STM32_USB_Device_Library/Core/Src/usbd_ioreq.o
                0x08007832                USBD_CtlPrepareRx
 .text.USBD_CtlContinueRx
                0x08007874       0x22 ./Middlewares/ST/STM32_USB_Device_Library/Core/Src/usbd_ioreq.o
                0x08007874                USBD_CtlContinueRx
 .text.USBD_CtlSendStatus
                0x08007896       0x26 ./Middlewares/ST/STM32_USB_Device_Library/Core/Src/usbd_ioreq.o
                0x08007896                USBD_CtlSendStatus
 .text.USBD_CtlReceiveStatus
                0x080078bc       0x26 ./Middlewares/ST/STM32_USB_Device_Library/Core/Src/usbd_ioreq.o
                0x080078bc                USBD_CtlReceiveStatus
 *fill*         0x080078e2        0x2 
 .text.MX_USB_DEVICE_Init
                0x080078e4       0x74 ./USB_DEVICE/App/usb_device.o
                0x080078e4                MX_USB_DEVICE_Init
 .text.CDC_Init_FS
                0x08007958       0x28 ./USB_DEVICE/App/usbd_cdc_if.o
 .text.CDC_DeInit_FS
                0x08007980       0x10 ./USB_DEVICE/App/usbd_cdc_if.o
 .text.CDC_Control_FS
                0x08007990       0xbc ./USB_DEVICE/App/usbd_cdc_if.o
 .text.CDC_Receive_FS
                0x08007a4c       0x28 ./USB_DEVICE/App/usbd_cdc_if.o
 .text.CDC_Transmit_FS
                0x08007a74       0x4c ./USB_DEVICE/App/usbd_cdc_if.o
                0x08007a74                CDC_Transmit_FS
 .text.CDC_TransmitCplt_FS
                0x08007ac0       0x22 ./USB_DEVICE/App/usbd_cdc_if.o
 *fill*         0x08007ae2        0x2 
 .text.USBD_FS_DeviceDescriptor
                0x08007ae4       0x24 ./USB_DEVICE/App/usbd_desc.o
                0x08007ae4                USBD_FS_DeviceDescriptor
 .text.USBD_FS_LangIDStrDescriptor
                0x08007b08       0x24 ./USB_DEVICE/App/usbd_desc.o
                0x08007b08                USBD_FS_LangIDStrDescriptor
 .text.USBD_FS_ProductStrDescriptor
                0x08007b2c       0x3c ./USB_DEVICE/App/usbd_desc.o
                0x08007b2c                USBD_FS_ProductStrDescriptor
 .text.USBD_FS_ManufacturerStrDescriptor
                0x08007b68       0x28 ./USB_DEVICE/App/usbd_desc.o
                0x08007b68                USBD_FS_ManufacturerStrDescriptor
 .text.USBD_FS_SerialStrDescriptor
                0x08007b90       0x24 ./USB_DEVICE/App/usbd_desc.o
                0x08007b90                USBD_FS_SerialStrDescriptor
 .text.USBD_FS_ConfigStrDescriptor
                0x08007bb4       0x3c ./USB_DEVICE/App/usbd_desc.o
                0x08007bb4                USBD_FS_ConfigStrDescriptor
 .text.USBD_FS_InterfaceStrDescriptor
                0x08007bf0       0x3c ./USB_DEVICE/App/usbd_desc.o
                0x08007bf0                USBD_FS_InterfaceStrDescriptor
 .text.Get_SerialNum
                0x08007c2c       0x58 ./USB_DEVICE/App/usbd_desc.o
 .text.IntToUnicode
                0x08007c84       0x7e ./USB_DEVICE/App/usbd_desc.o
 *fill*         0x08007d02        0x2 
 .text.HAL_PCD_MspInit
                0x08007d04       0xa8 ./USB_DEVICE/Target/usbd_conf.o
                0x08007d04                HAL_PCD_MspInit
 .text.HAL_PCD_SetupStageCallback
                0x08007dac       0x24 ./USB_DEVICE/Target/usbd_conf.o
                0x08007dac                HAL_PCD_SetupStageCallback
 .text.HAL_PCD_DataOutStageCallback
                0x08007dd0       0x36 ./USB_DEVICE/Target/usbd_conf.o
                0x08007dd0                HAL_PCD_DataOutStageCallback
 .text.HAL_PCD_DataInStageCallback
                0x08007e06       0x34 ./USB_DEVICE/Target/usbd_conf.o
                0x08007e06                HAL_PCD_DataInStageCallback
 .text.HAL_PCD_SOFCallback
                0x08007e3a       0x1c ./USB_DEVICE/Target/usbd_conf.o
                0x08007e3a                HAL_PCD_SOFCallback
 *fill*         0x08007e56        0x2 
 .text.HAL_PCD_ResetCallback
                0x08007e58       0x44 ./USB_DEVICE/Target/usbd_conf.o
                0x08007e58                HAL_PCD_ResetCallback
 .text.HAL_PCD_SuspendCallback
                0x08007e9c       0x4c ./USB_DEVICE/Target/usbd_conf.o
                0x08007e9c                HAL_PCD_SuspendCallback
 .text.HAL_PCD_ResumeCallback
                0x08007ee8       0x1c ./USB_DEVICE/Target/usbd_conf.o
                0x08007ee8                HAL_PCD_ResumeCallback
 .text.HAL_PCD_ISOOUTIncompleteCallback
                0x08007f04       0x24 ./USB_DEVICE/Target/usbd_conf.o
                0x08007f04                HAL_PCD_ISOOUTIncompleteCallback
 .text.HAL_PCD_ISOINIncompleteCallback
                0x08007f28       0x24 ./USB_DEVICE/Target/usbd_conf.o
                0x08007f28                HAL_PCD_ISOINIncompleteCallback
 .text.HAL_PCD_ConnectCallback
                0x08007f4c       0x1c ./USB_DEVICE/Target/usbd_conf.o
                0x08007f4c                HAL_PCD_ConnectCallback
 .text.HAL_PCD_DisconnectCallback
                0x08007f68       0x1c ./USB_DEVICE/Target/usbd_conf.o
                0x08007f68                HAL_PCD_DisconnectCallback
 .text.USBD_LL_Init
                0x08007f84       0xa4 ./USB_DEVICE/Target/usbd_conf.o
                0x08007f84                USBD_LL_Init
 .text.USBD_LL_Start
                0x08008028       0x36 ./USB_DEVICE/Target/usbd_conf.o
                0x08008028                USBD_LL_Start
 .text.USBD_LL_OpenEP
                0x0800805e       0x4c ./USB_DEVICE/Target/usbd_conf.o
                0x0800805e                USBD_LL_OpenEP
 .text.USBD_LL_CloseEP
                0x080080aa       0x3e ./USB_DEVICE/Target/usbd_conf.o
                0x080080aa                USBD_LL_CloseEP
 .text.USBD_LL_StallEP
                0x080080e8       0x3e ./USB_DEVICE/Target/usbd_conf.o
                0x080080e8                USBD_LL_StallEP
 .text.USBD_LL_ClearStallEP
                0x08008126       0x3e ./USB_DEVICE/Target/usbd_conf.o
                0x08008126                USBD_LL_ClearStallEP
 .text.USBD_LL_IsStallEP
                0x08008164       0x58 ./USB_DEVICE/Target/usbd_conf.o
                0x08008164                USBD_LL_IsStallEP
 .text.USBD_LL_SetUSBAddress
                0x080081bc       0x3e ./USB_DEVICE/Target/usbd_conf.o
                0x080081bc                USBD_LL_SetUSBAddress
 .text.USBD_LL_Transmit
                0x080081fa       0x42 ./USB_DEVICE/Target/usbd_conf.o
                0x080081fa                USBD_LL_Transmit
 .text.USBD_LL_PrepareReceive
                0x0800823c       0x42 ./USB_DEVICE/Target/usbd_conf.o
                0x0800823c                USBD_LL_PrepareReceive
 .text.USBD_LL_GetRxDataSize
                0x0800827e       0x26 ./USB_DEVICE/Target/usbd_conf.o
                0x0800827e                USBD_LL_GetRxDataSize
 .text.USBD_static_malloc
                0x080082a4       0x1c ./USB_DEVICE/Target/usbd_conf.o
                0x080082a4                USBD_static_malloc
 .text.USBD_static_free
                0x080082c0       0x14 ./USB_DEVICE/Target/usbd_conf.o
                0x080082c0                USBD_static_free
 .text.USBD_Get_USB_Status
                0x080082d4       0x58 ./USB_DEVICE/Target/usbd_conf.o
                0x080082d4                USBD_Get_USB_Status
 .text.System_Init
                0x0800832c       0x14 ./User/Config/DEV_Config.o
                0x0800832c                System_Init
 .text.PWM_SetValue
                0x08008340       0x3c ./User/Config/DEV_Config.o
                0x08008340                PWM_SetValue
 .text.SPI4W_Write_Byte
                0x0800837c       0x74 ./User/Config/DEV_Config.o
                0x0800837c                SPI4W_Write_Byte
 .text.SPI4W_Read_Byte
                0x080083f0       0x1c ./User/Config/DEV_Config.o
                0x080083f0                SPI4W_Read_Byte
 .text.Driver_Delay_ms
                0x0800840c       0x16 ./User/Config/DEV_Config.o
                0x0800840c                Driver_Delay_ms
 .text.Driver_Delay_us
                0x08008422       0x28 ./User/Config/DEV_Config.o
                0x08008422                Driver_Delay_us
 .text.disk_initialize
                0x0800844a       0x4e ./User/FATFS/diskio.o
                0x0800844a                disk_initialize
 .text.disk_status
                0x08008498       0x18 ./User/FATFS/diskio.o
                0x08008498                disk_status
 .text.disk_read
                0x080084b0       0x6a ./User/FATFS/diskio.o
                0x080084b0                disk_read
 .text.disk_write
                0x0800851a       0x52 ./User/FATFS/diskio.o
                0x0800851a                disk_write
 .text.sync_window
                0x0800856c       0x82 ./User/FATFS/ff.o
 .text.move_window
                0x080085ee       0x50 ./User/FATFS/ff.o
 .text.get_ldnumber
                0x0800863e       0x5c ./User/FATFS/ff.o
 *fill*         0x0800869a        0x2 
 .text.check_fs
                0x0800869c       0xd4 ./User/FATFS/ff.o
 .text.find_volume
                0x08008770      0x568 ./User/FATFS/ff.o
 .text.f_mount  0x08008cd8       0x84 ./User/FATFS/ff.o
                0x08008cd8                f_mount
 .text.SD_Init  0x08008d5c       0xa8 ./User/LCD/LCD_Bmp.o
                0x08008d5c                SD_Init
 .text.LCD_Reset
                0x08008e04       0x48 ./User/LCD/LCD_Driver.o
 .text.LCD_SetBackLight
                0x08008e4c       0x1a ./User/LCD/LCD_Driver.o
 *fill*         0x08008e66        0x2 
 .text.LCD_WriteReg
                0x08008e68       0x44 ./User/LCD/LCD_Driver.o
                0x08008e68                LCD_WriteReg
 .text.LCD_WriteData
                0x08008eac       0x50 ./User/LCD/LCD_Driver.o
                0x08008eac                LCD_WriteData
 .text.LCD_Write_AllData
                0x08008efc       0x68 ./User/LCD/LCD_Driver.o
 .text.LCD_InitReg
                0x08008f64      0x212 ./User/LCD/LCD_Driver.o
 *fill*         0x08009176        0x2 
 .text.LCD_SetGramScanWay
                0x08009178      0x104 ./User/LCD/LCD_Driver.o
                0x08009178                LCD_SetGramScanWay
 .text.LCD_Init
                0x0800927c       0x48 ./User/LCD/LCD_Driver.o
                0x0800927c                LCD_Init
 .text.LCD_SetWindow
                0x080092c4       0xa0 ./User/LCD/LCD_Driver.o
                0x080092c4                LCD_SetWindow
 .text.LCD_SetCursor
                0x08009364       0x24 ./User/LCD/LCD_Driver.o
                0x08009364                LCD_SetCursor
 .text.LCD_SetColor
                0x08009388       0x2c ./User/LCD/LCD_Driver.o
                0x08009388                LCD_SetColor
 .text.LCD_SetPointlColor
                0x080093b4       0x4c ./User/LCD/LCD_Driver.o
                0x080093b4                LCD_SetPointlColor
 .text.LCD_SetArealColor
                0x08009400       0x5a ./User/LCD/LCD_Driver.o
                0x08009400                LCD_SetArealColor
 *fill*         0x0800945a        0x2 
 .text.LCD_Clear
                0x0800945c       0x2c ./User/LCD/LCD_Driver.o
                0x0800945c                LCD_Clear
 .text.GUI_Swop
                0x08009488       0x28 ./User/LCD/LCD_GUI.o
                0x08009488                GUI_Swop
 .text.GUI_DrawPoint
                0x080094b0       0xf8 ./User/LCD/LCD_GUI.o
                0x080094b0                GUI_DrawPoint
 .text.GUI_DrawLine
                0x080095a8      0x18c ./User/LCD/LCD_GUI.o
                0x080095a8                GUI_DrawLine
 .text.GUI_DrawRectangle
                0x08009734      0x110 ./User/LCD/LCD_GUI.o
                0x08009734                GUI_DrawRectangle
 .text.GUI_DisChar
                0x08009844      0x160 ./User/LCD/LCD_GUI.o
                0x08009844                GUI_DisChar
 .text.GUI_DisString_EN
                0x080099a4       0xa8 ./User/LCD/LCD_GUI.o
                0x080099a4                GUI_DisString_EN
 .text.GUI_DisFloatNum
                0x08009a4c      0x228 ./User/LCD/LCD_GUI.o
                0x08009a4c                GUI_DisFloatNum
 .text.GUI_GetFontSize
                0x08009c74      0x10c ./User/LCD/LCD_GUI.o
                0x08009c74                GUI_GetFontSize
 .text.GUI_Showtime
                0x08009d80      0x3d8 ./User/LCD/LCD_GUI.o
                0x08009d80                GUI_Showtime
 .text.TP_Read_ADC
                0x0800a158       0x80 ./User/LCD/LCD_Touch.o
 .text.TP_Read_ADC_Average
                0x0800a1d8       0xf8 ./User/LCD/LCD_Touch.o
 .text.TP_Read_ADC_XY
                0x0800a2d0       0x2e ./User/LCD/LCD_Touch.o
 .text.TP_Read_TwiceADC
                0x0800a2fe       0xa8 ./User/LCD/LCD_Touch.o
 *fill*         0x0800a3a6        0x2 
 .text.TP_Scan  0x0800a3a8      0x2cc ./User/LCD/LCD_Touch.o
 .text.TP_GetAdFac
                0x0800a674       0xf0 ./User/LCD/LCD_Touch.o
                0x0800a674                TP_GetAdFac
 .text.TP_MenuDialog
                0x0800a764      0x1ac ./User/LCD/LCD_Touch.o
                0x0800a764                TP_MenuDialog
 .text.TP_IndicationsUnit
                0x0800a910       0x7c ./User/LCD/LCD_Touch.o
                0x0800a910                TP_IndicationsUnit
 .text.TP_MenuTouch
                0x0800a98c       0xf4 ./User/LCD/LCD_Touch.o
                0x0800a98c                TP_MenuTouch
 .text.TP_Init  0x0800aa80       0x3c ./User/LCD/LCD_Touch.o
                0x0800aa80                TP_Init
 .text.LOAD_Init
                0x0800aabc       0x30 ./User/LCD/LCD_Touch.o
                0x0800aabc                LOAD_Init
 .text.SD_SPI_ReadWriteByte
                0x0800aaec       0x1c ./User/SDCard/MMC_SD.o
                0x0800aaec                SD_SPI_ReadWriteByte
 .text.SD_SPI_SpeedLow
                0x0800ab08        0xe ./User/SDCard/MMC_SD.o
                0x0800ab08                SD_SPI_SpeedLow
 .text.SD_SPI_SpeedHigh
                0x0800ab16        0xe ./User/SDCard/MMC_SD.o
                0x0800ab16                SD_SPI_SpeedHigh
 .text.SD_DisSelect
                0x0800ab24       0x1c ./User/SDCard/MMC_SD.o
                0x0800ab24                SD_DisSelect
 .text.SD_Select
                0x0800ab40       0x2c ./User/SDCard/MMC_SD.o
                0x0800ab40                SD_Select
 .text.SD_WaitReady
                0x0800ab6c       0x34 ./User/SDCard/MMC_SD.o
                0x0800ab6c                SD_WaitReady
 .text.SD_GetResponse
                0x0800aba0       0x42 ./User/SDCard/MMC_SD.o
                0x0800aba0                SD_GetResponse
 .text.SD_RecvData
                0x0800abe2       0x50 ./User/SDCard/MMC_SD.o
                0x0800abe2                SD_RecvData
 .text.SD_SendBlock
                0x0800ac32       0x78 ./User/SDCard/MMC_SD.o
                0x0800ac32                SD_SendBlock
 .text.SD_SendCmd
                0x0800acaa       0xa0 ./User/SDCard/MMC_SD.o
                0x0800acaa                SD_SendCmd
 *fill*         0x0800ad4a        0x2 
 .text.SD_Initialize
                0x0800ad4c      0x1fc ./User/SDCard/MMC_SD.o
                0x0800ad4c                SD_Initialize
 .text.SD_ReadDisk
                0x0800af48       0x98 ./User/SDCard/MMC_SD.o
                0x0800af48                SD_ReadDisk
 .text.SD_WriteDisk
                0x0800afe0       0xbc ./User/SDCard/MMC_SD.o
                0x0800afe0                SD_WriteDisk
 .text.malloc   0x0800b09c       0x10 C:/ST/STM32CubeIDE_1.19.0/STM32CubeIDE/plugins/com.st.stm32cube.ide.mcu.externaltools.gnu-tools-for-stm32.13.3.rel1.win32_1.0.0.202411081344/tools/bin/../lib/gcc/arm-none-eabi/13.3.1/../../../../arm-none-eabi/lib/thumb/v7e-m+fp/hard\libc_nano.a(libc_a-malloc.o)
                0x0800b09c                malloc
 .text.sbrk_aligned
                0x0800b0ac       0x44 C:/ST/STM32CubeIDE_1.19.0/STM32CubeIDE/plugins/com.st.stm32cube.ide.mcu.externaltools.gnu-tools-for-stm32.13.3.rel1.win32_1.0.0.202411081344/tools/bin/../lib/gcc/arm-none-eabi/13.3.1/../../../../arm-none-eabi/lib/thumb/v7e-m+fp/hard\libc_nano.a(libc_a-mallocr.o)
 .text._malloc_r
                0x0800b0f0      0x100 C:/ST/STM32CubeIDE_1.19.0/STM32CubeIDE/plugins/com.st.stm32cube.ide.mcu.externaltools.gnu-tools-for-stm32.13.3.rel1.win32_1.0.0.202411081344/tools/bin/../lib/gcc/arm-none-eabi/13.3.1/../../../../arm-none-eabi/lib/thumb/v7e-m+fp/hard\libc_nano.a(libc_a-mallocr.o)
                0x0800b0f0                _malloc_r
 .text.__malloc_lock
                0x0800b1f0        0xc C:/ST/STM32CubeIDE_1.19.0/STM32CubeIDE/plugins/com.st.stm32cube.ide.mcu.externaltools.gnu-tools-for-stm32.13.3.rel1.win32_1.0.0.202411081344/tools/bin/../lib/gcc/arm-none-eabi/13.3.1/../../../../arm-none-eabi/lib/thumb/v7e-m+fp/hard\libc_nano.a(libc_a-mlock.o)
                0x0800b1f0                __malloc_lock
 .text.__malloc_unlock
                0x0800b1fc        0xc C:/ST/STM32CubeIDE_1.19.0/STM32CubeIDE/plugins/com.st.stm32cube.ide.mcu.externaltools.gnu-tools-for-stm32.13.3.rel1.win32_1.0.0.202411081344/tools/bin/../lib/gcc/arm-none-eabi/13.3.1/../../../../arm-none-eabi/lib/thumb/v7e-m+fp/hard\libc_nano.a(libc_a-mlock.o)
                0x0800b1fc                __malloc_unlock
 .text.std      0x0800b208       0x6c C:/ST/STM32CubeIDE_1.19.0/STM32CubeIDE/plugins/com.st.stm32cube.ide.mcu.externaltools.gnu-tools-for-stm32.13.3.rel1.win32_1.0.0.202411081344/tools/bin/../lib/gcc/arm-none-eabi/13.3.1/../../../../arm-none-eabi/lib/thumb/v7e-m+fp/hard\libc_nano.a(libc_a-findfp.o)
 .text.stdio_exit_handler
                0x0800b274       0x18 C:/ST/STM32CubeIDE_1.19.0/STM32CubeIDE/plugins/com.st.stm32cube.ide.mcu.externaltools.gnu-tools-for-stm32.13.3.rel1.win32_1.0.0.202411081344/tools/bin/../lib/gcc/arm-none-eabi/13.3.1/../../../../arm-none-eabi/lib/thumb/v7e-m+fp/hard\libc_nano.a(libc_a-findfp.o)
 .text.cleanup_stdio
                0x0800b28c       0x40 C:/ST/STM32CubeIDE_1.19.0/STM32CubeIDE/plugins/com.st.stm32cube.ide.mcu.externaltools.gnu-tools-for-stm32.13.3.rel1.win32_1.0.0.202411081344/tools/bin/../lib/gcc/arm-none-eabi/13.3.1/../../../../arm-none-eabi/lib/thumb/v7e-m+fp/hard\libc_nano.a(libc_a-findfp.o)
 .text.global_stdio_init.part.0
                0x0800b2cc       0x3c C:/ST/STM32CubeIDE_1.19.0/STM32CubeIDE/plugins/com.st.stm32cube.ide.mcu.externaltools.gnu-tools-for-stm32.13.3.rel1.win32_1.0.0.202411081344/tools/bin/../lib/gcc/arm-none-eabi/13.3.1/../../../../arm-none-eabi/lib/thumb/v7e-m+fp/hard\libc_nano.a(libc_a-findfp.o)
 .text.__sfp_lock_acquire
                0x0800b308        0xc C:/ST/STM32CubeIDE_1.19.0/STM32CubeIDE/plugins/com.st.stm32cube.ide.mcu.externaltools.gnu-tools-for-stm32.13.3.rel1.win32_1.0.0.202411081344/tools/bin/../lib/gcc/arm-none-eabi/13.3.1/../../../../arm-none-eabi/lib/thumb/v7e-m+fp/hard\libc_nano.a(libc_a-findfp.o)
                0x0800b308                __sfp_lock_acquire
 .text.__sfp_lock_release
                0x0800b314        0xc C:/ST/STM32CubeIDE_1.19.0/STM32CubeIDE/plugins/com.st.stm32cube.ide.mcu.externaltools.gnu-tools-for-stm32.13.3.rel1.win32_1.0.0.202411081344/tools/bin/../lib/gcc/arm-none-eabi/13.3.1/../../../../arm-none-eabi/lib/thumb/v7e-m+fp/hard\libc_nano.a(libc_a-findfp.o)
                0x0800b314                __sfp_lock_release
 .text.__sinit  0x0800b320       0x30 C:/ST/STM32CubeIDE_1.19.0/STM32CubeIDE/plugins/com.st.stm32cube.ide.mcu.externaltools.gnu-tools-for-stm32.13.3.rel1.win32_1.0.0.202411081344/tools/bin/../lib/gcc/arm-none-eabi/13.3.1/../../../../arm-none-eabi/lib/thumb/v7e-m+fp/hard\libc_nano.a(libc_a-findfp.o)
                0x0800b320                __sinit
 .text._fwalk_sglue
                0x0800b350       0x3c C:/ST/STM32CubeIDE_1.19.0/STM32CubeIDE/plugins/com.st.stm32cube.ide.mcu.externaltools.gnu-tools-for-stm32.13.3.rel1.win32_1.0.0.202411081344/tools/bin/../lib/gcc/arm-none-eabi/13.3.1/../../../../arm-none-eabi/lib/thumb/v7e-m+fp/hard\libc_nano.a(libc_a-fwalk.o)
                0x0800b350                _fwalk_sglue
 .text.printf   0x0800b38c       0x24 C:/ST/STM32CubeIDE_1.19.0/STM32CubeIDE/plugins/com.st.stm32cube.ide.mcu.externaltools.gnu-tools-for-stm32.13.3.rel1.win32_1.0.0.202411081344/tools/bin/../lib/gcc/arm-none-eabi/13.3.1/../../../../arm-none-eabi/lib/thumb/v7e-m+fp/hard\libc_nano.a(libc_a-printf.o)
                0x0800b38c                iprintf
                0x0800b38c                printf
 .text._puts_r  0x0800b3b0       0xaa C:/ST/STM32CubeIDE_1.19.0/STM32CubeIDE/plugins/com.st.stm32cube.ide.mcu.externaltools.gnu-tools-for-stm32.13.3.rel1.win32_1.0.0.202411081344/tools/bin/../lib/gcc/arm-none-eabi/13.3.1/../../../../arm-none-eabi/lib/thumb/v7e-m+fp/hard\libc_nano.a(libc_a-puts.o)
                0x0800b3b0                _puts_r
 *fill*         0x0800b45a        0x2 
 .text.puts     0x0800b45c       0x10 C:/ST/STM32CubeIDE_1.19.0/STM32CubeIDE/plugins/com.st.stm32cube.ide.mcu.externaltools.gnu-tools-for-stm32.13.3.rel1.win32_1.0.0.202411081344/tools/bin/../lib/gcc/arm-none-eabi/13.3.1/../../../../arm-none-eabi/lib/thumb/v7e-m+fp/hard\libc_nano.a(libc_a-puts.o)
                0x0800b45c                puts
 .text.__sread  0x0800b46c       0x22 C:/ST/STM32CubeIDE_1.19.0/STM32CubeIDE/plugins/com.st.stm32cube.ide.mcu.externaltools.gnu-tools-for-stm32.13.3.rel1.win32_1.0.0.202411081344/tools/bin/../lib/gcc/arm-none-eabi/13.3.1/../../../../arm-none-eabi/lib/thumb/v7e-m+fp/hard\libc_nano.a(libc_a-stdio.o)
                0x0800b46c                __sread
 .text.__swrite
                0x0800b48e       0x38 C:/ST/STM32CubeIDE_1.19.0/STM32CubeIDE/plugins/com.st.stm32cube.ide.mcu.externaltools.gnu-tools-for-stm32.13.3.rel1.win32_1.0.0.202411081344/tools/bin/../lib/gcc/arm-none-eabi/13.3.1/../../../../arm-none-eabi/lib/thumb/v7e-m+fp/hard\libc_nano.a(libc_a-stdio.o)
                0x0800b48e                __swrite
 .text.__sseek  0x0800b4c6       0x24 C:/ST/STM32CubeIDE_1.19.0/STM32CubeIDE/plugins/com.st.stm32cube.ide.mcu.externaltools.gnu-tools-for-stm32.13.3.rel1.win32_1.0.0.202411081344/tools/bin/../lib/gcc/arm-none-eabi/13.3.1/../../../../arm-none-eabi/lib/thumb/v7e-m+fp/hard\libc_nano.a(libc_a-stdio.o)
                0x0800b4c6                __sseek
 .text.__sclose
                0x0800b4ea        0x8 C:/ST/STM32CubeIDE_1.19.0/STM32CubeIDE/plugins/com.st.stm32cube.ide.mcu.externaltools.gnu-tools-for-stm32.13.3.rel1.win32_1.0.0.202411081344/tools/bin/../lib/gcc/arm-none-eabi/13.3.1/../../../../arm-none-eabi/lib/thumb/v7e-m+fp/hard\libc_nano.a(libc_a-stdio.o)
                0x0800b4ea                __sclose
 .text.__swbuf_r
                0x0800b4f2       0x7c C:/ST/STM32CubeIDE_1.19.0/STM32CubeIDE/plugins/com.st.stm32cube.ide.mcu.externaltools.gnu-tools-for-stm32.13.3.rel1.win32_1.0.0.202411081344/tools/bin/../lib/gcc/arm-none-eabi/13.3.1/../../../../arm-none-eabi/lib/thumb/v7e-m+fp/hard\libc_nano.a(libc_a-wbuf.o)
                0x0800b4f2                __swbuf_r
 *fill*         0x0800b56e        0x2 
 .text.__swsetup_r
                0x0800b570       0xac C:/ST/STM32CubeIDE_1.19.0/STM32CubeIDE/plugins/com.st.stm32cube.ide.mcu.externaltools.gnu-tools-for-stm32.13.3.rel1.win32_1.0.0.202411081344/tools/bin/../lib/gcc/arm-none-eabi/13.3.1/../../../../arm-none-eabi/lib/thumb/v7e-m+fp/hard\libc_nano.a(libc_a-wsetup.o)
                0x0800b570                __swsetup_r
 .text.memset   0x0800b61c       0x10 C:/ST/STM32CubeIDE_1.19.0/STM32CubeIDE/plugins/com.st.stm32cube.ide.mcu.externaltools.gnu-tools-for-stm32.13.3.rel1.win32_1.0.0.202411081344/tools/bin/../lib/gcc/arm-none-eabi/13.3.1/../../../../arm-none-eabi/lib/thumb/v7e-m+fp/hard\libc_nano.a(libc_a-memset.o)
                0x0800b61c                memset
 .text._close_r
                0x0800b62c       0x20 C:/ST/STM32CubeIDE_1.19.0/STM32CubeIDE/plugins/com.st.stm32cube.ide.mcu.externaltools.gnu-tools-for-stm32.13.3.rel1.win32_1.0.0.202411081344/tools/bin/../lib/gcc/arm-none-eabi/13.3.1/../../../../arm-none-eabi/lib/thumb/v7e-m+fp/hard\libc_nano.a(libc_a-closer.o)
                0x0800b62c                _close_r
 .text._lseek_r
                0x0800b64c       0x24 C:/ST/STM32CubeIDE_1.19.0/STM32CubeIDE/plugins/com.st.stm32cube.ide.mcu.externaltools.gnu-tools-for-stm32.13.3.rel1.win32_1.0.0.202411081344/tools/bin/../lib/gcc/arm-none-eabi/13.3.1/../../../../arm-none-eabi/lib/thumb/v7e-m+fp/hard\libc_nano.a(libc_a-lseekr.o)
                0x0800b64c                _lseek_r
 .text._read_r  0x0800b670       0x24 C:/ST/STM32CubeIDE_1.19.0/STM32CubeIDE/plugins/com.st.stm32cube.ide.mcu.externaltools.gnu-tools-for-stm32.13.3.rel1.win32_1.0.0.202411081344/tools/bin/../lib/gcc/arm-none-eabi/13.3.1/../../../../arm-none-eabi/lib/thumb/v7e-m+fp/hard\libc_nano.a(libc_a-readr.o)
                0x0800b670                _read_r
 .text._sbrk_r  0x0800b694       0x20 C:/ST/STM32CubeIDE_1.19.0/STM32CubeIDE/plugins/com.st.stm32cube.ide.mcu.externaltools.gnu-tools-for-stm32.13.3.rel1.win32_1.0.0.202411081344/tools/bin/../lib/gcc/arm-none-eabi/13.3.1/../../../../arm-none-eabi/lib/thumb/v7e-m+fp/hard\libc_nano.a(libc_a-sbrkr.o)
                0x0800b694                _sbrk_r
 .text._write_r
                0x0800b6b4       0x24 C:/ST/STM32CubeIDE_1.19.0/STM32CubeIDE/plugins/com.st.stm32cube.ide.mcu.externaltools.gnu-tools-for-stm32.13.3.rel1.win32_1.0.0.202411081344/tools/bin/../lib/gcc/arm-none-eabi/13.3.1/../../../../arm-none-eabi/lib/thumb/v7e-m+fp/hard\libc_nano.a(libc_a-writer.o)
                0x0800b6b4                _write_r
 .text.__errno  0x0800b6d8        0xc C:/ST/STM32CubeIDE_1.19.0/STM32CubeIDE/plugins/com.st.stm32cube.ide.mcu.externaltools.gnu-tools-for-stm32.13.3.rel1.win32_1.0.0.202411081344/tools/bin/../lib/gcc/arm-none-eabi/13.3.1/../../../../arm-none-eabi/lib/thumb/v7e-m+fp/hard\libc_nano.a(libc_a-errno.o)
                0x0800b6d8                __errno
 .text.__libc_init_array
                0x0800b6e4       0x48 C:/ST/STM32CubeIDE_1.19.0/STM32CubeIDE/plugins/com.st.stm32cube.ide.mcu.externaltools.gnu-tools-for-stm32.13.3.rel1.win32_1.0.0.202411081344/tools/bin/../lib/gcc/arm-none-eabi/13.3.1/../../../../arm-none-eabi/lib/thumb/v7e-m+fp/hard\libc_nano.a(libc_a-init.o)
                0x0800b6e4                __libc_init_array
 .text.__retarget_lock_init_recursive
                0x0800b72c        0x2 C:/ST/STM32CubeIDE_1.19.0/STM32CubeIDE/plugins/com.st.stm32cube.ide.mcu.externaltools.gnu-tools-for-stm32.13.3.rel1.win32_1.0.0.202411081344/tools/bin/../lib/gcc/arm-none-eabi/13.3.1/../../../../arm-none-eabi/lib/thumb/v7e-m+fp/hard\libc_nano.a(libc_a-lock.o)
                0x0800b72c                __retarget_lock_init_recursive
 .text.__retarget_lock_acquire_recursive
                0x0800b72e        0x2 C:/ST/STM32CubeIDE_1.19.0/STM32CubeIDE/plugins/com.st.stm32cube.ide.mcu.externaltools.gnu-tools-for-stm32.13.3.rel1.win32_1.0.0.202411081344/tools/bin/../lib/gcc/arm-none-eabi/13.3.1/../../../../arm-none-eabi/lib/thumb/v7e-m+fp/hard\libc_nano.a(libc_a-lock.o)
                0x0800b72e                __retarget_lock_acquire_recursive
 .text.__retarget_lock_release_recursive
                0x0800b730        0x2 C:/ST/STM32CubeIDE_1.19.0/STM32CubeIDE/plugins/com.st.stm32cube.ide.mcu.externaltools.gnu-tools-for-stm32.13.3.rel1.win32_1.0.0.202411081344/tools/bin/../lib/gcc/arm-none-eabi/13.3.1/../../../../arm-none-eabi/lib/thumb/v7e-m+fp/hard\libc_nano.a(libc_a-lock.o)
                0x0800b730                __retarget_lock_release_recursive
 *fill*         0x0800b732        0x2 
 .text._free_r  0x0800b734       0x94 C:/ST/STM32CubeIDE_1.19.0/STM32CubeIDE/plugins/com.st.stm32cube.ide.mcu.externaltools.gnu-tools-for-stm32.13.3.rel1.win32_1.0.0.202411081344/tools/bin/../lib/gcc/arm-none-eabi/13.3.1/../../../../arm-none-eabi/lib/thumb/v7e-m+fp/hard\libc_nano.a(libc_a-freer.o)
                0x0800b734                _free_r
 .text.__sfputc_r
                0x0800b7c8       0x2e C:/ST/STM32CubeIDE_1.19.0/STM32CubeIDE/plugins/com.st.stm32cube.ide.mcu.externaltools.gnu-tools-for-stm32.13.3.rel1.win32_1.0.0.202411081344/tools/bin/../lib/gcc/arm-none-eabi/13.3.1/../../../../arm-none-eabi/lib/thumb/v7e-m+fp/hard\libc_nano.a(libc_a-nano-vfprintf.o)
 .text.__sfputs_r
                0x0800b7f6       0x24 C:/ST/STM32CubeIDE_1.19.0/STM32CubeIDE/plugins/com.st.stm32cube.ide.mcu.externaltools.gnu-tools-for-stm32.13.3.rel1.win32_1.0.0.202411081344/tools/bin/../lib/gcc/arm-none-eabi/13.3.1/../../../../arm-none-eabi/lib/thumb/v7e-m+fp/hard\libc_nano.a(libc_a-nano-vfprintf.o)
                0x0800b7f6                __sfputs_r
 *fill*         0x0800b81a        0x2 
 .text._vfprintf_r
                0x0800b81c      0x230 C:/ST/STM32CubeIDE_1.19.0/STM32CubeIDE/plugins/com.st.stm32cube.ide.mcu.externaltools.gnu-tools-for-stm32.13.3.rel1.win32_1.0.0.202411081344/tools/bin/../lib/gcc/arm-none-eabi/13.3.1/../../../../arm-none-eabi/lib/thumb/v7e-m+fp/hard\libc_nano.a(libc_a-nano-vfprintf.o)
                0x0800b81c                _vfprintf_r
                0x0800b81c                _vfiprintf_r
 .text._printf_common
                0x0800ba4c       0xda C:/ST/STM32CubeIDE_1.19.0/STM32CubeIDE/plugins/com.st.stm32cube.ide.mcu.externaltools.gnu-tools-for-stm32.13.3.rel1.win32_1.0.0.202411081344/tools/bin/../lib/gcc/arm-none-eabi/13.3.1/../../../../arm-none-eabi/lib/thumb/v7e-m+fp/hard\libc_nano.a(libc_a-nano-vfprintf_i.o)
                0x0800ba4c                _printf_common
 *fill*         0x0800bb26        0x2 
 .text._printf_i
                0x0800bb28      0x23c C:/ST/STM32CubeIDE_1.19.0/STM32CubeIDE/plugins/com.st.stm32cube.ide.mcu.externaltools.gnu-tools-for-stm32.13.3.rel1.win32_1.0.0.202411081344/tools/bin/../lib/gcc/arm-none-eabi/13.3.1/../../../../arm-none-eabi/lib/thumb/v7e-m+fp/hard\libc_nano.a(libc_a-nano-vfprintf_i.o)
                0x0800bb28                _printf_i
 .text.__sflush_r
                0x0800bd64      0x108 C:/ST/STM32CubeIDE_1.19.0/STM32CubeIDE/plugins/com.st.stm32cube.ide.mcu.externaltools.gnu-tools-for-stm32.13.3.rel1.win32_1.0.0.202411081344/tools/bin/../lib/gcc/arm-none-eabi/13.3.1/../../../../arm-none-eabi/lib/thumb/v7e-m+fp/hard\libc_nano.a(libc_a-fflush.o)
                0x0800bd64                __sflush_r
 .text._fflush_r
                0x0800be6c       0x50 C:/ST/STM32CubeIDE_1.19.0/STM32CubeIDE/plugins/com.st.stm32cube.ide.mcu.externaltools.gnu-tools-for-stm32.13.3.rel1.win32_1.0.0.202411081344/tools/bin/../lib/gcc/arm-none-eabi/13.3.1/../../../../arm-none-eabi/lib/thumb/v7e-m+fp/hard\libc_nano.a(libc_a-fflush.o)
                0x0800be6c                _fflush_r
 .text.__swhatbuf_r
                0x0800bebc       0x4c C:/ST/STM32CubeIDE_1.19.0/STM32CubeIDE/plugins/com.st.stm32cube.ide.mcu.externaltools.gnu-tools-for-stm32.13.3.rel1.win32_1.0.0.202411081344/tools/bin/../lib/gcc/arm-none-eabi/13.3.1/../../../../arm-none-eabi/lib/thumb/v7e-m+fp/hard\libc_nano.a(libc_a-makebuf.o)
                0x0800bebc                __swhatbuf_r
 .text.__smakebuf_r
                0x0800bf08       0x78 C:/ST/STM32CubeIDE_1.19.0/STM32CubeIDE/plugins/com.st.stm32cube.ide.mcu.externaltools.gnu-tools-for-stm32.13.3.rel1.win32_1.0.0.202411081344/tools/bin/../lib/gcc/arm-none-eabi/13.3.1/../../../../arm-none-eabi/lib/thumb/v7e-m+fp/hard\libc_nano.a(libc_a-makebuf.o)
                0x0800bf08                __smakebuf_r
 .text._fstat_r
                0x0800bf80       0x24 C:/ST/STM32CubeIDE_1.19.0/STM32CubeIDE/plugins/com.st.stm32cube.ide.mcu.externaltools.gnu-tools-for-stm32.13.3.rel1.win32_1.0.0.202411081344/tools/bin/../lib/gcc/arm-none-eabi/13.3.1/../../../../arm-none-eabi/lib/thumb/v7e-m+fp/hard\libc_nano.a(libc_a-fstatr.o)
                0x0800bf80                _fstat_r
 .text._isatty_r
                0x0800bfa4       0x20 C:/ST/STM32CubeIDE_1.19.0/STM32CubeIDE/plugins/com.st.stm32cube.ide.mcu.externaltools.gnu-tools-for-stm32.13.3.rel1.win32_1.0.0.202411081344/tools/bin/../lib/gcc/arm-none-eabi/13.3.1/../../../../arm-none-eabi/lib/thumb/v7e-m+fp/hard\libc_nano.a(libc_a-isattyr.o)
                0x0800bfa4                _isatty_r
 *(.glue_7)
 .glue_7        0x0800bfc4        0x0 linker stubs
 *(.glue_7t)
 .glue_7t       0x0800bfc4        0x0 linker stubs
 *(.eh_frame)
 .eh_frame      0x0800bfc4        0x0 C:/ST/STM32CubeIDE_1.19.0/STM32CubeIDE/plugins/com.st.stm32cube.ide.mcu.externaltools.gnu-tools-for-stm32.13.3.rel1.win32_1.0.0.202411081344/tools/bin/../lib/gcc/arm-none-eabi/13.3.1/thumb/v7e-m+fp/hard/crtbegin.o
 *(.init)
 .init          0x0800bfc4        0x4 C:/ST/STM32CubeIDE_1.19.0/STM32CubeIDE/plugins/com.st.stm32cube.ide.mcu.externaltools.gnu-tools-for-stm32.13.3.rel1.win32_1.0.0.202411081344/tools/bin/../lib/gcc/arm-none-eabi/13.3.1/thumb/v7e-m+fp/hard/crti.o
                0x0800bfc4                _init
 .init          0x0800bfc8        0x8 C:/ST/STM32CubeIDE_1.19.0/STM32CubeIDE/plugins/com.st.stm32cube.ide.mcu.externaltools.gnu-tools-for-stm32.13.3.rel1.win32_1.0.0.202411081344/tools/bin/../lib/gcc/arm-none-eabi/13.3.1/thumb/v7e-m+fp/hard/crtn.o
 *(.fini)
 .fini          0x0800bfd0        0x4 C:/ST/STM32CubeIDE_1.19.0/STM32CubeIDE/plugins/com.st.stm32cube.ide.mcu.externaltools.gnu-tools-for-stm32.13.3.rel1.win32_1.0.0.202411081344/tools/bin/../lib/gcc/arm-none-eabi/13.3.1/thumb/v7e-m+fp/hard/crti.o
                0x0800bfd0                _fini
 .fini          0x0800bfd4        0x8 C:/ST/STM32CubeIDE_1.19.0/STM32CubeIDE/plugins/com.st.stm32cube.ide.mcu.externaltools.gnu-tools-for-stm32.13.3.rel1.win32_1.0.0.202411081344/tools/bin/../lib/gcc/arm-none-eabi/13.3.1/thumb/v7e-m+fp/hard/crtn.o
                0x0800bfdc                        . = ALIGN (0x4)
                0x0800bfdc                        _etext = .

.vfp11_veneer   0x0800bfdc        0x0
 .vfp11_veneer  0x0800bfdc        0x0 linker stubs

.v4_bx          0x0800bfdc        0x0
 .v4_bx         0x0800bfdc        0x0 linker stubs

.iplt           0x0800bfdc        0x0
 .iplt          0x0800bfdc        0x0 C:/ST/STM32CubeIDE_1.19.0/STM32CubeIDE/plugins/com.st.stm32cube.ide.mcu.externaltools.gnu-tools-for-stm32.13.3.rel1.win32_1.0.0.202411081344/tools/bin/../lib/gcc/arm-none-eabi/13.3.1/thumb/v7e-m+fp/hard/crtbegin.o

.rodata         0x0800bfdc     0x460c
                0x0800bfdc                        . = ALIGN (0x4)
 *(.rodata)
 .rodata        0x0800bfdc       0xab ./Core/Src/main.o
 *fill*         0x0800c087        0x1 
 .rodata        0x0800c088       0x12 ./Core/Src/spi.o
 *fill*         0x0800c09a        0x2 
 .rodata        0x0800c09c       0x12 ./Core/Src/tim.o
 *fill*         0x0800c0ae        0x2 
 .rodata        0x0800c0b0       0x14 ./Core/Src/usart.o
 .rodata        0x0800c0c4       0x1f ./USB_DEVICE/App/usb_device.o
 *fill*         0x0800c0e3        0x1 
 .rodata        0x0800c0e4       0x46 ./USB_DEVICE/App/usbd_desc.o
 *fill*         0x0800c12a        0x2 
 .rodata        0x0800c12c       0x21 ./USB_DEVICE/Target/usbd_conf.o
 *fill*         0x0800c14d        0x3 
 .rodata        0x0800c150        0xf ./User/Config/DEV_Config.o
 *fill*         0x0800c15f        0x1 
 .rodata        0x0800c160       0xff ./User/LCD/LCD_Bmp.o
 *fill*         0x0800c25f        0x1 
 .rodata        0x0800c260      0x325 ./User/LCD/LCD_GUI.o
 *fill*         0x0800c585        0x3 
 .rodata        0x0800c588      0x338 ./User/LCD/LCD_Touch.o
 *(.rodata*)
 .rodata.AHBPrescTable
                0x0800c8c0       0x10 ./Core/Src/system_stm32f4xx.o
                0x0800c8c0                AHBPrescTable
 .rodata.APBPrescTable
                0x0800c8d0        0x8 ./Core/Src/system_stm32f4xx.o
                0x0800c8d0                APBPrescTable
 .rodata.Font12_Table
                0x0800c8d8      0x474 ./User/Fonts/font12.o
                0x0800c8d8                Font12_Table
 .rodata.Font16_Table
                0x0800cd4c      0xbe0 ./User/Fonts/font16.o
                0x0800cd4c                Font16_Table
 .rodata.Font20_Table
                0x0800d92c      0xed8 ./User/Fonts/font20.o
                0x0800d92c                Font20_Table
 .rodata.Font24_Table
                0x0800e804     0x1ab8 ./User/Fonts/font24.o
                0x0800e804                Font24_Table
 .rodata.Font8_Table
                0x080102bc      0x2f8 ./User/Fonts/font8.o
                0x080102bc                Font8_Table
 .rodata._vfprintf_r.str1.1
                0x080105b4       0x33 C:/ST/STM32CubeIDE_1.19.0/STM32CubeIDE/plugins/com.st.stm32cube.ide.mcu.externaltools.gnu-tools-for-stm32.13.3.rel1.win32_1.0.0.202411081344/tools/bin/../lib/gcc/arm-none-eabi/13.3.1/../../../../arm-none-eabi/lib/thumb/v7e-m+fp/hard\libc_nano.a(libc_a-nano-vfprintf.o)
                                 0x11 (size before relaxing)
 .rodata._printf_i.str1.1
                0x080105e7       0x22 C:/ST/STM32CubeIDE_1.19.0/STM32CubeIDE/plugins/com.st.stm32cube.ide.mcu.externaltools.gnu-tools-for-stm32.13.3.rel1.win32_1.0.0.202411081344/tools/bin/../lib/gcc/arm-none-eabi/13.3.1/../../../../arm-none-eabi/lib/thumb/v7e-m+fp/hard\libc_nano.a(libc_a-nano-vfprintf_i.o)
                0x0801060c                        . = ALIGN (0x4)
 *fill*         0x080105e7        0x1 

.ARM.extab      0x080105e8        0x0
                0x080105e8                        . = ALIGN (0x4)
 *(.ARM.extab* .gnu.linkonce.armextab.*)
                0x080105e8                        . = ALIGN (0x4)

.ARM            0x080105e8        0x8
                0x080105e8                        . = ALIGN (0x4)
                0x080105e8                        __exidx_start = .
 *(.ARM.exidx*)
 .ARM.exidx     0x080105e8        0x8 C:/ST/STM32CubeIDE_1.19.0/STM32CubeIDE/plugins/com.st.stm32cube.ide.mcu.externaltools.gnu-tools-for-stm32.13.3.rel1.win32_1.0.0.202411081344/tools/bin/../lib/gcc/arm-none-eabi/13.3.1/../../../../arm-none-eabi/lib/thumb/v7e-m+fp/hard\libc_nano.a(libc_a-strlen.o)
 .ARM.exidx     0x080105f0        0x0 C:/ST/STM32CubeIDE_1.19.0/STM32CubeIDE/plugins/com.st.stm32cube.ide.mcu.externaltools.gnu-tools-for-stm32.13.3.rel1.win32_1.0.0.202411081344/tools/bin/../lib/gcc/arm-none-eabi/13.3.1/../../../../arm-none-eabi/lib/thumb/v7e-m+fp/hard\libc_nano.a(libc_a-memchr.o)
                                  0x8 (size before relaxing)
 .ARM.exidx     0x080105f0        0x0 C:/ST/STM32CubeIDE_1.19.0/STM32CubeIDE/plugins/com.st.stm32cube.ide.mcu.externaltools.gnu-tools-for-stm32.13.3.rel1.win32_1.0.0.202411081344/tools/bin/../lib/gcc/arm-none-eabi/13.3.1/thumb/v7e-m+fp/hard\libgcc.a(_udivmoddi4.o)
                                  0x8 (size before relaxing)
                0x080105f0                        __exidx_end = .
                0x080105f0                        . = ALIGN (0x4)

.preinit_array  0x080105f0        0x0
                0x080105f0                        . = ALIGN (0x4)
                0x080105f0                        PROVIDE (__preinit_array_start = .)
 *(.preinit_array*)
                0x080105f0                        PROVIDE (__preinit_array_end = .)
                0x080105f0                        . = ALIGN (0x4)

.init_array     0x080105f0        0x4
                0x080105f0                        . = ALIGN (0x4)
                0x080105f0                        PROVIDE (__init_array_start = .)
 *(SORT_BY_NAME(.init_array.*))
 *(.init_array*)
 .init_array    0x080105f0        0x4 C:/ST/STM32CubeIDE_1.19.0/STM32CubeIDE/plugins/com.st.stm32cube.ide.mcu.externaltools.gnu-tools-for-stm32.13.3.rel1.win32_1.0.0.202411081344/tools/bin/../lib/gcc/arm-none-eabi/13.3.1/thumb/v7e-m+fp/hard/crtbegin.o
                0x080105f4                        PROVIDE (__init_array_end = .)
                0x080105f4                        . = ALIGN (0x4)

.fini_array     0x080105f4        0x4
                0x080105f4                        . = ALIGN (0x4)
                [!provide]                        PROVIDE (__fini_array_start = .)
 *(SORT_BY_NAME(.fini_array.*))
 *(.fini_array*)
 .fini_array    0x080105f4        0x4 C:/ST/STM32CubeIDE_1.19.0/STM32CubeIDE/plugins/com.st.stm32cube.ide.mcu.externaltools.gnu-tools-for-stm32.13.3.rel1.win32_1.0.0.202411081344/tools/bin/../lib/gcc/arm-none-eabi/13.3.1/thumb/v7e-m+fp/hard/crtbegin.o
                [!provide]                        PROVIDE (__fini_array_end = .)
                0x080105f8                        . = ALIGN (0x4)
                0x080105f8                        _sidata = LOADADDR (.data)

.rel.dyn        0x080105f8        0x0
 .rel.iplt      0x080105f8        0x0 C:/ST/STM32CubeIDE_1.19.0/STM32CubeIDE/plugins/com.st.stm32cube.ide.mcu.externaltools.gnu-tools-for-stm32.13.3.rel1.win32_1.0.0.202411081344/tools/bin/../lib/gcc/arm-none-eabi/13.3.1/thumb/v7e-m+fp/hard/crtbegin.o

.data           0x20000000      0x180 load address 0x080105f8
                0x20000000                        . = ALIGN (0x4)
                0x20000000                        _sdata = .
 *(.data)
 *(.data*)
 .data.SystemCoreClock
                0x20000000        0x4 ./Core/Src/system_stm32f4xx.o
                0x20000000                SystemCoreClock
 .data.uwTickPrio
                0x20000004        0x4 ./Drivers/STM32F4xx_HAL_Driver/Src/stm32f4xx_hal.o
                0x20000004                uwTickPrio
 .data.uwTickFreq
                0x20000008        0x1 ./Drivers/STM32F4xx_HAL_Driver/Src/stm32f4xx_hal.o
                0x20000008                uwTickFreq
 *fill*         0x20000009        0x3 
 .data.USBD_CDC_DeviceQualifierDesc
                0x2000000c        0xa ./Middlewares/ST/STM32_USB_Device_Library/Class/CDC/Src/usbd_cdc.o
 *fill*         0x20000016        0x2 
 .data.USBD_CDC
                0x20000018       0x38 ./Middlewares/ST/STM32_USB_Device_Library/Class/CDC/Src/usbd_cdc.o
                0x20000018                USBD_CDC
 .data.USBD_CDC_CfgDesc
                0x20000050       0x43 ./Middlewares/ST/STM32_USB_Device_Library/Class/CDC/Src/usbd_cdc.o
 .data.CDCInEpAdd
                0x20000093        0x1 ./Middlewares/ST/STM32_USB_Device_Library/Class/CDC/Src/usbd_cdc.o
 .data.CDCOutEpAdd
                0x20000094        0x1 ./Middlewares/ST/STM32_USB_Device_Library/Class/CDC/Src/usbd_cdc.o
 .data.CDCCmdEpAdd
                0x20000095        0x1 ./Middlewares/ST/STM32_USB_Device_Library/Class/CDC/Src/usbd_cdc.o
 *fill*         0x20000096        0x2 
 .data.USBD_Interface_fops_FS
                0x20000098       0x14 ./USB_DEVICE/App/usbd_cdc_if.o
                0x20000098                USBD_Interface_fops_FS
 .data.FS_Desc  0x200000ac       0x1c ./USB_DEVICE/App/usbd_desc.o
                0x200000ac                FS_Desc
 .data.USBD_FS_DeviceDesc
                0x200000c8       0x12 ./USB_DEVICE/App/usbd_desc.o
                0x200000c8                USBD_FS_DeviceDesc
 *fill*         0x200000da        0x2 
 .data.USBD_LangIDDesc
                0x200000dc        0x4 ./USB_DEVICE/App/usbd_desc.o
                0x200000dc                USBD_LangIDDesc
 .data.USBD_StringSerial
                0x200000e0       0x1a ./USB_DEVICE/App/usbd_desc.o
                0x200000e0                USBD_StringSerial
 *fill*         0x200000fa        0x2 
 .data.Font12   0x200000fc        0x8 ./User/Fonts/font12.o
                0x200000fc                Font12
 .data.Font16   0x20000104        0x8 ./User/Fonts/font16.o
                0x20000104                Font16
 .data.Font20   0x2000010c        0x8 ./User/Fonts/font20.o
                0x2000010c                Font20
 .data.Font24   0x20000114        0x8 ./User/Fonts/font24.o
                0x20000114                Font24
 .data.Font8    0x2000011c        0x8 ./User/Fonts/font8.o
                0x2000011c                Font8
 .data.__sglue  0x20000124        0xc C:/ST/STM32CubeIDE_1.19.0/STM32CubeIDE/plugins/com.st.stm32cube.ide.mcu.externaltools.gnu-tools-for-stm32.13.3.rel1.win32_1.0.0.202411081344/tools/bin/../lib/gcc/arm-none-eabi/13.3.1/../../../../arm-none-eabi/lib/thumb/v7e-m+fp/hard\libc_nano.a(libc_a-findfp.o)
                0x20000124                __sglue
 .data._impure_ptr
                0x20000130        0x4 C:/ST/STM32CubeIDE_1.19.0/STM32CubeIDE/plugins/com.st.stm32cube.ide.mcu.externaltools.gnu-tools-for-stm32.13.3.rel1.win32_1.0.0.202411081344/tools/bin/../lib/gcc/arm-none-eabi/13.3.1/../../../../arm-none-eabi/lib/thumb/v7e-m+fp/hard\libc_nano.a(libc_a-impure.o)
                0x20000130                _impure_ptr
 .data._impure_data
                0x20000134       0x4c C:/ST/STM32CubeIDE_1.19.0/STM32CubeIDE/plugins/com.st.stm32cube.ide.mcu.externaltools.gnu-tools-for-stm32.13.3.rel1.win32_1.0.0.202411081344/tools/bin/../lib/gcc/arm-none-eabi/13.3.1/../../../../arm-none-eabi/lib/thumb/v7e-m+fp/hard\libc_nano.a(libc_a-impure.o)
                0x20000134                _impure_data
 *(.RamFunc)
 *(.RamFunc*)
                0x20000180                        . = ALIGN (0x4)
                0x20000180                        _edata = .

.igot.plt       0x20000180        0x0 load address 0x08010778
 .igot.plt      0x20000180        0x0 C:/ST/STM32CubeIDE_1.19.0/STM32CubeIDE/plugins/com.st.stm32cube.ide.mcu.externaltools.gnu-tools-for-stm32.13.3.rel1.win32_1.0.0.202411081344/tools/bin/../lib/gcc/arm-none-eabi/13.3.1/thumb/v7e-m+fp/hard/crtbegin.o
                0x20000180                        . = ALIGN (0x4)

.bss            0x20000180     0x211c load address 0x08010778
                0x20000180                        _sbss = .
                0x20000180                        __bss_start__ = _sbss
 *(.bss)
 .bss           0x20000180       0x1c C:/ST/STM32CubeIDE_1.19.0/STM32CubeIDE/plugins/com.st.stm32cube.ide.mcu.externaltools.gnu-tools-for-stm32.13.3.rel1.win32_1.0.0.202411081344/tools/bin/../lib/gcc/arm-none-eabi/13.3.1/thumb/v7e-m+fp/hard/crtbegin.o
 *(.bss*)
 .bss.hspi1     0x2000019c       0x58 ./Core/Src/spi.o
                0x2000019c                hspi1
 .bss.__sbrk_heap_end
                0x200001f4        0x4 ./Core/Src/sysmem.o
 .bss.htim3     0x200001f8       0x48 ./Core/Src/tim.o
                0x200001f8                htim3
 .bss.huart2    0x20000240       0x48 ./Core/Src/usart.o
                0x20000240                huart2
 .bss.uwTick    0x20000288        0x4 ./Drivers/STM32F4xx_HAL_Driver/Src/stm32f4xx_hal.o
                0x20000288                uwTick
 .bss.cfgidx.0  0x2000028c        0x1 ./Middlewares/ST/STM32_USB_Device_Library/Core/Src/usbd_ctlreq.o
 *fill*         0x2000028d        0x3 
 .bss.hUsbDeviceFS
                0x20000290      0x2dc ./USB_DEVICE/App/usb_device.o
                0x20000290                hUsbDeviceFS
 .bss.UserRxBufferFS
                0x2000056c      0x800 ./USB_DEVICE/App/usbd_cdc_if.o
                0x2000056c                UserRxBufferFS
 .bss.UserTxBufferFS
                0x20000d6c      0x800 ./USB_DEVICE/App/usbd_cdc_if.o
                0x20000d6c                UserTxBufferFS
 .bss.USBD_StrDesc
                0x2000156c      0x200 ./USB_DEVICE/App/usbd_desc.o
                0x2000156c                USBD_StrDesc
 .bss.hpcd_USB_OTG_FS
                0x2000176c      0x4e4 ./USB_DEVICE/Target/usbd_conf.o
                0x2000176c                hpcd_USB_OTG_FS
 .bss.mem.0     0x20001c50      0x220 ./USB_DEVICE/Target/usbd_conf.o
 .bss.FatFs     0x20001e70        0x4 ./User/FATFS/ff.o
 .bss.Fsid      0x20001e74        0x2 ./User/FATFS/ff.o
 *fill*         0x20001e76        0x2 
 .bss.pDirectoryFiles
                0x20001e78       0x64 ./User/LCD/LCD_Bmp.o
                0x20001e78                pDirectoryFiles
 .bss.f_res     0x20001edc        0x1 ./User/LCD/LCD_Bmp.o
                0x20001edc                f_res
 *fill*         0x20001edd        0x3 
 .bss.microSDFatFs
                0x20001ee0      0x230 ./User/LCD/LCD_Bmp.o
                0x20001ee0                microSDFatFs
 .bss.sLCD_DIS  0x20002110        0xa ./User/LCD/LCD_Driver.o
                0x20002110                sLCD_DIS
 *fill*         0x2000211a        0x2 
 .bss.sTP_DEV   0x2000211c       0x1c ./User/LCD/LCD_Touch.o
 .bss.sTP_Draw  0x20002138        0x8 ./User/LCD/LCD_Touch.o
 .bss.sELECTONIC_LOAD_PARAMETERS
                0x20002140        0xc ./User/LCD/LCD_Touch.o
 .bss.SD_Type   0x2000214c        0x1 ./User/SDCard/MMC_SD.o
                0x2000214c                SD_Type
 *fill*         0x2000214d        0x3 
 .bss.__malloc_sbrk_start
                0x20002150        0x4 C:/ST/STM32CubeIDE_1.19.0/STM32CubeIDE/plugins/com.st.stm32cube.ide.mcu.externaltools.gnu-tools-for-stm32.13.3.rel1.win32_1.0.0.202411081344/tools/bin/../lib/gcc/arm-none-eabi/13.3.1/../../../../arm-none-eabi/lib/thumb/v7e-m+fp/hard\libc_nano.a(libc_a-mallocr.o)
                0x20002150                __malloc_sbrk_start
 .bss.__malloc_free_list
                0x20002154        0x4 C:/ST/STM32CubeIDE_1.19.0/STM32CubeIDE/plugins/com.st.stm32cube.ide.mcu.externaltools.gnu-tools-for-stm32.13.3.rel1.win32_1.0.0.202411081344/tools/bin/../lib/gcc/arm-none-eabi/13.3.1/../../../../arm-none-eabi/lib/thumb/v7e-m+fp/hard\libc_nano.a(libc_a-mallocr.o)
                0x20002154                __malloc_free_list
 .bss.__sf      0x20002158      0x138 C:/ST/STM32CubeIDE_1.19.0/STM32CubeIDE/plugins/com.st.stm32cube.ide.mcu.externaltools.gnu-tools-for-stm32.13.3.rel1.win32_1.0.0.202411081344/tools/bin/../lib/gcc/arm-none-eabi/13.3.1/../../../../arm-none-eabi/lib/thumb/v7e-m+fp/hard\libc_nano.a(libc_a-findfp.o)
                0x20002158                __sf
 .bss.__stdio_exit_handler
                0x20002290        0x4 C:/ST/STM32CubeIDE_1.19.0/STM32CubeIDE/plugins/com.st.stm32cube.ide.mcu.externaltools.gnu-tools-for-stm32.13.3.rel1.win32_1.0.0.202411081344/tools/bin/../lib/gcc/arm-none-eabi/13.3.1/../../../../arm-none-eabi/lib/thumb/v7e-m+fp/hard\libc_nano.a(libc_a-findfp.o)
                0x20002290                __stdio_exit_handler
 .bss.errno     0x20002294        0x4 C:/ST/STM32CubeIDE_1.19.0/STM32CubeIDE/plugins/com.st.stm32cube.ide.mcu.externaltools.gnu-tools-for-stm32.13.3.rel1.win32_1.0.0.202411081344/tools/bin/../lib/gcc/arm-none-eabi/13.3.1/../../../../arm-none-eabi/lib/thumb/v7e-m+fp/hard\libc_nano.a(libc_a-reent.o)
                0x20002294                errno
 .bss.__lock___malloc_recursive_mutex
                0x20002298        0x1 C:/ST/STM32CubeIDE_1.19.0/STM32CubeIDE/plugins/com.st.stm32cube.ide.mcu.externaltools.gnu-tools-for-stm32.13.3.rel1.win32_1.0.0.202411081344/tools/bin/../lib/gcc/arm-none-eabi/13.3.1/../../../../arm-none-eabi/lib/thumb/v7e-m+fp/hard\libc_nano.a(libc_a-lock.o)
                0x20002298                __lock___malloc_recursive_mutex
 .bss.__lock___sfp_recursive_mutex
                0x20002299        0x1 C:/ST/STM32CubeIDE_1.19.0/STM32CubeIDE/plugins/com.st.stm32cube.ide.mcu.externaltools.gnu-tools-for-stm32.13.3.rel1.win32_1.0.0.202411081344/tools/bin/../lib/gcc/arm-none-eabi/13.3.1/../../../../arm-none-eabi/lib/thumb/v7e-m+fp/hard\libc_nano.a(libc_a-lock.o)
                0x20002299                __lock___sfp_recursive_mutex
 *(COMMON)
                0x2000229c                        . = ALIGN (0x4)
 *fill*         0x2000229a        0x2 
                0x2000229c                        _ebss = .
                0x2000229c                        __bss_end__ = _ebss

._user_heap_stack
                0x2000229c      0x604 load address 0x08010778
                0x200022a0                        . = ALIGN (0x8)
 *fill*         0x2000229c        0x4 
                [!provide]                        PROVIDE (end = .)
                0x200022a0                        PROVIDE (_end = .)
                0x200024a0                        . = (. + _Min_Heap_Size)
 *fill*         0x200022a0      0x200 
                0x200028a0                        . = (. + _Min_Stack_Size)
 *fill*         0x200024a0      0x400 
                0x200028a0                        . = ALIGN (0x8)

/DISCARD/
 libc.a(*)
 libm.a(*)
 libgcc.a(*)

.ARM.attributes
                0x00000000       0x30
 *(.ARM.attributes)
 .ARM.attributes
                0x00000000       0x22 C:/ST/STM32CubeIDE_1.19.0/STM32CubeIDE/plugins/com.st.stm32cube.ide.mcu.externaltools.gnu-tools-for-stm32.13.3.rel1.win32_1.0.0.202411081344/tools/bin/../lib/gcc/arm-none-eabi/13.3.1/thumb/v7e-m+fp/hard/crti.o
 .ARM.attributes
                0x00000022       0x34 C:/ST/STM32CubeIDE_1.19.0/STM32CubeIDE/plugins/com.st.stm32cube.ide.mcu.externaltools.gnu-tools-for-stm32.13.3.rel1.win32_1.0.0.202411081344/tools/bin/../lib/gcc/arm-none-eabi/13.3.1/thumb/v7e-m+fp/hard/crtbegin.o
 .ARM.attributes
                0x00000056       0x34 ./Core/Src/gpio.o
 .ARM.attributes
                0x0000008a       0x34 ./Core/Src/main.o
 .ARM.attributes
                0x000000be       0x34 ./Core/Src/spi.o
 .ARM.attributes
                0x000000f2       0x34 ./Core/Src/stm32f4xx_hal_msp.o
 .ARM.attributes
                0x00000126       0x34 ./Core/Src/stm32f4xx_it.o
 .ARM.attributes
                0x0000015a       0x34 ./Core/Src/syscalls.o
 .ARM.attributes
                0x0000018e       0x34 ./Core/Src/sysmem.o
 .ARM.attributes
                0x000001c2       0x34 ./Core/Src/system_stm32f4xx.o
 .ARM.attributes
                0x000001f6       0x34 ./Core/Src/tim.o
 .ARM.attributes
                0x0000022a       0x34 ./Core/Src/usart.o
 .ARM.attributes
                0x0000025e       0x21 ./Core/Startup/startup_stm32f411ceux.o
 .ARM.attributes
                0x0000027f       0x34 ./Drivers/STM32F4xx_HAL_Driver/Src/stm32f4xx_hal.o
 .ARM.attributes
                0x000002b3       0x34 ./Drivers/STM32F4xx_HAL_Driver/Src/stm32f4xx_hal_cortex.o
 .ARM.attributes
                0x000002e7       0x34 ./Drivers/STM32F4xx_HAL_Driver/Src/stm32f4xx_hal_gpio.o
 .ARM.attributes
                0x0000031b       0x34 ./Drivers/STM32F4xx_HAL_Driver/Src/stm32f4xx_hal_pcd.o
 .ARM.attributes
                0x0000034f       0x34 ./Drivers/STM32F4xx_HAL_Driver/Src/stm32f4xx_hal_pcd_ex.o