Archive member included to satisfy reference by file (symbol)

C:/ST/STM32CubeIDE_1.19.0/STM32CubeIDE/plugins/com.st.stm32cube.ide.mcu.externaltools.gnu-tools-for-stm32.13.3.rel1.win32_1.0.0.202411081344/tools/bin/../lib/gcc/arm-none-eabi/13.3.1/../../../../arm-none-eabi/lib/thumb/v7e-m+fp/hard\libc_nano.a(libc_a-exit.o)
                              C:/ST/STM32CubeIDE_1.19.0/STM32CubeIDE/plugins/com.st.stm32cube.ide.mcu.externaltools.gnu-tools-for-stm32.13.3.rel1.win32_1.0.0.202411081344/tools/bin/../lib/gcc/arm-none-eabi/13.3.1/../../../../arm-none-eabi/lib/thumb/v7e-m+fp/hard/crt0.o (exit)
C:/ST/STM32CubeIDE_1.19.0/STM32CubeIDE/plugins/com.st.stm32cube.ide.mcu.externaltools.gnu-tools-for-stm32.13.3.rel1.win32_1.0.0.202411081344/tools/bin/../lib/gcc/arm-none-eabi/13.3.1/../../../../arm-none-eabi/lib/thumb/v7e-m+fp/hard\libc_nano.a(libc_a-malloc.o)
                              ./User/LCD/LCD_Bmp.o (malloc)
C:/ST/STM32CubeIDE_1.19.0/STM32CubeIDE/plugins/com.st.stm32cube.ide.mcu.externaltools.gnu-tools-for-stm32.13.3.rel1.win32_1.0.0.202411081344/tools/bin/../lib/gcc/arm-none-eabi/13.3.1/../../../../arm-none-eabi/lib/thumb/v7e-m+fp/hard\libc_nano.a(libc_a-mallocr.o)
                              C:/ST/STM32CubeIDE_1.19.0/STM32CubeIDE/plugins/com.st.stm32cube.ide.mcu.externaltools.gnu-tools-for-stm32.13.3.rel1.win32_1.0.0.202411081344/tools/bin/../lib/gcc/arm-none-eabi/13.3.1/../../../../arm-none-eabi/lib/thumb/v7e-m+fp/hard\libc_nano.a(libc_a-malloc.o) (_malloc_r)
C:/ST/STM32CubeIDE_1.19.0/STM32CubeIDE/plugins/com.st.stm32cube.ide.mcu.externaltools.gnu-tools-for-stm32.13.3.rel1.win32_1.0.0.202411081344/tools/bin/../lib/gcc/arm-none-eabi/13.3.1/../../../../arm-none-eabi/lib/thumb/v7e-m+fp/hard\libc_nano.a(libc_a-mlock.o)
                              C:/ST/STM32CubeIDE_1.19.0/STM32CubeIDE/plugins/com.st.stm32cube.ide.mcu.externaltools.gnu-tools-for-stm32.13.3.rel1.win32_1.0.0.202411081344/tools/bin/../lib/gcc/arm-none-eabi/13.3.1/../../../../arm-none-eabi/lib/thumb/v7e-m+fp/hard\libc_nano.a(libc_a-mallocr.o) (__malloc_lock)
C:/ST/STM32CubeIDE_1.19.0/STM32CubeIDE/plugins/com.st.stm32cube.ide.mcu.externaltools.gnu-tools-for-stm32.13.3.rel1.win32_1.0.0.202411081344/tools/bin/../lib/gcc/arm-none-eabi/13.3.1/../../../../arm-none-eabi/lib/thumb/v7e-m+fp/hard\libc_nano.a(libc_a-findfp.o)
                              C:/ST/STM32CubeIDE_1.19.0/STM32CubeIDE/plugins/com.st.stm32cube.ide.mcu.externaltools.gnu-tools-for-stm32.13.3.rel1.win32_1.0.0.202411081344/tools/bin/../lib/gcc/arm-none-eabi/13.3.1/../../../../arm-none-eabi/lib/thumb/v7e-m+fp/hard\libc_nano.a(libc_a-exit.o) (__stdio_exit_handler)
C:/ST/STM32CubeIDE_1.19.0/STM32CubeIDE/plugins/com.st.stm32cube.ide.mcu.externaltools.gnu-tools-for-stm32.13.3.rel1.win32_1.0.0.202411081344/tools/bin/../lib/gcc/arm-none-eabi/13.3.1/../../../../arm-none-eabi/lib/thumb/v7e-m+fp/hard\libc_nano.a(libc_a-fwalk.o)
                              C:/ST/STM32CubeIDE_1.19.0/STM32CubeIDE/plugins/com.st.stm32cube.ide.mcu.externaltools.gnu-tools-for-stm32.13.3.rel1.win32_1.0.0.202411081344/tools/bin/../lib/gcc/arm-none-eabi/13.3.1/../../../../arm-none-eabi/lib/thumb/v7e-m+fp/hard\libc_nano.a(libc_a-findfp.o) (_fwalk_sglue)
C:/ST/STM32CubeIDE_1.19.0/STM32CubeIDE/plugins/com.st.stm32cube.ide.mcu.externaltools.gnu-tools-for-stm32.13.3.rel1.win32_1.0.0.202411081344/tools/bin/../lib/gcc/arm-none-eabi/13.3.1/../../../../arm-none-eabi/lib/thumb/v7e-m+fp/hard\libc_nano.a(libc_a-printf.o)
                              ./User/FATFS/fatfs_storage.o (printf)
C:/ST/STM32CubeIDE_1.19.0/STM32CubeIDE/plugins/com.st.stm32cube.ide.mcu.externaltools.gnu-tools-for-stm32.13.3.rel1.win32_1.0.0.202411081344/tools/bin/../lib/gcc/arm-none-eabi/13.3.1/../../../../arm-none-eabi/lib/thumb/v7e-m+fp/hard\libc_nano.a(libc_a-puts.o)
                              ./Core/Src/main.o (puts)
C:/ST/STM32CubeIDE_1.19.0/STM32CubeIDE/plugins/com.st.stm32cube.ide.mcu.externaltools.gnu-tools-for-stm32.13.3.rel1.win32_1.0.0.202411081344/tools/bin/../lib/gcc/arm-none-eabi/13.3.1/../../../../arm-none-eabi/lib/thumb/v7e-m+fp/hard\libc_nano.a(libc_a-sprintf.o)
                              ./User/FATFS/fatfs_storage.o (sprintf)
C:/ST/STM32CubeIDE_1.19.0/STM32CubeIDE/plugins/com.st.stm32cube.ide.mcu.externaltools.gnu-tools-for-stm32.13.3.rel1.win32_1.0.0.202411081344/tools/bin/../lib/gcc/arm-none-eabi/13.3.1/../../../../arm-none-eabi/lib/thumb/v7e-m+fp/hard\libc_nano.a(libc_a-stdio.o)
                              C:/ST/STM32CubeIDE_1.19.0/STM32CubeIDE/plugins/com.st.stm32cube.ide.mcu.externaltools.gnu-tools-for-stm32.13.3.rel1.win32_1.0.0.202411081344/tools/bin/../lib/gcc/arm-none-eabi/13.3.1/../../../../arm-none-eabi/lib/thumb/v7e-m+fp/hard\libc_nano.a(libc_a-findfp.o) (__sread)
[...]
Memory Configuration

Name             Origin             Length             Attributes
RAM              0x20000000         0x00020000         xrw
FLASH            0x08000000         0x00080000         xr
*default*        0x00000000         0xffffffff

Linker script and memory map

LOAD C:/ST/STM32CubeIDE_1.19.0/STM32CubeIDE/plugins/com.st.stm32cube.ide.mcu.externaltools.gnu-tools-for-stm32.13.3.rel1.win32_1.0.0.202411081344/tools/bin/../lib/gcc/arm-none-eabi/13.3.1/thumb/v7e-m+fp/hard/crti.o
LOAD C:/ST/STM32CubeIDE_1.19.0/STM32CubeIDE/plugins/com.st.stm32cube.ide.mcu.externaltools.gnu-tools-for-stm32.13.3.rel1.win32_1.0.0.202411081344/tools/bin/../lib/gcc/arm-none-eabi/13.3.1/thumb/v7e-m+fp/hard/crtbegin.o
LOAD C:/ST/STM32CubeIDE_1.19.0/STM32CubeIDE/plugins/com.st.stm32cube.ide.mcu.externaltools.gnu-tools-for-stm32.13.3.rel1.win32_1.0.0.202411081344/tools/bin/../lib/gcc/arm-none-eabi/13.3.1/../../../../arm-none-eabi/lib/thumb/v7e-m+fp/hard/crt0.o
LOAD ./Core/Src/gpio.o
LOAD ./Core/Src/main.o
LOAD ./Core/Src/spi.o
LOAD ./Core/Src/stm32f4xx_hal_msp.o
LOAD ./Core/Src/stm32f4xx_it.o
LOAD ./Core/Src/syscalls.o
LOAD ./Core/Src/sysmem.o
LOAD ./Core/Src/system_stm32f4xx.o
LOAD ./Core/Src/tim.o
LOAD ./Core/Src/usart.o
LOAD ./Core/Startup/startup_stm32f411ceux.o
LOAD ./Drivers/STM32F4xx_HAL_Driver/Src/stm32f4xx_hal.o
LOAD ./Drivers/STM32F4xx_HAL_Driver/Src/stm32f4xx_hal_cortex.o
LOAD ./Drivers/STM32F4xx_HAL_Driver/Src/stm32f4xx_hal_dma.o
LOAD ./Drivers/STM32F4xx_HAL_Driver/Src/stm32f4xx_hal_dma_ex.o
LOAD ./Drivers/STM32F4xx_HAL_Driver/Src/stm32f4xx_hal_exti.o
LOAD ./Drivers/STM32F4xx_HAL_Driver/Src/stm32f4xx_hal_flash.o
LOAD ./Drivers/STM32F4xx_HAL_Driver/Src/stm32f4xx_hal_flash_ex.o
LOAD ./Drivers/STM32F4xx_HAL_Driver/Src/stm32f4xx_hal_flash_ramfunc.o
LOAD ./Drivers/STM32F4xx_HAL_Driver/Src/stm32f4xx_hal_gpio.o
LOAD ./Drivers/STM32F4xx_HAL_Driver/Src/stm32f4xx_hal_pcd.o
LOAD ./Drivers/STM32F4xx_HAL_Driver/Src/stm32f4xx_hal_pcd_ex.o
LOAD ./Drivers/STM32F4xx_HAL_Driver/Src/stm32f4xx_hal_pwr.o
LOAD ./Drivers/STM32F4xx_HAL_Driver/Src/stm32f4xx_hal_pwr_ex.o
LOAD ./Drivers/STM32F4xx_HAL_Driver/Src/stm32f4xx_hal_rcc.o
LOAD ./Drivers/STM32F4xx_HAL_Driver/Src/stm32f4xx_hal_rcc_ex.o
LOAD ./Drivers/STM32F4xx_HAL_Driver/Src/stm32f4xx_hal_spi.o
LOAD ./Drivers/STM32F4xx_HAL_Driver/Src/stm32f4xx_hal_tim.o
LOAD ./Drivers/STM32F4xx_HAL_Driver/Src/stm32f4xx_hal_tim_ex.o
LOAD ./Drivers/STM32F4xx_HAL_Driver/Src/stm32f4xx_hal_uart.o
LOAD ./Drivers/STM32F4xx_HAL_Driver/Src/stm32f4xx_ll_usb.o
LOAD ./Middlewares/ST/STM32_USB_Device_Library/Class/CDC/Src/usbd_cdc.o
LOAD ./Middlewares/ST/STM32_USB_Device_Library/Core/Src/usbd_core.o
LOAD ./Middlewares/ST/STM32_USB_Device_Library/Core/Src/usbd_ctlreq.o
LOAD ./Middlewares/ST/STM32_USB_Device_Library/Core/Src/usbd_ioreq.o
LOAD ./USB_DEVICE/App/usb_device.o
LOAD ./USB_DEVICE/App/usbd_cdc_if.o
LOAD ./USB_DEVICE/App/usbd_desc.o
LOAD ./USB_DEVICE/Target/usbd_conf.o
LOAD ./User/Config/DEV_Config.o
LOAD ./User/Encoder/ec11.o
LOAD ./User/FATFS/diskio.o
LOAD ./User/FATFS/fatfs_storage.o
LOAD ./User/FATFS/ff.o
LOAD ./User/FATFS/option/syscall.o
LOAD ./User/FATFS/option/unicode.o
LOAD ./User/Fonts/font12.o
LOAD ./User/Fonts/font16.o
LOAD ./User/Fonts/font20.o
LOAD ./User/Fonts/font24.o
LOAD ./User/Fonts/font8.o
LOAD ./User/LCD/LCD_Bmp.o
LOAD ./User/LCD/LCD_Driver.o
LOAD ./User/LCD/LCD_GUI.o
LOAD ./User/LCD/LCD_Touch.o
LOAD ./User/SDCard/MMC_SD.o
START GROUP
LOAD C:/ST/STM32CubeIDE_1.19.0/STM32CubeIDE/plugins/com.st.stm32cube.ide.mcu.externaltools.gnu-tools-for-stm32.13.3.rel1.win32_1.0.0.202411081344/tools/bin/../lib/gcc/arm-none-eabi/13.3.1/../../../../arm-none-eabi/lib/thumb/v7e-m+fp/hard\libc_nano.a
LOAD C:/ST/STM32CubeIDE_1.19.0/STM32CubeIDE/plugins/com.st.stm32cube.ide.mcu.externaltools.gnu-tools-for-stm32.13.3.rel1.win32_1.0.0.202411081344/tools/bin/../lib/gcc/arm-none-eabi/13.3.1/../../../../arm-none-eabi/lib/thumb/v7e-m+fp/hard\libm.a
END GROUP
START GROUP
LOAD C:/ST/STM32CubeIDE_1.19.0/STM32CubeIDE/plugins/com.st.stm32cube.ide.mcu.externaltools.gnu-tools-for-stm32.13.3.rel1.win32_1.0.0.202411081344/tools/bin/../lib/gcc/arm-none-eabi/13.3.1/thumb/v7e-m+fp/hard\libgcc.a
LOAD C:/ST/STM32CubeIDE_1.19.0/STM32CubeIDE/plugins/com.st.stm32cube.ide.mcu.externaltools.gnu-tools-for-stm32.13.3.rel1.win32_1.0.0.202411081344/tools/bin/../lib/gcc/arm-none-eabi/13.3.1/../../../../arm-none-eabi/lib/thumb/v7e-m+fp/hard\libc_nano.a
END GROUP
START GROUP
LOAD C:/ST/STM32CubeIDE_1.19.0/STM32CubeIDE/plugins/com.st.stm32cube.ide.mcu.externaltools.gnu-tools-for-stm32.13.3.rel1.win32_1.0.0.202411081344/tools/bin/../lib/gcc/arm-none-eabi/13.3.1/thumb/v7e-m+fp/hard\libgcc.a
LOAD C:/ST/STM32CubeIDE_1.19.0/STM32CubeIDE/plugins/com.st.stm32cube.ide.mcu.externaltools.gnu-tools-for-stm32.13.3.rel1.win32_1.0.0.202411081344/tools/bin/../lib/gcc/arm-none-eabi/13.3.1/../../../../arm-none-eabi/lib/thumb/v7e-m+fp/hard\libc_nano.a
LOAD C:/ST/STM32CubeIDE_1.19.0/STM32CubeIDE/plugins/com.st.stm32cube.ide.mcu.externaltools.gnu-tools-for-stm32.13.3.rel1.win32_1.0.0.202411081344/tools/bin/../lib/gcc/arm-none-eabi/13.3.1/../../../../arm-none-eabi/lib/thumb/v7e-m+fp/hard\libnosys.a
END GROUP
START GROUP
LOAD C:/ST/STM32CubeIDE_1.19.0/STM32CubeIDE/plugins/com.st.stm32cube.ide.mcu.externaltools.gnu-tools-for-stm32.13.3.rel1.win32_1.0.0.202411081344/tools/bin/../lib/gcc/arm-none-eabi/13.3.1/thumb/v7e-m+fp/hard\libgcc.a
LOAD C:/ST/STM32CubeIDE_1.19.0/STM32CubeIDE/plugins/com.st.stm32cube.ide.mcu.externaltools.gnu-tools-for-stm32.13.3.rel1.win32_1.0.0.202411081344/tools/bin/../lib/gcc/arm-none-eabi/13.3.1/../../../../arm-none-eabi/lib/thumb/v7e-m+fp/hard\libc_nano.a
LOAD C:/ST/STM32CubeIDE_1.19.0/STM32CubeIDE/plugins/com.st.stm32cube.ide.mcu.externaltools.gnu-tools-for-stm32.13.3.rel1.win32_1.0.0.202411081344/tools/bin/../lib/gcc/arm-none-eabi/13.3.1/../../../../arm-none-eabi/lib/thumb/v7e-m+fp/hard\libnosys.a
END GROUP
LOAD C:/ST/STM32CubeIDE_1.19.0/STM32CubeIDE/plugins/com.st.stm32cube.ide.mcu.externaltools.gnu-tools-for-stm32.13.3.rel1.win32_1.0.0.202411081344/tools/bin/../lib/gcc/arm-none-eabi/13.3.1/thumb/v7e-m+fp/hard/crtend.o
LOAD C:/ST/STM32CubeIDE_1.19.0/STM32CubeIDE/plugins/com.st.stm32cube.ide.mcu.externaltools.gnu-tools-for-stm32.13.3.rel1.win32_1.0.0.202411081344/tools/bin/../lib/gcc/arm-none-eabi/13.3.1/thumb/v7e-m+fp/hard/crtn.o
                0x20020000                        _estack = (ORIGIN (RAM) + LENGTH (RAM))
                0x00000200                        _Min_Heap_Size = 0x200
                0x00000400                        _Min_Stack_Size = 0x400

.isr_vector     0x08000000      0x198
                0x08000000                        . = ALIGN (0x4)
 *(.isr_vector)
 .isr_vector    0x08000000      0x198 ./Core/Startup/startup_stm32f411ceux.o
                0x08000000                g_pfnVectors
                0x08000198                        . = ALIGN (0x4)

.text           0x080001a0     0xbe38
                0x080001a0                        . = ALIGN (0x4)
 *(.text)
 .text          0x080001a0       0x40 C:/ST/STM32CubeIDE_1.19.0/STM32CubeIDE/plugins/com.st.stm32cube.ide.mcu.externaltools.gnu-tools-for-stm32.13.3.rel1.win32_1.0.0.202411081344/tools/bin/../lib/gcc/arm-none-eabi/13.3.1/thumb/v7e-m+fp/hard/crtbegin.o
 .text          0x080001e0       0x10 C:/ST/STM32CubeIDE_1.19.0/STM32CubeIDE/plugins/com.st.stm32cube.ide.mcu.externaltools.gnu-tools-for-stm32.13.3.rel1.win32_1.0.0.202411081344/tools/bin/../lib/gcc/arm-none-eabi/13.3.1/../../../../arm-none-eabi/lib/thumb/v7e-m+fp/hard\libc_nano.a(libc_a-strlen.o)
                0x080001e0                strlen
 .text          0x080001f0       0xa0 C:/ST/STM32CubeIDE_1.19.0/STM32CubeIDE/plugins/com.st.stm32cube.ide.mcu.externaltools.gnu-tools-for-stm32.13.3.rel1.win32_1.0.0.202411081344/tools/bin/../lib/gcc/arm-none-eabi/13.3.1/../../../../arm-none-eabi/lib/thumb/v7e-m+fp/hard\libc_nano.a(libc_a-memchr.o)
                0x080001f0                memchr
 .text          0x08000290       0x30 C:/ST/STM32CubeIDE_1.19.0/STM32CubeIDE/plugins/com.st.stm32cube.ide.mcu.externaltools.gnu-tools-for-stm32.13.3.rel1.win32_1.0.0.202411081344/tools/bin/../lib/gcc/arm-none-eabi/13.3.1/thumb/v7e-m+fp/hard\libgcc.a(_aeabi_uldivmod.o)
                0x08000290                __aeabi_uldivmod
 .text          0x080002c0      0x2f8 C:/ST/STM32CubeIDE_1.19.0/STM32CubeIDE/plugins/com.st.stm32cube.ide.mcu.externaltools.gnu-tools-for-stm32.13.3.rel1.win32_1.0.0.202411081344/tools/bin/../lib/gcc/arm-none-eabi/13.3.1/thumb/v7e-m+fp/hard\libgcc.a(_udivmoddi4.o)
                0x080002c0                __udivmoddi4
 .text          0x080005b8        0x4 C:/ST/STM32CubeIDE_1.19.0/STM32CubeIDE/plugins/com.st.stm32cube.ide.mcu.externaltools.gnu-tools-for-stm32.13.3.rel1.win32_1.0.0.202411081344/tools/bin/../lib/gcc/arm-none-eabi/13.3.1/thumb/v7e-m+fp/hard\libgcc.a(_dvmd_tls.o)
                0x080005b8                __aeabi_idiv0
                0x080005b8                __aeabi_ldiv0
 *(.text*)
 .text.MX_GPIO_Init
                0x080005bc       0xe8 ./Core/Src/gpio.o
                0x080005bc                MX_GPIO_Init
 .text.main     0x080006a4       0xe0 ./Core/Src/main.o
                0x080006a4                main
 .text.SystemClock_Config
                0x08000784      0x108 ./Core/Src/main.o
                0x08000784                SystemClock_Config
 .text.USB_Send_Message
                0x0800088c       0x26 ./Core/Src/main.o
                0x0800088c                USB_Send_Message
 .text._Error_Handler
                0x080008b2       0x12 ./Core/Src/main.o
                0x080008b2                _Error_Handler
 .text.MX_SPI1_Init
                0x080008c4       0x74 ./Core/Src/spi.o
                0x080008c4                MX_SPI1_Init
 .text.HAL_SPI_MspInit
                0x08000938       0x90 ./Core/Src/spi.o
                0x08000938                HAL_SPI_MspInit
 .text.HAL_MspInit
                0x080009c8       0x50 ./Core/Src/stm32f4xx_hal_msp.o
                0x080009c8                HAL_MspInit
 .text.NMI_Handler
                0x08000a18        0x8 ./Core/Src/stm32f4xx_it.o
                0x08000a18                NMI_Handler
 .text.HardFault_Handler
                0x08000a20        0x8 ./Core/Src/stm32f4xx_it.o
                0x08000a20                HardFault_Handler
 .text.MemManage_Handler
                0x08000a28        0x8 ./Core/Src/stm32f4xx_it.o
                0x08000a28                MemManage_Handler
 .text.BusFault_Handler
                0x08000a30        0x8 ./Core/Src/stm32f4xx_it.o
                0x08000a30                BusFault_Handler
 .text.UsageFault_Handler
                0x08000a38        0x8 ./Core/Src/stm32f4xx_it.o
                0x08000a38                UsageFault_Handler
 .text.SVC_Handler
                0x08000a40        0xe ./Core/Src/stm32f4xx_it.o
                0x08000a40                SVC_Handler
 .text.DebugMon_Handler
                0x08000a4e        0xe ./Core/Src/stm32f4xx_it.o
                0x08000a4e                DebugMon_Handler
 .text.PendSV_Handler
                0x08000a5c        0xe ./Core/Src/stm32f4xx_it.o
                0x08000a5c                PendSV_Handler
 .text.SysTick_Handler
                0x08000a6a        0xc ./Core/Src/stm32f4xx_it.o
                0x08000a6a                SysTick_Handler
 *fill*         0x08000a76        0x2 
 .text.OTG_FS_IRQHandler
                0x08000a78       0x14 ./Core/Src/stm32f4xx_it.o
                0x08000a78                OTG_FS_IRQHandler
 .text._read    0x08000a8c       0x3a ./Core/Src/syscalls.o
                0x08000a8c                _read
 .text._write   0x08000ac6       0x38 ./Core/Src/syscalls.o
                0x08000ac6                _write
 .text._close   0x08000afe       0x18 ./Core/Src/syscalls.o
                0x08000afe                _close
 .text._fstat   0x08000b16       0x20 ./Core/Src/syscalls.o
                0x08000b16                _fstat
 .text._isatty  0x08000b36       0x16 ./Core/Src/syscalls.o
                0x08000b36                _isatty
 .text._lseek   0x08000b4c       0x1a ./Core/Src/syscalls.o
                0x08000b4c                _lseek
 *fill*         0x08000b66        0x2 
 .text._sbrk    0x08000b68       0x6c ./Core/Src/sysmem.o
                0x08000b68                _sbrk
 .text.SystemInit
                0x08000bd4       0x24 ./Core/Src/system_stm32f4xx.o
                0x08000bd4                SystemInit
 .text.MX_TIM3_Init
                0x08000bf8       0xc4 ./Core/Src/tim.o
                0x08000bf8                MX_TIM3_Init
 .text.HAL_TIM_PWM_MspInit
                0x08000cbc       0x44 ./Core/Src/tim.o
                0x08000cbc                HAL_TIM_PWM_MspInit
 .text.HAL_TIM_MspPostInit
                0x08000d00       0x74 ./Core/Src/tim.o
                0x08000d00                HAL_TIM_MspPostInit
 .text.MX_USART2_UART_Init
                0x08000d74       0x5c ./Core/Src/usart.o
                0x08000d74                MX_USART2_UART_Init
 .text.HAL_UART_MspInit
                0x08000dd0       0x90 ./Core/Src/usart.o
                0x08000dd0                HAL_UART_MspInit
 .text.Reset_Handler
                0x08000e60       0x50 ./Core/Startup/startup_stm32f411ceux.o
                0x08000e60                Reset_Handler
 .text.Default_Handler
                0x08000eb0        0x2 ./Core/Startup/startup_stm32f411ceux.o
                0x08000eb0                RTC_Alarm_IRQHandler
                0x08000eb0                EXTI2_IRQHandler
                0x08000eb0                SPI4_IRQHandler
                0x08000eb0                TIM1_CC_IRQHandler
                0x08000eb0                DMA2_Stream5_IRQHandler
                0x08000eb0                DMA1_Stream5_IRQHandler
                0x08000eb0                PVD_IRQHandler
                0x08000eb0                SDIO_IRQHandler
                0x08000eb0                TAMP_STAMP_IRQHandler
                0x08000eb0                EXTI3_IRQHandler
                0x08000eb0                TIM1_UP_TIM10_IRQHandler
                0x08000eb0                I2C3_ER_IRQHandler
                0x08000eb0                EXTI0_IRQHandler
                0x08000eb0                I2C2_EV_IRQHandler
                0x08000eb0                DMA1_Stream2_IRQHandler
                0x08000eb0                FPU_IRQHandler
                0x08000eb0                DMA2_Stream2_IRQHandler
                0x08000eb0                SPI1_IRQHandler
                0x08000eb0                TIM1_BRK_TIM9_IRQHandler
                0x08000eb0                DMA2_Stream3_IRQHandler
                0x08000eb0                USART6_IRQHandler
                0x08000eb0                DMA2_Stream0_IRQHandler
                0x08000eb0                TIM4_IRQHandler
                0x08000eb0                I2C1_EV_IRQHandler
                0x08000eb0                DMA1_Stream6_IRQHandler
                0x08000eb0                DMA1_Stream1_IRQHandler
                0x08000eb0                TIM3_IRQHandler
                0x08000eb0                RCC_IRQHandler
                0x08000eb0                Default_Handler
                0x08000eb0                EXTI15_10_IRQHandler
                0x08000eb0                ADC_IRQHandler
                0x08000eb0                DMA1_Stream7_IRQHandler
                0x08000eb0                SPI5_IRQHandler
                0x08000eb0                TIM5_IRQHandler
                0x08000eb0                DMA2_Stream7_IRQHandler
                0x08000eb0                I2C3_EV_IRQHandler
                0x08000eb0                EXTI9_5_IRQHandler
                0x08000eb0                RTC_WKUP_IRQHandler
                0x08000eb0                SPI2_IRQHandler
                0x08000eb0                DMA1_Stream0_IRQHandler
                0x08000eb0                EXTI4_IRQHandler
                0x08000eb0                WWDG_IRQHandler
                0x08000eb0                TIM2_IRQHandler
                0x08000eb0                OTG_FS_WKUP_IRQHandler
                0x08000eb0                TIM1_TRG_COM_TIM11_IRQHandler
                0x08000eb0                EXTI1_IRQHandler
                0x08000eb0                USART2_IRQHandler
                0x08000eb0                I2C2_ER_IRQHandler
                0x08000eb0                DMA2_Stream1_IRQHandler
                0x08000eb0                FLASH_IRQHandler
                0x08000eb0                DMA2_Stream4_IRQHandler
                0x08000eb0                USART1_IRQHandler
                0x08000eb0                SPI3_IRQHandler
                0x08000eb0                DMA1_Stream4_IRQHandler
                0x08000eb0                I2C1_ER_IRQHandler
                0x08000eb0                DMA2_Stream6_IRQHandler
                0x08000eb0                DMA1_Stream3_IRQHandler
 *fill*         0x08000eb2        0x2 
 .text.HAL_Init
                0x08000eb4       0x44 ./Drivers/STM32F4xx_HAL_Driver/Src/stm32f4xx_hal.o
                0x08000eb4                HAL_Init
 .text.HAL_InitTick
                0x08000ef8       0x60 ./Drivers/STM32F4xx_HAL_Driver/Src/stm32f4xx_hal.o
                0x08000ef8                HAL_InitTick
 .text.HAL_IncTick
                0x08000f58       0x28 ./Drivers/STM32F4xx_HAL_Driver/Src/stm32f4xx_hal.o
                0x08000f58                HAL_IncTick
 .text.HAL_GetTick
                0x08000f80       0x18 ./Drivers/STM32F4xx_HAL_Driver/Src/stm32f4xx_hal.o
                0x08000f80                HAL_GetTick
 .text.HAL_Delay
                0x08000f98       0x48 ./Drivers/STM32F4xx_HAL_Driver/Src/stm32f4xx_hal.o
                0x08000f98                HAL_Delay
 .text.__NVIC_SetPriorityGrouping
                0x08000fe0       0x48 ./Drivers/STM32F4xx_HAL_Driver/Src/stm32f4xx_hal_cortex.o
 .text.__NVIC_GetPriorityGrouping
                0x08001028       0x1c ./Drivers/STM32F4xx_HAL_Driver/Src/stm32f4xx_hal_cortex.o
 .text.__NVIC_EnableIRQ
                0x08001044       0x3c ./Drivers/STM32F4xx_HAL_Driver/Src/stm32f4xx_hal_cortex.o
 .text.__NVIC_SetPriority
                0x08001080       0x54 ./Drivers/STM32F4xx_HAL_Driver/Src/stm32f4xx_hal_cortex.o
 .text.NVIC_EncodePriority
                0x080010d4       0x66 ./Drivers/STM32F4xx_HAL_Driver/Src/stm32f4xx_hal_cortex.o
 *fill*         0x0800113a        0x2 
 .text.SysTick_Config
                0x0800113c       0x44 ./Drivers/STM32F4xx_HAL_Driver/Src/stm32f4xx_hal_cortex.o
 .text.HAL_NVIC_SetPriorityGrouping
                0x08001180       0x16 ./Drivers/STM32F4xx_HAL_Driver/Src/stm32f4xx_hal_cortex.o
                0x08001180                HAL_NVIC_SetPriorityGrouping
 .text.HAL_NVIC_SetPriority
                0x08001196       0x38 ./Drivers/STM32F4xx_HAL_Driver/Src/stm32f4xx_hal_cortex.o
                0x08001196                HAL_NVIC_SetPriority
 .text.HAL_NVIC_EnableIRQ
                0x080011ce       0x1c ./Drivers/STM32F4xx_HAL_Driver/Src/stm32f4xx_hal_cortex.o
                0x080011ce                HAL_NVIC_EnableIRQ
 .text.HAL_SYSTICK_Config
                0x080011ea       0x18 ./Drivers/STM32F4xx_HAL_Driver/Src/stm32f4xx_hal_cortex.o
                0x080011ea                HAL_SYSTICK_Config
 *fill*         0x08001202        0x2 
 .text.HAL_SYSTICK_CLKSourceConfig
                0x08001204       0x38 ./Drivers/STM32F4xx_HAL_Driver/Src/stm32f4xx_hal_cortex.o
                0x08001204                HAL_SYSTICK_CLKSourceConfig
 .text.HAL_GPIO_Init
                0x0800123c      0x308 ./Drivers/STM32F4xx_HAL_Driver/Src/stm32f4xx_hal_gpio.o
                0x0800123c                HAL_GPIO_Init
 .text.HAL_GPIO_ReadPin
                0x08001544       0x30 ./Drivers/STM32F4xx_HAL_Driver/Src/stm32f4xx_hal_gpio.o
                0x08001544                HAL_GPIO_ReadPin
 .text.HAL_GPIO_WritePin
                0x08001574       0x32 ./Drivers/STM32F4xx_HAL_Driver/Src/stm32f4xx_hal_gpio.o
                0x08001574                HAL_GPIO_WritePin
 .text.HAL_PCD_Init
                0x080015a6      0x21e ./Drivers/STM32F4xx_HAL_Driver/Src/stm32f4xx_hal_pcd.o
                0x080015a6                HAL_PCD_Init
 .text.HAL_PCD_Start
                0x080017c4       0x6a ./Drivers/STM32F4xx_HAL_Driver/Src/stm32f4xx_hal_pcd.o
                0x080017c4                HAL_PCD_Start
 .text.HAL_PCD_IRQHandler
                0x0800182e      0x942 ./Drivers/STM32F4xx_HAL_Driver/Src/stm32f4xx_hal_pcd.o
                0x0800182e                HAL_PCD_IRQHandler
 .text.HAL_PCD_SetAddress
                0x08002170       0x48 ./Drivers/STM32F4xx_HAL_Driver/Src/stm32f4xx_hal_pcd.o
                0x08002170                HAL_PCD_SetAddress
 .text.HAL_PCD_EP_Open
                0x080021b8       0xd4 ./Drivers/STM32F4xx_HAL_Driver/Src/stm32f4xx_hal_pcd.o
                0x080021b8                HAL_PCD_EP_Open
 .text.HAL_PCD_EP_Close
                0x0800228c       0x94 ./Drivers/STM32F4xx_HAL_Driver/Src/stm32f4xx_hal_pcd.o
                0x0800228c                HAL_PCD_EP_Close
 .text.HAL_PCD_EP_Receive
                0x08002320       0x76 ./Drivers/STM32F4xx_HAL_Driver/Src/stm32f4xx_hal_pcd.o
                0x08002320                HAL_PCD_EP_Receive
 .text.HAL_PCD_EP_GetRxCount
                0x08002396       0x30 ./Drivers/STM32F4xx_HAL_Driver/Src/stm32f4xx_hal_pcd.o
                0x08002396                HAL_PCD_EP_GetRxCount
 .text.HAL_PCD_EP_Transmit
                0x080023c6       0x74 ./Drivers/STM32F4xx_HAL_Driver/Src/stm32f4xx_hal_pcd.o
                0x080023c6                HAL_PCD_EP_Transmit
 .text.HAL_PCD_EP_SetStall
                0x0800243a       0xc6 ./Drivers/STM32F4xx_HAL_Driver/Src/stm32f4xx_hal_pcd.o
                0x0800243a                HAL_PCD_EP_SetStall
 .text.HAL_PCD_EP_ClrStall
                0x08002500       0xac ./Drivers/STM32F4xx_HAL_Driver/Src/stm32f4xx_hal_pcd.o
                0x08002500                HAL_PCD_EP_ClrStall
 .text.HAL_PCD_EP_Abort
                0x080025ac       0x62 ./Drivers/STM32F4xx_HAL_Driver/Src/stm32f4xx_hal_pcd.o
                0x080025ac                HAL_PCD_EP_Abort
 .text.PCD_WriteEmptyTxFifo
                0x0800260e      0x118 ./Drivers/STM32F4xx_HAL_Driver/Src/stm32f4xx_hal_pcd.o
 *fill*         0x08002726        0x2 
 .text.PCD_EP_OutXfrComplete_int
                0x08002728      0x1d0 ./Drivers/STM32F4xx_HAL_Driver/Src/stm32f4xx_hal_pcd.o
 .text.PCD_EP_OutSetupPacket_int
                0x080028f8       0x8c ./Drivers/STM32F4xx_HAL_Driver/Src/stm32f4xx_hal_pcd.o
 .text.HAL_PCDEx_SetTxFiFo
                0x08002984       0x8e ./Drivers/STM32F4xx_HAL_Driver/Src/stm32f4xx_hal_pcd_ex.o
                0x08002984                HAL_PCDEx_SetTxFiFo
 .text.HAL_PCDEx_SetRxFiFo
                0x08002a12       0x22 ./Drivers/STM32F4xx_HAL_Driver/Src/stm32f4xx_hal_pcd_ex.o
                0x08002a12                HAL_PCDEx_SetRxFiFo
 .text.HAL_PCDEx_LPM_Callback
                0x08002a34       0x18 ./Drivers/STM32F4xx_HAL_Driver/Src/stm32f4xx_hal_pcd_ex.o
                0x08002a34                HAL_PCDEx_LPM_Callback
 .text.HAL_RCC_OscConfig
                0x08002a4c      0x4f0 ./Drivers/STM32F4xx_HAL_Driver/Src/stm32f4xx_hal_rcc.o
                0x08002a4c                HAL_RCC_OscConfig
 .text.HAL_RCC_ClockConfig
                0x08002f3c      0x1cc ./Drivers/STM32F4xx_HAL_Driver/Src/stm32f4xx_hal_rcc.o
                0x08002f3c                HAL_RCC_ClockConfig
 .text.HAL_RCC_GetSysClockFreq
                0x08003108      0x18c ./Drivers/STM32F4xx_HAL_Driver/Src/stm32f4xx_hal_rcc.o
                0x08003108                HAL_RCC_GetSysClockFreq
 .text.HAL_RCC_GetHCLKFreq
                0x08003294       0x18 ./Drivers/STM32F4xx_HAL_Driver/Src/stm32f4xx_hal_rcc.o
                0x08003294                HAL_RCC_GetHCLKFreq
 .text.HAL_RCC_GetPCLK1Freq
                0x080032ac       0x28 ./Drivers/STM32F4xx_HAL_Driver/Src/stm32f4xx_hal_rcc.o
                0x080032ac                HAL_RCC_GetPCLK1Freq
 .text.HAL_RCC_GetPCLK2Freq
                0x080032d4       0x28 ./Drivers/STM32F4xx_HAL_Driver/Src/stm32f4xx_hal_rcc.o
                0x080032d4                HAL_RCC_GetPCLK2Freq
 .text.HAL_SPI_Init
                0x080032fc      0x112 ./Drivers/STM32F4xx_HAL_Driver/Src/stm32f4xx_hal_spi.o
                0x080032fc                HAL_SPI_Init
 .text.HAL_TIM_PWM_Init
                0x0800340e       0x9e ./Drivers/STM32F4xx_HAL_Driver/Src/stm32f4xx_hal_tim.o
                0x0800340e                HAL_TIM_PWM_Init
 .text.HAL_TIM_PWM_Start
                0x080034ac      0x160 ./Drivers/STM32F4xx_HAL_Driver/Src/stm32f4xx_hal_tim.o
                0x080034ac                HAL_TIM_PWM_Start
 .text.HAL_TIM_PWM_ConfigChannel
                0x0800360c      0x184 ./Drivers/STM32F4xx_HAL_Driver/Src/stm32f4xx_hal_tim.o
                0x0800360c                HAL_TIM_PWM_ConfigChannel
 .text.TIM_Base_SetConfig
                0x08003790      0x10c ./Drivers/STM32F4xx_HAL_Driver/Src/stm32f4xx_hal_tim.o
                0x08003790                TIM_Base_SetConfig
 .text.TIM_OC1_SetConfig
                0x0800389c       0xcc ./Drivers/STM32F4xx_HAL_Driver/Src/stm32f4xx_hal_tim.o
 .text.TIM_OC2_SetConfig
                0x08003968       0xd8 ./Drivers/STM32F4xx_HAL_Driver/Src/stm32f4xx_hal_tim.o
                0x08003968                TIM_OC2_SetConfig
 .text.TIM_OC3_SetConfig
                0x08003a40       0xd4 ./Drivers/STM32F4xx_HAL_Driver/Src/stm32f4xx_hal_tim.o
 .text.TIM_OC4_SetConfig
                0x08003b14       0xa0 ./Drivers/STM32F4xx_HAL_Driver/Src/stm32f4xx_hal_tim.o
 .text.TIM_CCxChannelCmd
                0x08003bb4       0x4a ./Drivers/STM32F4xx_HAL_Driver/Src/stm32f4xx_hal_tim.o
                0x08003bb4                TIM_CCxChannelCmd
 *fill*         0x08003bfe        0x2 
 .text.HAL_TIMEx_MasterConfigSynchronization
                0x08003c00       0xdc ./Drivers/STM32F4xx_HAL_Driver/Src/stm32f4xx_hal_tim_ex.o
                0x08003c00                HAL_TIMEx_MasterConfigSynchronization
 .text.HAL_UART_Init
                0x08003cdc       0xa0 ./Drivers/STM32F4xx_HAL_Driver/Src/stm32f4xx_hal_uart.o
                0x08003cdc                HAL_UART_Init
 .text.UART_SetConfig
                0x08003d7c      0x4e8 ./Drivers/STM32F4xx_HAL_Driver/Src/stm32f4xx_hal_uart.o
 .text.USB_CoreInit
                0x08004264       0xc8 ./Drivers/STM32F4xx_HAL_Driver/Src/stm32f4xx_ll_usb.o
                0x08004264                USB_CoreInit
 .text.USB_SetTurnaroundTime
                0x0800432c      0x144 ./Drivers/STM32F4xx_HAL_Driver/Src/stm32f4xx_ll_usb.o
                0x0800432c                USB_SetTurnaroundTime
 .text.USB_EnableGlobalInt
                0x08004470       0x22 ./Drivers/STM32F4xx_HAL_Driver/Src/stm32f4xx_ll_usb.o
                0x08004470                USB_EnableGlobalInt
 .text.USB_DisableGlobalInt
                0x08004492       0x22 ./Drivers/STM32F4xx_HAL_Driver/Src/stm32f4xx_ll_usb.o
                0x08004492                USB_DisableGlobalInt
 .text.USB_SetCurrentMode
                0x080044b4       0x98 ./Drivers/STM32F4xx_HAL_Driver/Src/stm32f4xx_ll_usb.o
                0x080044b4                USB_SetCurrentMode
 .text.USB_DevInit
                0x0800454c      0x2c8 ./Drivers/STM32F4xx_HAL_Driver/Src/stm32f4xx_ll_usb.o
                0x0800454c                USB_DevInit
 .text.USB_FlushTxFifo
                0x08004814       0x64 ./Drivers/STM32F4xx_HAL_Driver/Src/stm32f4xx_ll_usb.o
                0x08004814                USB_FlushTxFifo
 .text.USB_FlushRxFifo
                0x08004878       0x5c ./Drivers/STM32F4xx_HAL_Driver/Src/stm32f4xx_ll_usb.o
                0x08004878                USB_FlushRxFifo
 .text.USB_SetDevSpeed
                0x080048d4       0x32 ./Drivers/STM32F4xx_HAL_Driver/Src/stm32f4xx_ll_usb.o
                0x080048d4                USB_SetDevSpeed
 .text.USB_GetDevSpeed
                0x08004906       0x4a ./Drivers/STM32F4xx_HAL_Driver/Src/stm32f4xx_ll_usb.o
                0x08004906                USB_GetDevSpeed
 .text.USB_ActivateEndpoint
                0x08004950      0x10e ./Drivers/STM32F4xx_HAL_Driver/Src/stm32f4xx_ll_usb.o
                0x08004950                USB_ActivateEndpoint
 *fill*         0x08004a5e        0x2 
 .text.USB_DeactivateEndpoint
                0x08004a60      0x1b8 ./Drivers/STM32F4xx_HAL_Driver/Src/stm32f4xx_ll_usb.o
                0x08004a60                USB_DeactivateEndpoint
 .text.USB_EPStartXfer
                0x08004c18      0x53c ./Drivers/STM32F4xx_HAL_Driver/Src/stm32f4xx_ll_usb.o
                0x08004c18                USB_EPStartXfer
 .text.USB_EPStopXfer
                0x08005154      0x154 ./Drivers/STM32F4xx_HAL_Driver/Src/stm32f4xx_ll_usb.o
                0x08005154                USB_EPStopXfer
 .text.USB_WritePacket
                0x080052a8       0x7c ./Drivers/STM32F4xx_HAL_Driver/Src/stm32f4xx_ll_usb.o
                0x080052a8                USB_WritePacket
 .text.USB_ReadPacket
                0x08005324       0xb0 ./Drivers/STM32F4xx_HAL_Driver/Src/stm32f4xx_ll_usb.o
                0x08005324                USB_ReadPacket
 .text.USB_EPSetStall
                0x080053d4       0xdc ./Drivers/STM32F4xx_HAL_Driver/Src/stm32f4xx_ll_usb.o
                0x080053d4                USB_EPSetStall
 .text.USB_EPClearStall
                0x080054b0       0xcc ./Drivers/STM32F4xx_HAL_Driver/Src/stm32f4xx_ll_usb.o
                0x080054b0                USB_EPClearStall
 .text.USB_SetDevAddress
                0x0800557c       0x4c ./Drivers/STM32F4xx_HAL_Driver/Src/stm32f4xx_ll_usb.o
                0x0800557c                USB_SetDevAddress
 .text.USB_DevConnect
                0x080055c8       0x42 ./Drivers/STM32F4xx_HAL_Driver/Src/stm32f4xx_ll_usb.o
                0x080055c8                USB_DevConnect
 .text.USB_DevDisconnect
                0x0800560a       0x42 ./Drivers/STM32F4xx_HAL_Driver/Src/stm32f4xx_ll_usb.o
                0x0800560a                USB_DevDisconnect
 .text.USB_ReadInterrupts
                0x0800564c       0x26 ./Drivers/STM32F4xx_HAL_Driver/Src/stm32f4xx_ll_usb.o
                0x0800564c                USB_ReadInterrupts
 .text.USB_ReadDevAllOutEpInterrupt
                0x08005672       0x34 ./Drivers/STM32F4xx_HAL_Driver/Src/stm32f4xx_ll_usb.o
                0x08005672                USB_ReadDevAllOutEpInterrupt
 .text.USB_ReadDevAllInEpInterrupt
                0x080056a6       0x34 ./Drivers/STM32F4xx_HAL_Driver/Src/stm32f4xx_ll_usb.o
                0x080056a6                USB_ReadDevAllInEpInterrupt
 .text.USB_ReadDevOutEPInterrupt
                0x080056da       0x3c ./Drivers/STM32F4xx_HAL_Driver/Src/stm32f4xx_ll_usb.o
                0x080056da                USB_ReadDevOutEPInterrupt
 .text.USB_ReadDevInEPInterrupt
                0x08005716       0x5c ./Drivers/STM32F4xx_HAL_Driver/Src/stm32f4xx_ll_usb.o
                0x08005716                USB_ReadDevInEPInterrupt
 .text.USB_GetMode
                0x08005772       0x1c ./Drivers/STM32F4xx_HAL_Driver/Src/stm32f4xx_ll_usb.o
                0x08005772                USB_GetMode
 .text.USB_ActivateSetup
                0x0800578e       0x46 ./Drivers/STM32F4xx_HAL_Driver/Src/stm32f4xx_ll_usb.o
                0x0800578e                USB_ActivateSetup
 .text.USB_EP0_OutStart
                0x080057d4       0xbc ./Drivers/STM32F4xx_HAL_Driver/Src/stm32f4xx_ll_usb.o
                0x080057d4                USB_EP0_OutStart
 .text.USB_CoreReset
                0x08005890       0x70 ./Drivers/STM32F4xx_HAL_Driver/Src/stm32f4xx_ll_usb.o
 .text.USBD_CDC_Init
                0x08005900      0x1f0 ./Middlewares/ST/STM32_USB_Device_Library/Class/CDC/Src/usbd_cdc.o
 .text.USBD_CDC_DeInit
                0x08005af0      0x104 ./Middlewares/ST/STM32_USB_Device_Library/Class/CDC/Src/usbd_cdc.o
 .text.USBD_CDC_Setup
                0x08005bf4      0x1b8 ./Middlewares/ST/STM32_USB_Device_Library/Class/CDC/Src/usbd_cdc.o
 .text.USBD_CDC_DataIn
                0x08005dac       0xfe ./Middlewares/ST/STM32_USB_Device_Library/Class/CDC/Src/usbd_cdc.o
 .text.USBD_CDC_DataOut
                0x08005eaa       0x70 ./Middlewares/ST/STM32_USB_Device_Library/Class/CDC/Src/usbd_cdc.o
 .text.USBD_CDC_EP0_RxReady
                0x08005f1a       0x74 ./Middlewares/ST/STM32_USB_Device_Library/Class/CDC/Src/usbd_cdc.o
 *fill*         0x08005f8e        0x2 
 .text.USBD_CDC_GetFSCfgDesc
                0x08005f90       0x70 ./Middlewares/ST/STM32_USB_Device_Library/Class/CDC/Src/usbd_cdc.o
 .text.USBD_CDC_GetHSCfgDesc
                0x08006000       0x70 ./Middlewares/ST/STM32_USB_Device_Library/Class/CDC/Src/usbd_cdc.o
 .text.USBD_CDC_GetOtherSpeedCfgDesc
                0x08006070       0x70 ./Middlewares/ST/STM32_USB_Device_Library/Class/CDC/Src/usbd_cdc.o
 .text.USBD_CDC_GetDeviceQualifierDescriptor
                0x080060e0       0x20 ./Middlewares/ST/STM32_USB_Device_Library/Class/CDC/Src/usbd_cdc.o
                0x080060e0                USBD_CDC_GetDeviceQualifierDescriptor
 .text.USBD_CDC_RegisterInterface
                0x08006100       0x34 ./Middlewares/ST/STM32_USB_Device_Library/Class/CDC/Src/usbd_cdc.o
                0x08006100                USBD_CDC_RegisterInterface
 .text.USBD_CDC_SetTxBuffer
                0x08006134       0x44 ./Middlewares/ST/STM32_USB_Device_Library/Class/CDC/Src/usbd_cdc.o
                0x08006134                USBD_CDC_SetTxBuffer
 .text.USBD_CDC_SetRxBuffer
                0x08006178       0x3a ./Middlewares/ST/STM32_USB_Device_Library/Class/CDC/Src/usbd_cdc.o
                0x08006178                USBD_CDC_SetRxBuffer
 *fill*         0x080061b2        0x2 
 .text.USBD_CDC_TransmitPacket
                0x080061b4       0x80 ./Middlewares/ST/STM32_USB_Device_Library/Class/CDC/Src/usbd_cdc.o
                0x080061b4                USBD_CDC_TransmitPacket
 .text.USBD_CDC_ReceivePacket
                0x08006234       0x6c ./Middlewares/ST/STM32_USB_Device_Library/Class/CDC/Src/usbd_cdc.o
                0x08006234                USBD_CDC_ReceivePacket
 .text.USBD_Init
                0x080062a0       0x60 ./Middlewares/ST/STM32_USB_Device_Library/Core/Src/usbd_core.o
                0x080062a0                USBD_Init
 .text.USBD_RegisterClass
                0x08006300       0x6c ./Middlewares/ST/STM32_USB_Device_Library/Core/Src/usbd_core.o
                0x08006300                USBD_RegisterClass
 .text.USBD_Start
                0x0800636c       0x18 ./Middlewares/ST/STM32_USB_Device_Library/Core/Src/usbd_core.o
                0x0800636c                USBD_Start
 .text.USBD_RunTestMode
                0x08006384       0x16 ./Middlewares/ST/STM32_USB_Device_Library/Core/Src/usbd_core.o
                0x08006384                USBD_RunTestMode
 .text.USBD_SetClassConfig
                0x0800639a       0x38 ./Middlewares/ST/STM32_USB_Device_Library/Core/Src/usbd_core.o
                0x0800639a                USBD_SetClassConfig
 .text.USBD_ClrClassConfig
                0x080063d2       0x34 ./Middlewares/ST/STM32_USB_Device_Library/Core/Src/usbd_core.o
                0x080063d2                USBD_ClrClassConfig
 .text.USBD_LL_SetupStage
                0x08006406       0xaa ./Middlewares/ST/STM32_USB_Device_Library/Core/Src/usbd_core.o
                0x08006406                USBD_LL_SetupStage
 .text.USBD_LL_DataOutStage
                0x080064b0      0x178 ./Middlewares/ST/STM32_USB_Device_Library/Core/Src/usbd_core.o
                0x080064b0                USBD_LL_DataOutStage
 .text.USBD_LL_DataInStage
                0x08006628      0x176 ./Middlewares/ST/STM32_USB_Device_Library/Core/Src/usbd_core.o
                0x08006628                USBD_LL_DataInStage
 .text.USBD_LL_Reset
                0x0800679e       0xa6 ./Middlewares/ST/STM32_USB_Device_Library/Core/Src/usbd_core.o
                0x0800679e                USBD_LL_Reset
 .text.USBD_LL_SetSpeed
                0x08006844       0x20 ./Middlewares/ST/STM32_USB_Device_Library/Core/Src/usbd_core.o
                0x08006844                USBD_LL_SetSpeed
 .text.USBD_LL_Suspend
                0x08006864       0x38 ./Middlewares/ST/STM32_USB_Device_Library/Core/Src/usbd_core.o
                0x08006864                USBD_LL_Suspend
 .text.USBD_LL_Resume
                0x0800689c       0x30 ./Middlewares/ST/STM32_USB_Device_Library/Core/Src/usbd_core.o
                0x0800689c                USBD_LL_Resume
 .text.USBD_LL_SOF
                0x080068cc       0x40 ./Middlewares/ST/STM32_USB_Device_Library/Core/Src/usbd_core.o
                0x080068cc                USBD_LL_SOF
 .text.USBD_LL_IsoINIncomplete
                0x0800690c       0x64 ./Middlewares/ST/STM32_USB_Device_Library/Core/Src/usbd_core.o
                0x0800690c                USBD_LL_IsoINIncomplete
 .text.USBD_LL_IsoOUTIncomplete
                0x08006970       0x64 ./Middlewares/ST/STM32_USB_Device_Library/Core/Src/usbd_core.o
                0x08006970                USBD_LL_IsoOUTIncomplete
 .text.USBD_LL_DevConnected
                0x080069d4       0x16 ./Middlewares/ST/STM32_USB_Device_Library/Core/Src/usbd_core.o
                0x080069d4                USBD_LL_DevConnected
 .text.USBD_LL_DevDisconnected
                0x080069ea       0x46 ./Middlewares/ST/STM32_USB_Device_Library/Core/Src/usbd_core.o
                0x080069ea                USBD_LL_DevDisconnected
 .text.USBD_CoreFindIF
                0x08006a30       0x1a ./Middlewares/ST/STM32_USB_Device_Library/Core/Src/usbd_core.o
                0x08006a30                USBD_CoreFindIF
 .text.USBD_CoreFindEP
                0x08006a4a       0x1a ./Middlewares/ST/STM32_USB_Device_Library/Core/Src/usbd_core.o
                0x08006a4a                USBD_CoreFindEP
 .text.USBD_GetEpDesc
                0x08006a64       0x70 ./Middlewares/ST/STM32_USB_Device_Library/Core/Src/usbd_core.o
                0x08006a64                USBD_GetEpDesc
 .text.USBD_GetNextDesc
                0x08006ad4       0x38 ./Middlewares/ST/STM32_USB_Device_Library/Core/Src/usbd_core.o
                0x08006ad4                USBD_GetNextDesc
 .text.SWAPBYTE
                0x08006b0c       0x3e ./Middlewares/ST/STM32_USB_Device_Library/Core/Src/usbd_ctlreq.o
 *fill*         0x08006b4a        0x2 
 .text.USBD_StdDevReq
                0x08006b4c       0xe4 ./Middlewares/ST/STM32_USB_Device_Library/Core/Src/usbd_ctlreq.o
                0x08006b4c                USBD_StdDevReq
 .text.USBD_StdItfReq
                0x08006c30       0xd8 ./Middlewares/ST/STM32_USB_Device_Library/Core/Src/usbd_ctlreq.o
                0x08006c30                USBD_StdItfReq
 .text.USBD_StdEPReq
                0x08006d08      0x33e ./Middlewares/ST/STM32_USB_Device_Library/Core/Src/usbd_ctlreq.o
                0x08006d08                USBD_StdEPReq
 *fill*         0x08007046        0x2 
 .text.USBD_GetDescriptor
                0x08007048      0x2d4 ./Middlewares/ST/STM32_USB_Device_Library/Core/Src/usbd_ctlreq.o
 .text.USBD_SetAddress
                0x0800731c       0x88 ./Middlewares/ST/STM32_USB_Device_Library/Core/Src/usbd_ctlreq.o
 .text.USBD_SetConfig
                0x080073a4      0x154 ./Middlewares/ST/STM32_USB_Device_Library/Core/Src/usbd_ctlreq.o
 .text.USBD_GetConfig
                0x080074f8       0x6c ./Middlewares/ST/STM32_USB_Device_Library/Core/Src/usbd_ctlreq.o
 .text.USBD_GetStatus
                0x08007564       0x68 ./Middlewares/ST/STM32_USB_Device_Library/Core/Src/usbd_ctlreq.o
 .text.USBD_SetFeature
                0x080075cc       0x52 ./Middlewares/ST/STM32_USB_Device_Library/Core/Src/usbd_ctlreq.o
 .text.USBD_ClrFeature
                0x0800761e       0x44 ./Middlewares/ST/STM32_USB_Device_Library/Core/Src/usbd_ctlreq.o
 .text.USBD_ParseSetupRequest
                0x08007662       0x74 ./Middlewares/ST/STM32_USB_Device_Library/Core/Src/usbd_ctlreq.o
                0x08007662                USBD_ParseSetupRequest
 .text.USBD_CtlError
                0x080076d6       0x22 ./Middlewares/ST/STM32_USB_Device_Library/Core/Src/usbd_ctlreq.o
                0x080076d6                USBD_CtlError
 .text.USBD_GetString
                0x080076f8       0xa4 ./Middlewares/ST/STM32_USB_Device_Library/Core/Src/usbd_ctlreq.o
                0x080076f8                USBD_GetString
 .text.USBD_GetLen
                0x0800779c       0x34 ./Middlewares/ST/STM32_USB_Device_Library/Core/Src/usbd_ctlreq.o
 .text.USBD_CtlSendData
                0x080077d0       0x3c ./Middlewares/ST/STM32_USB_Device_Library/Core/Src/usbd_ioreq.o
                0x080077d0                USBD_CtlSendData
 .text.USBD_CtlContinueSendData
                0x0800780c       0x22 ./Middlewares/ST/STM32_USB_Device_Library/Core/Src/usbd_ioreq.o
                0x0800780c                USBD_CtlContinueSendData
 .text.USBD_CtlPrepareRx
                0x0800782e       0x42 ./Middlewares/ST/STM32_USB_Device_Library/Core/Src/usbd_ioreq.o
                0x0800782e                USBD_CtlPrepareRx
 .text.USBD_CtlContinueRx
                0x08007870       0x22 ./Middlewares/ST/STM32_USB_Device_Library/Core/Src/usbd_ioreq.o
                0x08007870                USBD_CtlContinueRx
 .text.USBD_CtlSendStatus
                0x08007892       0x26 ./Middlewares/ST/STM32_USB_Device_Library/Core/Src/usbd_ioreq.o
                0x08007892                USBD_CtlSendStatus
 .text.USBD_CtlReceiveStatus
                0x080078b8       0x26 ./Middlewares/ST/STM32_USB_Device_Library/Core/Src/usbd_ioreq.o
                0x080078b8                USBD_CtlReceiveStatus
 *fill*         0x080078de        0x2 
 .text.MX_USB_DEVICE_Init
                0x080078e0       0x74 ./USB_DEVICE/App/usb_device.o
                0x080078e0                MX_USB_DEVICE_Init
 .text.CDC_Init_FS
                0x08007954       0x28 ./USB_DEVICE/App/usbd_cdc_if.o
 .text.CDC_DeInit_FS
                0x0800797c       0x10 ./USB_DEVICE/App/usbd_cdc_if.o
 .text.CDC_Control_FS
                0x0800798c       0xbc ./USB_DEVICE/App/usbd_cdc_if.o
 .text.CDC_Receive_FS
                0x08007a48       0x28 ./USB_DEVICE/App/usbd_cdc_if.o
 .text.CDC_Transmit_FS
                0x08007a70       0x4c ./USB_DEVICE/App/usbd_cdc_if.o
                0x08007a70                CDC_Transmit_FS
 .text.CDC_TransmitCplt_FS
                0x08007abc       0x22 ./USB_DEVICE/App/usbd_cdc_if.o
 *fill*         0x08007ade        0x2 
 .text.USBD_FS_DeviceDescriptor
                0x08007ae0       0x24 ./USB_DEVICE/App/usbd_desc.o
                0x08007ae0                USBD_FS_DeviceDescriptor
 .text.USBD_FS_LangIDStrDescriptor
                0x08007b04       0x24 ./USB_DEVICE/App/usbd_desc.o
                0x08007b04                USBD_FS_LangIDStrDescriptor
 .text.USBD_FS_ProductStrDescriptor
                0x08007b28       0x3c ./USB_DEVICE/App/usbd_desc.o
                0x08007b28                USBD_FS_ProductStrDescriptor
 .text.USBD_FS_ManufacturerStrDescriptor
                0x08007b64       0x28 ./USB_DEVICE/App/usbd_desc.o
                0x08007b64                USBD_FS_ManufacturerStrDescriptor
 .text.USBD_FS_SerialStrDescriptor
                0x08007b8c       0x24 ./USB_DEVICE/App/usbd_desc.o
                0x08007b8c                USBD_FS_SerialStrDescriptor
 .text.USBD_FS_ConfigStrDescriptor
                0x08007bb0       0x3c ./USB_DEVICE/App/usbd_desc.o
                0x08007bb0                USBD_FS_ConfigStrDescriptor
 .text.USBD_FS_InterfaceStrDescriptor
                0x08007bec       0x3c ./USB_DEVICE/App/usbd_desc.o
                0x08007bec                USBD_FS_InterfaceStrDescriptor
 .text.Get_SerialNum
                0x08007c28       0x58 ./USB_DEVICE/App/usbd_desc.o
 .text.IntToUnicode
                0x08007c80       0x7e ./USB_DEVICE/App/usbd_desc.o
 *fill*         0x08007cfe        0x2 
 .text.HAL_PCD_MspInit
                0x08007d00       0xa8 ./USB_DEVICE/Target/usbd_conf.o
                0x08007d00                HAL_PCD_MspInit
 .text.HAL_PCD_SetupStageCallback
                0x08007da8       0x24 ./USB_DEVICE/Target/usbd_conf.o
                0x08007da8                HAL_PCD_SetupStageCallback
 .text.HAL_PCD_DataOutStageCallback
                0x08007dcc       0x36 ./USB_DEVICE/Target/usbd_conf.o
                0x08007dcc                HAL_PCD_DataOutStageCallback
 .text.HAL_PCD_DataInStageCallback
                0x08007e02       0x34 ./USB_DEVICE/Target/usbd_conf.o
                0x08007e02                HAL_PCD_DataInStageCallback
 .text.HAL_PCD_SOFCallback
                0x08007e36       0x1c ./USB_DEVICE/Target/usbd_conf.o
                0x08007e36                HAL_PCD_SOFCallback
 *fill*         0x08007e52        0x2 
 .text.HAL_PCD_ResetCallback
                0x08007e54       0x44 ./USB_DEVICE/Target/usbd_conf.o
                0x08007e54                HAL_PCD_ResetCallback
 .text.HAL_PCD_SuspendCallback
                0x08007e98       0x4c ./USB_DEVICE/Target/usbd_conf.o
                0x08007e98                HAL_PCD_SuspendCallback
 .text.HAL_PCD_ResumeCallback
                0x08007ee4       0x1c ./USB_DEVICE/Target/usbd_conf.o
                0x08007ee4                HAL_PCD_ResumeCallback
 .text.HAL_PCD_ISOOUTIncompleteCallback
                0x08007f00       0x24 ./USB_DEVICE/Target/usbd_conf.o
                0x08007f00                HAL_PCD_ISOOUTIncompleteCallback
 .text.HAL_PCD_ISOINIncompleteCallback
                0x08007f24       0x24 ./USB_DEVICE/Target/usbd_conf.o
                0x08007f24                HAL_PCD_ISOINIncompleteCallback
 .text.HAL_PCD_ConnectCallback
                0x08007f48       0x1c ./USB_DEVICE/Target/usbd_conf.o
                0x08007f48                HAL_PCD_ConnectCallback
 .text.HAL_PCD_DisconnectCallback
                0x08007f64       0x1c ./USB_DEVICE/Target/usbd_conf.o
                0x08007f64                HAL_PCD_DisconnectCallback
 .text.USBD_LL_Init
                0x08007f80       0xa4 ./USB_DEVICE/Target/usbd_conf.o
                0x08007f80                USBD_LL_Init
 .text.USBD_LL_Start
                0x08008024       0x36 ./USB_DEVICE/Target/usbd_conf.o
                0x08008024                USBD_LL_Start
 .text.USBD_LL_OpenEP
                0x0800805a       0x4c ./USB_DEVICE/Target/usbd_conf.o
                0x0800805a                USBD_LL_OpenEP
 .text.USBD_LL_CloseEP
                0x080080a6       0x3e ./USB_DEVICE/Target/usbd_conf.o
                0x080080a6                USBD_LL_CloseEP
 .text.USBD_LL_StallEP
                0x080080e4       0x3e ./USB_DEVICE/Target/usbd_conf.o
                0x080080e4                USBD_LL_StallEP
 .text.USBD_LL_ClearStallEP
                0x08008122       0x3e ./USB_DEVICE/Target/usbd_conf.o
                0x08008122                USBD_LL_ClearStallEP
 .text.USBD_LL_IsStallEP
                0x08008160       0x58 ./USB_DEVICE/Target/usbd_conf.o
                0x08008160                USBD_LL_IsStallEP
 .text.USBD_LL_SetUSBAddress
                0x080081b8       0x3e ./USB_DEVICE/Target/usbd_conf.o
                0x080081b8                USBD_LL_SetUSBAddress
 .text.USBD_LL_Transmit
                0x080081f6       0x42 ./USB_DEVICE/Target/usbd_conf.o
                0x080081f6                USBD_LL_Transmit
 .text.USBD_LL_PrepareReceive
                0x08008238       0x42 ./USB_DEVICE/Target/usbd_conf.o
                0x08008238                USBD_LL_PrepareReceive
 .text.USBD_LL_GetRxDataSize
                0x0800827a       0x26 ./USB_DEVICE/Target/usbd_conf.o
                0x0800827a                USBD_LL_GetRxDataSize
 .text.USBD_static_malloc
                0x080082a0       0x1c ./USB_DEVICE/Target/usbd_conf.o
                0x080082a0                USBD_static_malloc
 .text.USBD_static_free
                0x080082bc       0x14 ./USB_DEVICE/Target/usbd_conf.o
                0x080082bc                USBD_static_free
 .text.USBD_Get_USB_Status
                0x080082d0       0x58 ./USB_DEVICE/Target/usbd_conf.o
                0x080082d0                USBD_Get_USB_Status
 .text.System_Init
                0x08008328       0x14 ./User/Config/DEV_Config.o
                0x08008328                System_Init
 .text.PWM_SetValue
                0x0800833c       0x3c ./User/Config/DEV_Config.o
                0x0800833c                PWM_SetValue
 .text.SPI4W_Write_Byte
                0x08008378       0x74 ./User/Config/DEV_Config.o
                0x08008378                SPI4W_Write_Byte
 .text.SPI4W_Read_Byte
                0x080083ec       0x1c ./User/Config/DEV_Config.o
                0x080083ec                SPI4W_Read_Byte
 .text.Driver_Delay_ms
                0x08008408       0x16 ./User/Config/DEV_Config.o
                0x08008408                Driver_Delay_ms
 .text.Driver_Delay_us
                0x0800841e       0x28 ./User/Config/DEV_Config.o
                0x0800841e                Driver_Delay_us
 .text.disk_initialize
                0x08008446       0x4e ./User/FATFS/diskio.o
                0x08008446                disk_initialize
 .text.disk_status
                0x08008494       0x18 ./User/FATFS/diskio.o
                0x08008494                disk_status
 .text.disk_read
                0x080084ac       0x6a ./User/FATFS/diskio.o
                0x080084ac                disk_read
 .text.disk_write
                0x08008516       0x52 ./User/FATFS/diskio.o
                0x08008516                disk_write
 .text.sync_window
                0x08008568       0x82 ./User/FATFS/ff.o
 .text.move_window
                0x080085ea       0x50 ./User/FATFS/ff.o
 .text.get_ldnumber
                0x0800863a       0x5c ./User/FATFS/ff.o
 *fill*         0x08008696        0x2 
 .text.check_fs
                0x08008698       0xd4 ./User/FATFS/ff.o
 .text.find_volume
                0x0800876c      0x568 ./User/FATFS/ff.o
 .text.f_mount  0x08008cd4       0x84 ./User/FATFS/ff.o
                0x08008cd4                f_mount
 .text.SD_Init  0x08008d58       0xa8 ./User/LCD/LCD_Bmp.o
                0x08008d58                SD_Init
 .text.LCD_Reset
                0x08008e00       0x48 ./User/LCD/LCD_Driver.o
 .text.LCD_SetBackLight
                0x08008e48       0x1a ./User/LCD/LCD_Driver.o
 *fill*         0x08008e62        0x2 
 .text.LCD_WriteReg
                0x08008e64       0x44 ./User/LCD/LCD_Driver.o
                0x08008e64                LCD_WriteReg
 .text.LCD_WriteData
                0x08008ea8       0x50 ./User/LCD/LCD_Driver.o
                0x08008ea8                LCD_WriteData
 .text.LCD_Write_AllData
                0x08008ef8       0x68 ./User/LCD/LCD_Driver.o
 .text.LCD_InitReg
                0x08008f60      0x212 ./User/LCD/LCD_Driver.o
 *fill*         0x08009172        0x2 
 .text.LCD_SetGramScanWay
                0x08009174      0x104 ./User/LCD/LCD_Driver.o
                0x08009174                LCD_SetGramScanWay
 .text.LCD_Init
                0x08009278       0x48 ./User/LCD/LCD_Driver.o
                0x08009278                LCD_Init
 .text.LCD_SetWindow
                0x080092c0       0xa0 ./User/LCD/LCD_Driver.o
                0x080092c0                LCD_SetWindow
 .text.LCD_SetCursor
                0x08009360       0x24 ./User/LCD/LCD_Driver.o
                0x08009360                LCD_SetCursor
 .text.LCD_SetColor
                0x08009384       0x2c ./User/LCD/LCD_Driver.o
                0x08009384                LCD_SetColor
 .text.LCD_SetPointlColor
                0x080093b0       0x4c ./User/LCD/LCD_Driver.o
                0x080093b0                LCD_SetPointlColor
 .text.LCD_SetArealColor
                0x080093fc       0x5a ./User/LCD/LCD_Driver.o
                0x080093fc                LCD_SetArealColor
 *fill*         0x08009456        0x2 
 .text.LCD_Clear
                0x08009458       0x2c ./User/LCD/LCD_Driver.o
                0x08009458                LCD_Clear
 .text.GUI_Swop
                0x08009484       0x28 ./User/LCD/LCD_GUI.o
                0x08009484                GUI_Swop
 .text.GUI_DrawPoint
                0x080094ac       0xf8 ./User/LCD/LCD_GUI.o
                0x080094ac                GUI_DrawPoint
 .text.GUI_DrawLine
                0x080095a4      0x18c ./User/LCD/LCD_GUI.o
                0x080095a4                GUI_DrawLine
 .text.GUI_DrawRectangle
                0x08009730      0x110 ./User/LCD/LCD_GUI.o
                0x08009730                GUI_DrawRectangle
 .text.GUI_DisChar
                0x08009840      0x160 ./User/LCD/LCD_GUI.o
                0x08009840                GUI_DisChar
 .text.GUI_DisString_EN
                0x080099a0       0xa8 ./User/LCD/LCD_GUI.o
                0x080099a0                GUI_DisString_EN
 .text.GUI_DisFloatNum
                0x08009a48      0x228 ./User/LCD/LCD_GUI.o
                0x08009a48                GUI_DisFloatNum
 .text.GUI_GetFontSize
                0x08009c70      0x10c ./User/LCD/LCD_GUI.o
                0x08009c70                GUI_GetFontSize
 .text.GUI_Showtime
                0x08009d7c      0x3d8 ./User/LCD/LCD_GUI.o
                0x08009d7c                GUI_Showtime
 .text.TP_Read_ADC
                0x0800a154       0x80 ./User/LCD/LCD_Touch.o
 .text.TP_Read_ADC_Average
                0x0800a1d4       0xf8 ./User/LCD/LCD_Touch.o
 .text.TP_Read_ADC_XY
                0x0800a2cc       0x2e ./User/LCD/LCD_Touch.o
 .text.TP_Read_TwiceADC
                0x0800a2fa       0xa8 ./User/LCD/LCD_Touch.o
 *fill*         0x0800a3a2        0x2 
 .text.TP_Scan  0x0800a3a4      0x2cc ./User/LCD/LCD_Touch.o
 .text.TP_GetAdFac
                0x0800a670       0xf0 ./User/LCD/LCD_Touch.o
                0x0800a670                TP_GetAdFac
 .text.TP_MenuDialog
                0x0800a760      0x1ac ./User/LCD/LCD_Touch.o
                0x0800a760                TP_MenuDialog
 .text.TP_IndicationsUnit
                0x0800a90c       0x7c ./User/LCD/LCD_Touch.o
                0x0800a90c                TP_IndicationsUnit
 .text.TP_MenuTouch
                0x0800a988       0xf4 ./User/LCD/LCD_Touch.o
                0x0800a988                TP_MenuTouch
 .text.TP_Init  0x0800aa7c       0x3c ./User/LCD/LCD_Touch.o
                0x0800aa7c                TP_Init
 .text.LOAD_Init
                0x0800aab8       0x30 ./User/LCD/LCD_Touch.o
                0x0800aab8                LOAD_Init
 .text.SD_SPI_ReadWriteByte
                0x0800aae8       0x1c ./User/SDCard/MMC_SD.o
                0x0800aae8                SD_SPI_ReadWriteByte
 .text.SD_SPI_SpeedLow
                0x0800ab04        0xe ./User/SDCard/MMC_SD.o
                0x0800ab04                SD_SPI_SpeedLow
 .text.SD_SPI_SpeedHigh
                0x0800ab12        0xe ./User/SDCard/MMC_SD.o
                0x0800ab12                SD_SPI_SpeedHigh
 .text.SD_DisSelect
                0x0800ab20       0x1c ./User/SDCard/MMC_SD.o
                0x0800ab20                SD_DisSelect
 .text.SD_Select
                0x0800ab3c       0x2c ./User/SDCard/MMC_SD.o
                0x0800ab3c                SD_Select
 .text.SD_WaitReady
                0x0800ab68       0x34 ./User/SDCard/MMC_SD.o
                0x0800ab68                SD_WaitReady
 .text.SD_GetResponse
                0x0800ab9c       0x42 ./User/SDCard/MMC_SD.o
                0x0800ab9c                SD_GetResponse
 .text.SD_RecvData
                0x0800abde       0x50 ./User/SDCard/MMC_SD.o
                0x0800abde                SD_RecvData
 .text.SD_SendBlock
                0x0800ac2e       0x78 ./User/SDCard/MMC_SD.o
                0x0800ac2e                SD_SendBlock
 .text.SD_SendCmd
                0x0800aca6       0xa0 ./User/SDCard/MMC_SD.o
                0x0800aca6                SD_SendCmd
 *fill*         0x0800ad46        0x2 
 .text.SD_Initialize
                0x0800ad48      0x1fc ./User/SDCard/MMC_SD.o
                0x0800ad48                SD_Initialize
 .text.SD_ReadDisk
                0x0800af44       0x98 ./User/SDCard/MMC_SD.o
                0x0800af44                SD_ReadDisk
 .text.SD_WriteDisk
                0x0800afdc       0xbc ./User/SDCard/MMC_SD.o
                0x0800afdc                SD_WriteDisk
 .text.malloc   0x0800b098       0x10 C:/ST/STM32CubeIDE_1.19.0/STM32CubeIDE/plugins/com.st.stm32cube.ide.mcu.externaltools.gnu-tools-for-stm32.13.3.rel1.win32_1.0.0.202411081344/tools/bin/../lib/gcc/arm-none-eabi/13.3.1/../../../../arm-none-eabi/lib/thumb/v7e-m+fp/hard\libc_nano.a(libc_a-malloc.o)
                0x0800b098                malloc
 .text.sbrk_aligned
                0x0800b0a8       0x44 C:/ST/STM32CubeIDE_1.19.0/STM32CubeIDE/plugins/com.st.stm32cube.ide.mcu.externaltools.gnu-tools-for-stm32.13.3.rel1.win32_1.0.0.202411081344/tools/bin/../lib/gcc/arm-none-eabi/13.3.1/../../../../arm-none-eabi/lib/thumb/v7e-m+fp/hard\libc_nano.a(libc_a-mallocr.o)
 .text._malloc_r
                0x0800b0ec      0x100 C:/ST/STM32CubeIDE_1.19.0/STM32CubeIDE/plugins/com.st.stm32cube.ide.mcu.externaltools.gnu-tools-for-stm32.13.3.rel1.win32_1.0.0.202411081344/tools/bin/../lib/gcc/arm-none-eabi/13.3.1/../../../../arm-none-eabi/lib/thumb/v7e-m+fp/hard\libc_nano.a(libc_a-mallocr.o)
                0x0800b0ec                _malloc_r
 .text.__malloc_lock
                0x0800b1ec        0xc C:/ST/STM32CubeIDE_1.19.0/STM32CubeIDE/plugins/com.st.stm32cube.ide.mcu.externaltools.gnu-tools-for-stm32.13.3.rel1.win32_1.0.0.202411081344/tools/bin/../lib/gcc/arm-none-eabi/13.3.1/../../../../arm-none-eabi/lib/thumb/v7e-m+fp/hard\libc_nano.a(libc_a-mlock.o)
                0x0800b1ec                __malloc_lock
 .text.__malloc_unlock
                0x0800b1f8        0xc C:/ST/STM32CubeIDE_1.19.0/STM32CubeIDE/plugins/com.st.stm32cube.ide.mcu.externaltools.gnu-tools-for-stm32.13.3.rel1.win32_1.0.0.202411081344/tools/bin/../lib/gcc/arm-none-eabi/13.3.1/../../../../arm-none-eabi/lib/thumb/v7e-m+fp/hard\libc_nano.a(libc_a-mlock.o)
                0x0800b1f8                __malloc_unlock
 .text.std      0x0800b204       0x6c C:/ST/STM32CubeIDE_1.19.0/STM32CubeIDE/plugins/com.st.stm32cube.ide.mcu.externaltools.gnu-tools-for-stm32.13.3.rel1.win32_1.0.0.202411081344/tools/bin/../lib/gcc/arm-none-eabi/13.3.1/../../../../arm-none-eabi/lib/thumb/v7e-m+fp/hard\libc_nano.a(libc_a-findfp.o)
 .text.stdio_exit_handler
                0x0800b270       0x18 C:/ST/STM32CubeIDE_1.19.0/STM32CubeIDE/plugins/com.st.stm32cube.ide.mcu.externaltools.gnu-tools-for-stm32.13.3.rel1.win32_1.0.0.202411081344/tools/bin/../lib/gcc/arm-none-eabi/13.3.1/../../../../arm-none-eabi/lib/thumb/v7e-m+fp/hard\libc_nano.a(libc_a-findfp.o)
 .text.cleanup_stdio
                0x0800b288       0x40 C:/ST/STM32CubeIDE_1.19.0/STM32CubeIDE/plugins/com.st.stm32cube.ide.mcu.externaltools.gnu-tools-for-stm32.13.3.rel1.win32_1.0.0.202411081344/tools/bin/../lib/gcc/arm-none-eabi/13.3.1/../../../../arm-none-eabi/lib/thumb/v7e-m+fp/hard\libc_nano.a(libc_a-findfp.o)
 .text.global_stdio_init.part.0
                0x0800b2c8       0x3c C:/ST/STM32CubeIDE_1.19.0/STM32CubeIDE/plugins/com.st.stm32cube.ide.mcu.externaltools.gnu-tools-for-stm32.13.3.rel1.win32_1.0.0.202411081344/tools/bin/../lib/gcc/arm-none-eabi/13.3.1/../../../../arm-none-eabi/lib/thumb/v7e-m+fp/hard\libc_nano.a(libc_a-findfp.o)
 .text.__sfp_lock_acquire
                0x0800b304        0xc C:/ST/STM32CubeIDE_1.19.0/STM32CubeIDE/plugins/com.st.stm32cube.ide.mcu.externaltools.gnu-tools-for-stm32.13.3.rel1.win32_1.0.0.202411081344/tools/bin/../lib/gcc/arm-none-eabi/13.3.1/../../../../arm-none-eabi/lib/thumb/v7e-m+fp/hard\libc_nano.a(libc_a-findfp.o)
                0x0800b304                __sfp_lock_acquire
 .text.__sfp_lock_release
                0x0800b310        0xc C:/ST/STM32CubeIDE_1.19.0/STM32CubeIDE/plugins/com.st.stm32cube.ide.mcu.externaltools.gnu-tools-for-stm32.13.3.rel1.win32_1.0.0.202411081344/tools/bin/../lib/gcc/arm-none-eabi/13.3.1/../../../../arm-none-eabi/lib/thumb/v7e-m+fp/hard\libc_nano.a(libc_a-findfp.o)
                0x0800b310                __sfp_lock_release
 .text.__sinit  0x0800b31c       0x30 C:/ST/STM32CubeIDE_1.19.0/STM32CubeIDE/plugins/com.st.stm32cube.ide.mcu.externaltools.gnu-tools-for-stm32.13.3.rel1.win32_1.0.0.202411081344/tools/bin/../lib/gcc/arm-none-eabi/13.3.1/../../../../arm-none-eabi/lib/thumb/v7e-m+fp/hard\libc_nano.a(libc_a-findfp.o)
                0x0800b31c                __sinit
 .text._fwalk_sglue
                0x0800b34c       0x3c C:/ST/STM32CubeIDE_1.19.0/STM32CubeIDE/plugins/com.st.stm32cube.ide.mcu.externaltools.gnu-tools-for-stm32.13.3.rel1.win32_1.0.0.202411081344/tools/bin/../lib/gcc/arm-none-eabi/13.3.1/../../../../arm-none-eabi/lib/thumb/v7e-m+fp/hard\libc_nano.a(libc_a-fwalk.o)
                0x0800b34c                _fwalk_sglue
 .text.printf   0x0800b388       0x24 C:/ST/STM32CubeIDE_1.19.0/STM32CubeIDE/plugins/com.st.stm32cube.ide.mcu.externaltools.gnu-tools-for-stm32.13.3.rel1.win32_1.0.0.202411081344/tools/bin/../lib/gcc/arm-none-eabi/13.3.1/../../../../arm-none-eabi/lib/thumb/v7e-m+fp/hard\libc_nano.a(libc_a-printf.o)
                0x0800b388                iprintf
                0x0800b388                printf
 .text._puts_r  0x0800b3ac       0xaa C:/ST/STM32CubeIDE_1.19.0/STM32CubeIDE/plugins/com.st.stm32cube.ide.mcu.externaltools.gnu-tools-for-stm32.13.3.rel1.win32_1.0.0.202411081344/tools/bin/../lib/gcc/arm-none-eabi/13.3.1/../../../../arm-none-eabi/lib/thumb/v7e-m+fp/hard\libc_nano.a(libc_a-puts.o)
                0x0800b3ac                _puts_r
 *fill*         0x0800b456        0x2 
 .text.puts     0x0800b458       0x10 C:/ST/STM32CubeIDE_1.19.0/STM32CubeIDE/plugins/com.st.stm32cube.ide.mcu.externaltools.gnu-tools-for-stm32.13.3.rel1.win32_1.0.0.202411081344/tools/bin/../lib/gcc/arm-none-eabi/13.3.1/../../../../arm-none-eabi/lib/thumb/v7e-m+fp/hard\libc_nano.a(libc_a-puts.o)
                0x0800b458                puts
 .text.__sread  0x0800b468       0x22 C:/ST/STM32CubeIDE_1.19.0/STM32CubeIDE/plugins/com.st.stm32cube.ide.mcu.externaltools.gnu-tools-for-stm32.13.3.rel1.win32_1.0.0.202411081344/tools/bin/../lib/gcc/arm-none-eabi/13.3.1/../../../../arm-none-eabi/lib/thumb/v7e-m+fp/hard\libc_nano.a(libc_a-stdio.o)
                0x0800b468                __sread
 .text.__swrite
                0x0800b48a       0x38 C:/ST/STM32CubeIDE_1.19.0/STM32CubeIDE/plugins/com.st.stm32cube.ide.mcu.externaltools.gnu-tools-for-stm32.13.3.rel1.win32_1.0.0.202411081344/tools/bin/../lib/gcc/arm-none-eabi/13.3.1/../../../../arm-none-eabi/lib/thumb/v7e-m+fp/hard\libc_nano.a(libc_a-stdio.o)
                0x0800b48a                __swrite
 .text.__sseek  0x0800b4c2       0x24 C:/ST/STM32CubeIDE_1.19.0/STM32CubeIDE/plugins/com.st.stm32cube.ide.mcu.externaltools.gnu-tools-for-stm32.13.3.rel1.win32_1.0.0.202411081344/tools/bin/../lib/gcc/arm-none-eabi/13.3.1/../../../../arm-none-eabi/lib/thumb/v7e-m+fp/hard\libc_nano.a(libc_a-stdio.o)
                0x0800b4c2                __sseek
 .text.__sclose
                0x0800b4e6        0x8 C:/ST/STM32CubeIDE_1.19.0/STM32CubeIDE/plugins/com.st.stm32cube.ide.mcu.externaltools.gnu-tools-for-stm32.13.3.rel1.win32_1.0.0.202411081344/tools/bin/../lib/gcc/arm-none-eabi/13.3.1/../../../../arm-none-eabi/lib/thumb/v7e-m+fp/hard\libc_nano.a(libc_a-stdio.o)
                0x0800b4e6                __sclose
 .text.__swbuf_r
                0x0800b4ee       0x7c C:/ST/STM32CubeIDE_1.19.0/STM32CubeIDE/plugins/com.st.stm32cube.ide.mcu.externaltools.gnu-tools-for-stm32.13.3.rel1.win32_1.0.0.202411081344/tools/bin/../lib/gcc/arm-none-eabi/13.3.1/../../../../arm-none-eabi/lib/thumb/v7e-m+fp/hard\libc_nano.a(libc_a-wbuf.o)
                0x0800b4ee                __swbuf_r
 *fill*         0x0800b56a        0x2 
 .text.__swsetup_r
                0x0800b56c       0xac C:/ST/STM32CubeIDE_1.19.0/STM32CubeIDE/plugins/com.st.stm32cube.ide.mcu.externaltools.gnu-tools-for-stm32.13.3.rel1.win32_1.0.0.202411081344/tools/bin/../lib/gcc/arm-none-eabi/13.3.1/../../../../arm-none-eabi/lib/thumb/v7e-m+fp/hard\libc_nano.a(libc_a-wsetup.o)
                0x0800b56c                __swsetup_r
 .text.memset   0x0800b618       0x10 C:/ST/STM32CubeIDE_1.19.0/STM32CubeIDE/plugins/com.st.stm32cube.ide.mcu.externaltools.gnu-tools-for-stm32.13.3.rel1.win32_1.0.0.202411081344/tools/bin/../lib/gcc/arm-none-eabi/13.3.1/../../../../arm-none-eabi/lib/thumb/v7e-m+fp/hard\libc_nano.a(libc_a-memset.o)
                0x0800b618                memset
 .text._close_r
                0x0800b628       0x20 C:/ST/STM32CubeIDE_1.19.0/STM32CubeIDE/plugins/com.st.stm32cube.ide.mcu.externaltools.gnu-tools-for-stm32.13.3.rel1.win32_1.0.0.202411081344/tools/bin/../lib/gcc/arm-none-eabi/13.3.1/../../../../arm-none-eabi/lib/thumb/v7e-m+fp/hard\libc_nano.a(libc_a-closer.o)
                0x0800b628                _close_r
 .text._lseek_r
                0x0800b648       0x24 C:/ST/STM32CubeIDE_1.19.0/STM32CubeIDE/plugins/com.st.stm32cube.ide.mcu.externaltools.gnu-tools-for-stm32.13.3.rel1.win32_1.0.0.202411081344/tools/bin/../lib/gcc/arm-none-eabi/13.3.1/../../../../arm-none-eabi/lib/thumb/v7e-m+fp/hard\libc_nano.a(libc_a-lseekr.o)
                0x0800b648                _lseek_r
 .text._read_r  0x0800b66c       0x24 C:/ST/STM32CubeIDE_1.19.0/STM32CubeIDE/plugins/com.st.stm32cube.ide.mcu.externaltools.gnu-tools-for-stm32.13.3.rel1.win32_1.0.0.202411081344/tools/bin/../lib/gcc/arm-none-eabi/13.3.1/../../../../arm-none-eabi/lib/thumb/v7e-m+fp/hard\libc_nano.a(libc_a-readr.o)
                0x0800b66c                _read_r
 .text._sbrk_r  0x0800b690       0x20 C:/ST/STM32CubeIDE_1.19.0/STM32CubeIDE/plugins/com.st.stm32cube.ide.mcu.externaltools.gnu-tools-for-stm32.13.3.rel1.win32_1.0.0.202411081344/tools/bin/../lib/gcc/arm-none-eabi/13.3.1/../../../../arm-none-eabi/lib/thumb/v7e-m+fp/hard\libc_nano.a(libc_a-sbrkr.o)
                0x0800b690                _sbrk_r
 .text._write_r
                0x0800b6b0       0x24 C:/ST/STM32CubeIDE_1.19.0/STM32CubeIDE/plugins/com.st.stm32cube.ide.mcu.externaltools.gnu-tools-for-stm32.13.3.rel1.win32_1.0.0.202411081344/tools/bin/../lib/gcc/arm-none-eabi/13.3.1/../../../../arm-none-eabi/lib/thumb/v7e-m+fp/hard\libc_nano.a(libc_a-writer.o)
                0x0800b6b0                _write_r
 .text.__errno  0x0800b6d4        0xc C:/ST/STM32CubeIDE_1.19.0/STM32CubeIDE/plugins/com.st.stm32cube.ide.mcu.externaltools.gnu-tools-for-stm32.13.3.rel1.win32_1.0.0.202411081344/tools/bin/../lib/gcc/arm-none-eabi/13.3.1/../../../../arm-none-eabi/lib/thumb/v7e-m+fp/hard\libc_nano.a(libc_a-errno.o)
                0x0800b6d4                __errno
 .text.__libc_init_array
                0x0800b6e0       0x48 C:/ST/STM32CubeIDE_1.19.0/STM32CubeIDE/plugins/com.st.stm32cube.ide.mcu.externaltools.gnu-tools-for-stm32.13.3.rel1.win32_1.0.0.202411081344/tools/bin/../lib/gcc/arm-none-eabi/13.3.1/../../../../arm-none-eabi/lib/thumb/v7e-m+fp/hard\libc_nano.a(libc_a-init.o)
                0x0800b6e0                __libc_init_array
 .text.__retarget_lock_init_recursive
                0x0800b728        0x2 C:/ST/STM32CubeIDE_1.19.0/STM32CubeIDE/plugins/com.st.stm32cube.ide.mcu.externaltools.gnu-tools-for-stm32.13.3.rel1.win32_1.0.0.202411081344/tools/bin/../lib/gcc/arm-none-eabi/13.3.1/../../../../arm-none-eabi/lib/thumb/v7e-m+fp/hard\libc_nano.a(libc_a-lock.o)
                0x0800b728                __retarget_lock_init_recursive
 .text.__retarget_lock_acquire_recursive
                0x0800b72a        0x2 C:/ST/STM32CubeIDE_1.19.0/STM32CubeIDE/plugins/com.st.stm32cube.ide.mcu.externaltools.gnu-tools-for-stm32.13.3.rel1.win32_1.0.0.202411081344/tools/bin/../lib/gcc/arm-none-eabi/13.3.1/../../../../arm-none-eabi/lib/thumb/v7e-m+fp/hard\libc_nano.a(libc_a-lock.o)
                0x0800b72a                __retarget_lock_acquire_recursive
 .text.__retarget_lock_release_recursive
                0x0800b72c        0x2 C:/ST/STM32CubeIDE_1.19.0/STM32CubeIDE/plugins/com.st.stm32cube.ide.mcu.externaltools.gnu-tools-for-stm32.13.3.rel1.win32_1.0.0.202411081344/tools/bin/../lib/gcc/arm-none-eabi/13.3.1/../../../../arm-none-eabi/lib/thumb/v7e-m+fp/hard\libc_nano.a(libc_a-lock.o)
                0x0800b72c                __retarget_lock_release_recursive
 *fill*         0x0800b72e        0x2 
 .text._free_r  0x0800b730       0x94 C:/ST/STM32CubeIDE_1.19.0/STM32CubeIDE/plugins/com.st.stm32cube.ide.mcu.externaltools.gnu-tools-for-stm32.13.3.rel1.win32_1.0.0.202411081344/tools/bin/../lib/gcc/arm-none-eabi/13.3.1/../../../../arm-none-eabi/lib/thumb/v7e-m+fp/hard\libc_nano.a(libc_a-freer.o)
                0x0800b730                _free_r
 .text.__sfputc_r
                0x0800b7c4       0x2e C:/ST/STM32CubeIDE_1.19.0/STM32CubeIDE/plugins/com.st.stm32cube.ide.mcu.externaltools.gnu-tools-for-stm32.13.3.rel1.win32_1.0.0.202411081344/tools/bin/../lib/gcc/arm-none-eabi/13.3.1/../../../../arm-none-eabi/lib/thumb/v7e-m+fp/hard\libc_nano.a(libc_a-nano-vfprintf.o)
 .text.__sfputs_r
                0x0800b7f2       0x24 C:/ST/STM32CubeIDE_1.19.0/STM32CubeIDE/plugins/com.st.stm32cube.ide.mcu.externaltools.gnu-tools-for-stm32.13.3.rel1.win32_1.0.0.202411081344/tools/bin/../lib/gcc/arm-none-eabi/13.3.1/../../../../arm-none-eabi/lib/thumb/v7e-m+fp/hard\libc_nano.a(libc_a-nano-vfprintf.o)
                0x0800b7f2                __sfputs_r
 *fill*         0x0800b816        0x2 
 .text._vfprintf_r
                0x0800b818      0x230 C:/ST/STM32CubeIDE_1.19.0/STM32CubeIDE/plugins/com.st.stm32cube.ide.mcu.externaltools.gnu-tools-for-stm32.13.3.rel1.win32_1.0.0.202411081344/tools/bin/../lib/gcc/arm-none-eabi/13.3.1/../../../../arm-none-eabi/lib/thumb/v7e-m+fp/hard\libc_nano.a(libc_a-nano-vfprintf.o)
                0x0800b818                _vfprintf_r
                0x0800b818                _vfiprintf_r
 .text._printf_common
                0x0800ba48       0xda C:/ST/STM32CubeIDE_1.19.0/STM32CubeIDE/plugins/com.st.stm32cube.ide.mcu.externaltools.gnu-tools-for-stm32.13.3.rel1.win32_1.0.0.202411081344/tools/bin/../lib/gcc/arm-none-eabi/13.3.1/../../../../arm-none-eabi/lib/thumb/v7e-m+fp/hard\libc_nano.a(libc_a-nano-vfprintf_i.o)
                0x0800ba48                _printf_common
 *fill*         0x0800bb22        0x2 
 .text._printf_i
                0x0800bb24      0x23c C:/ST/STM32CubeIDE_1.19.0/STM32CubeIDE/plugins/com.st.stm32cube.ide.mcu.externaltools.gnu-tools-for-stm32.13.3.rel1.win32_1.0.0.202411081344/tools/bin/../lib/gcc/arm-none-eabi/13.3.1/../../../../arm-none-eabi/lib/thumb/v7e-m+fp/hard\libc_nano.a(libc_a-nano-vfprintf_i.o)
                0x0800bb24                _printf_i
 .text.__sflush_r
                0x0800bd60      0x108 C:/ST/STM32CubeIDE_1.19.0/STM32CubeIDE/plugins/com.st.stm32cube.ide.mcu.externaltools.gnu-tools-for-stm32.13.3.rel1.win32_1.0.0.202411081344/tools/bin/../lib/gcc/arm-none-eabi/13.3.1/../../../../arm-none-eabi/lib/thumb/v7e-m+fp/hard\libc_nano.a(libc_a-fflush.o)
                0x0800bd60                __sflush_r
 .text._fflush_r
                0x0800be68       0x50 C:/ST/STM32CubeIDE_1.19.0/STM32CubeIDE/plugins/com.st.stm32cube.ide.mcu.externaltools.gnu-tools-for-stm32.13.3.rel1.win32_1.0.0.202411081344/tools/bin/../lib/gcc/arm-none-eabi/13.3.1/../../../../arm-none-eabi/lib/thumb/v7e-m+fp/hard\libc_nano.a(libc_a-fflush.o)
                0x0800be68                _fflush_r
 .text.__swhatbuf_r
                0x0800beb8       0x4c C:/ST/STM32CubeIDE_1.19.0/STM32CubeIDE/plugins/com.st.stm32cube.ide.mcu.externaltools.gnu-tools-for-stm32.13.3.rel1.win32_1.0.0.202411081344/tools/bin/../lib/gcc/arm-none-eabi/13.3.1/../../../../arm-none-eabi/lib/thumb/v7e-m+fp/hard\libc_nano.a(libc_a-makebuf.o)
                0x0800beb8                __swhatbuf_r
 .text.__smakebuf_r
                0x0800bf04       0x78 C:/ST/STM32CubeIDE_1.19.0/STM32CubeIDE/plugins/com.st.stm32cube.ide.mcu.externaltools.gnu-tools-for-stm32.13.3.rel1.win32_1.0.0.202411081344/tools/bin/../lib/gcc/arm-none-eabi/13.3.1/../../../../arm-none-eabi/lib/thumb/v7e-m+fp/hard\libc_nano.a(libc_a-makebuf.o)
                0x0800bf04                __smakebuf_r
 .text._fstat_r
                0x0800bf7c       0x24 C:/ST/STM32CubeIDE_1.19.0/STM32CubeIDE/plugins/com.st.stm32cube.ide.mcu.externaltools.gnu-tools-for-stm32.13.3.rel1.win32_1.0.0.202411081344/tools/bin/../lib/gcc/arm-none-eabi/13.3.1/../../../../arm-none-eabi/lib/thumb/v7e-m+fp/hard\libc_nano.a(libc_a-fstatr.o)
                0x0800bf7c                _fstat_r
 .text._isatty_r
                0x0800bfa0       0x20 C:/ST/STM32CubeIDE_1.19.0/STM32CubeIDE/plugins/com.st.stm32cube.ide.mcu.externaltools.gnu-tools-for-stm32.13.3.rel1.win32_1.0.0.202411081344/tools/bin/../lib/gcc/arm-none-eabi/13.3.1/../../../../arm-none-eabi/lib/thumb/v7e-m+fp/hard\libc_nano.a(libc_a-isattyr.o)
                0x0800bfa0                _isatty_r
 *(.glue_7)
 .glue_7        0x0800bfc0        0x0 linker stubs
 *(.glue_7t)
 .glue_7t       0x0800bfc0        0x0 linker stubs
 *(.eh_frame)
 .eh_frame      0x0800bfc0        0x0 C:/ST/STM32CubeIDE_1.19.0/STM32CubeIDE/plugins/com.st.stm32cube.ide.mcu.externaltools.gnu-tools-for-stm32.13.3.rel1.win32_1.0.0.202411081344/tools/bin/../lib/gcc/arm-none-eabi/13.3.1/thumb/v7e-m+fp/hard/crtbegin.o
 *(.init)
 .init          0x0800bfc0        0x4 C:/ST/STM32CubeIDE_1.19.0/STM32CubeIDE/plugins/com.st.stm32cube.ide.mcu.externaltools.gnu-tools-for-stm32.13.3.rel1.win32_1.0.0.202411081344/tools/bin/../lib/gcc/arm-none-eabi/13.3.1/thumb/v7e-m+fp/hard/crti.o
                0x0800bfc0                _init
 .init          0x0800bfc4        0x8 C:/ST/STM32CubeIDE_1.19.0/STM32CubeIDE/plugins/com.st.stm32cube.ide.mcu.externaltools.gnu-tools-for-stm32.13.3.rel1.win32_1.0.0.202411081344/tools/bin/../lib/gcc/arm-none-eabi/13.3.1/thumb/v7e-m+fp/hard/crtn.o
 *(.fini)
 .fini          0x0800bfcc        0x4 C:/ST/STM32CubeIDE_1.19.0/STM32CubeIDE/plugins/com.st.stm32cube.ide.mcu.externaltools.gnu-tools-for-stm32.13.3.rel1.win32_1.0.0.202411081344/tools/bin/../lib/gcc/arm-none-eabi/13.3.1/thumb/v7e-m+fp/hard/crti.o
                0x0800bfcc                _fini
 .fini          0x0800bfd0        0x8 C:/ST/STM32CubeIDE_1.19.0/STM32CubeIDE/plugins/com.st.stm32cube.ide.mcu.externaltools.gnu-tools-for-stm32.13.3.rel1.win32_1.0.0.202411081344/tools/bin/../lib/gcc/arm-none-eabi/13.3.1/thumb/v7e-m+fp/hard/crtn.o
                0x0800bfd8                        . = ALIGN (0x4)
                0x0800bfd8                        _etext = .

.vfp11_veneer   0x0800bfd8        0x0
 .vfp11_veneer  0x0800bfd8        0x0 linker stubs

.v4_bx          0x0800bfd8        0x0
 .v4_bx         0x0800bfd8        0x0 linker stubs

.iplt           0x0800bfd8        0x0
 .iplt          0x0800bfd8        0x0 C:/ST/STM32CubeIDE_1.19.0/STM32CubeIDE/plugins/com.st.stm32cube.ide.mcu.externaltools.gnu-tools-for-stm32.13.3.rel1.win32_1.0.0.202411081344/tools/bin/../lib/gcc/arm-none-eabi/13.3.1/thumb/v7e-m+fp/hard/crtbegin.o

.rodata         0x0800bfd8     0x460c
                0x0800bfd8                        . = ALIGN (0x4)
 *(.rodata)
 .rodata        0x0800bfd8       0xab ./Core/Src/main.o
 *fill*         0x0800c083        0x1 
 .rodata        0x0800c084       0x12 ./Core/Src/spi.o
 *fill*         0x0800c096        0x2 
 .rodata        0x0800c098       0x12 ./Core/Src/tim.o
 *fill*         0x0800c0aa        0x2 
 .rodata        0x0800c0ac       0x14 ./Core/Src/usart.o
 .rodata        0x0800c0c0       0x1f ./USB_DEVICE/App/usb_device.o
 *fill*         0x0800c0df        0x1 
 .rodata        0x0800c0e0       0x46 ./USB_DEVICE/App/usbd_desc.o
 *fill*         0x0800c126        0x2 
 .rodata        0x0800c128       0x21 ./USB_DEVICE/Target/usbd_conf.o
 *fill*         0x0800c149        0x3 
 .rodata        0x0800c14c        0xf ./User/Config/DEV_Config.o
 *fill*         0x0800c15b        0x1 
 .rodata        0x0800c15c       0xff ./User/LCD/LCD_Bmp.o
 *fill*         0x0800c25b        0x1 
 .rodata        0x0800c25c      0x325 ./User/LCD/LCD_GUI.o
 *fill*         0x0800c581        0x3 
 .rodata        0x0800c584      0x338 ./User/LCD/LCD_Touch.o
 *(.rodata*)
 .rodata.AHBPrescTable
                0x0800c8bc       0x10 ./Core/Src/system_stm32f4xx.o
                0x0800c8bc                AHBPrescTable
 .rodata.APBPrescTable
                0x0800c8cc        0x8 ./Core/Src/system_stm32f4xx.o
                0x0800c8cc                APBPrescTable
 .rodata.Font12_Table
                0x0800c8d4      0x474 ./User/Fonts/font12.o
                0x0800c8d4                Font12_Table
 .rodata.Font16_Table
                0x0800cd48      0xbe0 ./User/Fonts/font16.o
                0x0800cd48                Font16_Table
 .rodata.Font20_Table
                0x0800d928      0xed8 ./User/Fonts/font20.o
                0x0800d928                Font20_Table
 .rodata.Font24_Table
                0x0800e800     0x1ab8 ./User/Fonts/font24.o
                0x0800e800                Font24_Table
 .rodata.Font8_Table
                0x080102b8      0x2f8 ./User/Fonts/font8.o
                0x080102b8                Font8_Table
 .rodata._vfprintf_r.str1.1
                0x080105b0       0x33 C:/ST/STM32CubeIDE_1.19.0/STM32CubeIDE/plugins/com.st.stm32cube.ide.mcu.externaltools.gnu-tools-for-stm32.13.3.rel1.win32_1.0.0.202411081344/tools/bin/../lib/gcc/arm-none-eabi/13.3.1/../../../../arm-none-eabi/lib/thumb/v7e-m+fp/hard\libc_nano.a(libc_a-nano-vfprintf.o)
                                 0x11 (size before relaxing)
 .rodata._printf_i.str1.1
                0x080105e3       0x22 C:/ST/STM32CubeIDE_1.19.0/STM32CubeIDE/plugins/com.st.stm32cube.ide.mcu.externaltools.gnu-tools-for-stm32.13.3.rel1.win32_1.0.0.202411081344/tools/bin/../lib/gcc/arm-none-eabi/13.3.1/../../../../arm-none-eabi/lib/thumb/v7e-m+fp/hard\libc_nano.a(libc_a-nano-vfprintf_i.o)
                0x08010608                        . = ALIGN (0x4)
 *fill*         0x080105e3        0x1 

.ARM.extab      0x080105e4        0x0
                0x080105e4                        . = ALIGN (0x4)
 *(.ARM.extab* .gnu.linkonce.armextab.*)
                0x080105e4                        . = ALIGN (0x4)

.ARM            0x080105e4        0x8
                0x080105e4                        . = ALIGN (0x4)
                0x080105e4                        __exidx_start = .
 *(.ARM.exidx*)
 .ARM.exidx     0x080105e4        0x8 C:/ST/STM32CubeIDE_1.19.0/STM32CubeIDE/plugins/com.st.stm32cube.ide.mcu.externaltools.gnu-tools-for-stm32.13.3.rel1.win32_1.0.0.202411081344/tools/bin/../lib/gcc/arm-none-eabi/13.3.1/../../../../arm-none-eabi/lib/thumb/v7e-m+fp/hard\libc_nano.a(libc_a-strlen.o)
 .ARM.exidx     0x080105ec        0x0 C:/ST/STM32CubeIDE_1.19.0/STM32CubeIDE/plugins/com.st.stm32cube.ide.mcu.externaltools.gnu-tools-for-stm32.13.3.rel1.win32_1.0.0.202411081344/tools/bin/../lib/gcc/arm-none-eabi/13.3.1/../../../../arm-none-eabi/lib/thumb/v7e-m+fp/hard\libc_nano.a(libc_a-memchr.o)
                                  0x8 (size before relaxing)
 .ARM.exidx     0x080105ec        0x0 C:/ST/STM32CubeIDE_1.19.0/STM32CubeIDE/plugins/com.st.stm32cube.ide.mcu.externaltools.gnu-tools-for-stm32.13.3.rel1.win32_1.0.0.202411081344/tools/bin/../lib/gcc/arm-none-eabi/13.3.1/thumb/v7e-m+fp/hard\libgcc.a(_udivmoddi4.o)
                                  0x8 (size before relaxing)
                0x080105ec                        __exidx_end = .
                0x080105ec                        . = ALIGN (0x4)

.preinit_array  0x080105ec        0x0
                0x080105ec                        . = ALIGN (0x4)
                0x080105ec                        PROVIDE (__preinit_array_start = .)
 *(.preinit_array*)
                0x080105ec                        PROVIDE (__preinit_array_end = .)
                0x080105ec                        . = ALIGN (0x4)

.init_array     0x080105ec        0x4
                0x080105ec                        . = ALIGN (0x4)
                0x080105ec                        PROVIDE (__init_array_start = .)
 *(SORT_BY_NAME(.init_array.*))
 *(.init_array*)
 .init_array    0x080105ec        0x4 C:/ST/STM32CubeIDE_1.19.0/STM32CubeIDE/plugins/com.st.stm32cube.ide.mcu.externaltools.gnu-tools-for-stm32.13.3.rel1.win32_1.0.0.202411081344/tools/bin/../lib/gcc/arm-none-eabi/13.3.1/thumb/v7e-m+fp/hard/crtbegin.o
                0x080105f0                        PROVIDE (__init_array_end = .)
                0x080105f0                        . = ALIGN (0x4)

.fini_array     0x080105f0        0x4
                0x080105f0                        . = ALIGN (0x4)
                [!provide]                        PROVIDE (__fini_array_start = .)
 *(SORT_BY_NAME(.fini_array.*))
 *(.fini_array*)
 .fini_array    0x080105f0        0x4 C:/ST/STM32CubeIDE_1.19.0/STM32CubeIDE/plugins/com.st.stm32cube.ide.mcu.externaltools.gnu-tools-for-stm32.13.3.rel1.win32_1.0.0.202411081344/tools/bin/../lib/gcc/arm-none-eabi/13.3.1/thumb/v7e-m+fp/hard/crtbegin.o
                [!provide]                        PROVIDE (__fini_array_end = .)
                0x080105f4                        . = ALIGN (0x4)
                0x080105f4                        _sidata = LOADADDR (.data)

.rel.dyn        0x080105f4        0x0
 .rel.iplt      0x080105f4        0x0 C:/ST/STM32CubeIDE_1.19.0/STM32CubeIDE/plugins/com.st.stm32cube.ide.mcu.externaltools.gnu-tools-for-stm32.13.3.rel1.win32_1.0.0.202411081344/tools/bin/../lib/gcc/arm-none-eabi/13.3.1/thumb/v7e-m+fp/hard/crtbegin.o

.data           0x20000000      0x180 load address 0x080105f4
                0x20000000                        . = ALIGN (0x4)
                0x20000000                        _sdata = .
 *(.data)
 *(.data*)
 .data.SystemCoreClock
                0x20000000        0x4 ./Core/Src/system_stm32f4xx.o
                0x20000000                SystemCoreClock
 .data.uwTickPrio
                0x20000004        0x4 ./Drivers/STM32F4xx_HAL_Driver/Src/stm32f4xx_hal.o
                0x20000004                uwTickPrio
 .data.uwTickFreq
                0x20000008        0x1 ./Drivers/STM32F4xx_HAL_Driver/Src/stm32f4xx_hal.o
                0x20000008                uwTickFreq
 *fill*         0x20000009        0x3 
 .data.USBD_CDC_DeviceQualifierDesc
                0x2000000c        0xa ./Middlewares/ST/STM32_USB_Device_Library/Class/CDC/Src/usbd_cdc.o
 *fill*         0x20000016        0x2 
 .data.USBD_CDC
                0x20000018       0x38 ./Middlewares/ST/STM32_USB_Device_Library/Class/CDC/Src/usbd_cdc.o
                0x20000018                USBD_CDC
 .data.USBD_CDC_CfgDesc
                0x20000050       0x43 ./Middlewares/ST/STM32_USB_Device_Library/Class/CDC/Src/usbd_cdc.o
 .data.CDCInEpAdd
                0x20000093        0x1 ./Middlewares/ST/STM32_USB_Device_Library/Class/CDC/Src/usbd_cdc.o
 .data.CDCOutEpAdd
                0x20000094        0x1 ./Middlewares/ST/STM32_USB_Device_Library/Class/CDC/Src/usbd_cdc.o
 .data.CDCCmdEpAdd
                0x20000095        0x1 ./Middlewares/ST/STM32_USB_Device_Library/Class/CDC/Src/usbd_cdc.o
 *fill*         0x20000096        0x2 
 .data.USBD_Interface_fops_FS
                0x20000098       0x14 ./USB_DEVICE/App/usbd_cdc_if.o
                0x20000098                USBD_Interface_fops_FS
 .data.FS_Desc  0x200000ac       0x1c ./USB_DEVICE/App/usbd_desc.o
                0x200000ac                FS_Desc
 .data.USBD_FS_DeviceDesc
                0x200000c8       0x12 ./USB_DEVICE/App/usbd_desc.o
                0x200000c8                USBD_FS_DeviceDesc
 *fill*         0x200000da        0x2 
 .data.USBD_LangIDDesc
                0x200000dc        0x4 ./USB_DEVICE/App/usbd_desc.o
                0x200000dc                USBD_LangIDDesc
 .data.USBD_StringSerial
                0x200000e0       0x1a ./USB_DEVICE/App/usbd_desc.o
                0x200000e0                USBD_StringSerial
 *fill*         0x200000fa        0x2 
 .data.Font12   0x200000fc        0x8 ./User/Fonts/font12.o
                0x200000fc                Font12
 .data.Font16   0x20000104        0x8 ./User/Fonts/font16.o
                0x20000104                Font16
 .data.Font20   0x2000010c        0x8 ./User/Fonts/font20.o
                0x2000010c                Font20
 .data.Font24   0x20000114        0x8 ./User/Fonts/font24.o
                0x20000114                Font24
 .data.Font8    0x2000011c        0x8 ./User/Fonts/font8.o
                0x2000011c                Font8
 .data.__sglue  0x20000124        0xc C:/ST/STM32CubeIDE_1.19.0/STM32CubeIDE/plugins/com.st.stm32cube.ide.mcu.externaltools.gnu-tools-for-stm32.13.3.rel1.win32_1.0.0.202411081344/tools/bin/../lib/gcc/arm-none-eabi/13.3.1/../../../../arm-none-eabi/lib/thumb/v7e-m+fp/hard\libc_nano.a(libc_a-findfp.o)
                0x20000124                __sglue
 .data._impure_ptr
                0x20000130        0x4 C:/ST/STM32CubeIDE_1.19.0/STM32CubeIDE/plugins/com.st.stm32cube.ide.mcu.externaltools.gnu-tools-for-stm32.13.3.rel1.win32_1.0.0.202411081344/tools/bin/../lib/gcc/arm-none-eabi/13.3.1/../../../../arm-none-eabi/lib/thumb/v7e-m+fp/hard\libc_nano.a(libc_a-impure.o)
                0x20000130                _impure_ptr
 .data._impure_data
                0x20000134       0x4c C:/ST/STM32CubeIDE_1.19.0/STM32CubeIDE/plugins/com.st.stm32cube.ide.mcu.externaltools.gnu-tools-for-stm32.13.3.rel1.win32_1.0.0.202411081344/tools/bin/../lib/gcc/arm-none-eabi/13.3.1/../../../../arm-none-eabi/lib/thumb/v7e-m+fp/hard\libc_nano.a(libc_a-impure.o)
                0x20000134                _impure_data
 *(.RamFunc)
 *(.RamFunc*)
                0x20000180                        . = ALIGN (0x4)
                0x20000180                        _edata = .

.igot.plt       0x20000180        0x0 load address 0x08010774
 .igot.plt      0x20000180        0x0 C:/ST/STM32CubeIDE_1.19.0/STM32CubeIDE/plugins/com.st.stm32cube.ide.mcu.externaltools.gnu-tools-for-stm32.13.3.rel1.win32_1.0.0.202411081344/tools/bin/../lib/gcc/arm-none-eabi/13.3.1/thumb/v7e-m+fp/hard/crtbegin.o
                0x20000180                        . = ALIGN (0x4)

.bss            0x20000180     0x211c load address 0x08010774
                0x20000180                        _sbss = .
                0x20000180                        __bss_start__ = _sbss
 *(.bss)
 .bss           0x20000180       0x1c C:/ST/STM32CubeIDE_1.19.0/STM32CubeIDE/plugins/com.st.stm32cube.ide.mcu.externaltools.gnu-tools-for-stm32.13.3.rel1.win32_1.0.0.202411081344/tools/bin/../lib/gcc/arm-none-eabi/13.3.1/thumb/v7e-m+fp/hard/crtbegin.o
 *(.bss*)
 .bss.hspi1     0x2000019c       0x58 ./Core/Src/spi.o
                0x2000019c                hspi1
 .bss.__sbrk_heap_end
                0x200001f4        0x4 ./Core/Src/sysmem.o
 .bss.htim3     0x200001f8       0x48 ./Core/Src/tim.o
                0x200001f8                htim3
 .bss.huart2    0x20000240       0x48 ./Core/Src/usart.o
                0x20000240                huart2
 .bss.uwTick    0x20000288        0x4 ./Drivers/STM32F4xx_HAL_Driver/Src/stm32f4xx_hal.o
                0x20000288                uwTick
 .bss.cfgidx.0  0x2000028c        0x1 ./Middlewares/ST/STM32_USB_Device_Library/Core/Src/usbd_ctlreq.o
 *fill*         0x2000028d        0x3 
 .bss.hUsbDeviceFS
                0x20000290      0x2dc ./USB_DEVICE/App/usb_device.o
                0x20000290                hUsbDeviceFS
 .bss.UserRxBufferFS
                0x2000056c      0x800 ./USB_DEVICE/App/usbd_cdc_if.o
                0x2000056c                UserRxBufferFS
 .bss.UserTxBufferFS
                0x20000d6c      0x800 ./USB_DEVICE/App/usbd_cdc_if.o
                0x20000d6c                UserTxBufferFS
 .bss.USBD_StrDesc
                0x2000156c      0x200 ./USB_DEVICE/App/usbd_desc.o
                0x2000156c                USBD_StrDesc
 .bss.hpcd_USB_OTG_FS
                0x2000176c      0x4e4 ./USB_DEVICE/Target/usbd_conf.o
                0x2000176c                hpcd_USB_OTG_FS
 .bss.mem.0     0x20001c50      0x220 ./USB_DEVICE/Target/usbd_conf.o
 .bss.FatFs     0x20001e70        0x4 ./User/FATFS/ff.o
 .bss.Fsid      0x20001e74        0x2 ./User/FATFS/ff.o
 *fill*         0x20001e76        0x2 
 .bss.pDirectoryFiles
                0x20001e78       0x64 ./User/LCD/LCD_Bmp.o
                0x20001e78                pDirectoryFiles
 .bss.f_res     0x20001edc        0x1 ./User/LCD/LCD_Bmp.o
                0x20001edc                f_res
 *fill*         0x20001edd        0x3 
 .bss.microSDFatFs
                0x20001ee0      0x230 ./User/LCD/LCD_Bmp.o
                0x20001ee0                microSDFatFs
 .bss.sLCD_DIS  0x20002110        0xa ./User/LCD/LCD_Driver.o
                0x20002110                sLCD_DIS
 *fill*         0x2000211a        0x2 
 .bss.sTP_DEV   0x2000211c       0x1c ./User/LCD/LCD_Touch.o
 .bss.sTP_Draw  0x20002138        0x8 ./User/LCD/LCD_Touch.o
 .bss.sELECTONIC_LOAD_PARAMETERS
                0x20002140        0xc ./User/LCD/LCD_Touch.o
 .bss.SD_Type   0x2000214c        0x1 ./User/SDCard/MMC_SD.o
                0x2000214c                SD_Type
 *fill*         0x2000214d        0x3 
 .bss.__malloc_sbrk_start
                0x20002150        0x4 C:/ST/STM32CubeIDE_1.19.0/STM32CubeIDE/plugins/com.st.stm32cube.ide.mcu.externaltools.gnu-tools-for-stm32.13.3.rel1.win32_1.0.0.202411081344/tools/bin/../lib/gcc/arm-none-eabi/13.3.1/../../../../arm-none-eabi/lib/thumb/v7e-m+fp/hard\libc_nano.a(libc_a-mallocr.o)
                0x20002150                __malloc_sbrk_start
 .bss.__malloc_free_list
                0x20002154        0x4 C:/ST/STM32CubeIDE_1.19.0/STM32CubeIDE/plugins/com.st.stm32cube.ide.mcu.externaltools.gnu-tools-for-stm32.13.3.rel1.win32_1.0.0.202411081344/tools/bin/../lib/gcc/arm-none-eabi/13.3.1/../../../../arm-none-eabi/lib/thumb/v7e-m+fp/hard\libc_nano.a(libc_a-mallocr.o)
                0x20002154                __malloc_free_list
 .bss.__sf      0x20002158      0x138 C:/ST/STM32CubeIDE_1.19.0/STM32CubeIDE/plugins/com.st.stm32cube.ide.mcu.externaltools.gnu-tools-for-stm32.13.3.rel1.win32_1.0.0.202411081344/tools/bin/../lib/gcc/arm-none-eabi/13.3.1/../../../../arm-none-eabi/lib/thumb/v7e-m+fp/hard\libc_nano.a(libc_a-findfp.o)
                0x20002158                __sf
 .bss.__stdio_exit_handler
                0x20002290        0x4 C:/ST/STM32CubeIDE_1.19.0/STM32CubeIDE/plugins/com.st.stm32cube.ide.mcu.externaltools.gnu-tools-for-stm32.13.3.rel1.win32_1.0.0.202411081344/tools/bin/../lib/gcc/arm-none-eabi/13.3.1/../../../../arm-none-eabi/lib/thumb/v7e-m+fp/hard\libc_nano.a(libc_a-findfp.o)
                0x20002290                __stdio_exit_handler
 .bss.errno     0x20002294        0x4 C:/ST/STM32CubeIDE_1.19.0/STM32CubeIDE/plugins/com.st.stm32cube.ide.mcu.externaltools.gnu-tools-for-stm32.13.3.rel1.win32_1.0.0.202411081344/tools/bin/../lib/gcc/arm-none-eabi/13.3.1/../../../../arm-none-eabi/lib/thumb/v7e-m+fp/hard\libc_nano.a(libc_a-reent.o)
                0x20002294                errno
 .bss.__lock___malloc_recursive_mutex
                0x20002298        0x1 C:/ST/STM32CubeIDE_1.19.0/STM32CubeIDE/plugins/com.st.stm32cube.ide.mcu.externaltools.gnu-tools-for-stm32.13.3.rel1.win32_1.0.0.202411081344/tools/bin/../lib/gcc/arm-none-eabi/13.3.1/../../../../arm-none-eabi/lib/thumb/v7e-m+fp/hard\libc_nano.a(libc_a-lock.o)
                0x20002298                __lock___malloc_recursive_mutex
 .bss.__lock___sfp_recursive_mutex
                0x20002299        0x1 C:/ST/STM32CubeIDE_1.19.0/STM32CubeIDE/plugins/com.st.stm32cube.ide.mcu.externaltools.gnu-tools-for-stm32.13.3.rel1.win32_1.0.0.202411081344/tools/bin/../lib/gcc/arm-none-eabi/13.3.1/../../../../arm-none-eabi/lib/thumb/v7e-m+fp/hard\libc_nano.a(libc_a-lock.o)
                0x20002299                __lock___sfp_recursive_mutex
 *(COMMON)
                0x2000229c                        . = ALIGN (0x4)
 *fill*         0x2000229a        0x2 
                0x2000229c                        _ebss = .
                0x2000229c                        __bss_end__ = _ebss

._user_heap_stack
                0x2000229c      0x604 load address 0x08010774
                0x200022a0                        . = ALIGN (0x8)
 *fill*         0x2000229c        0x4 
                [!provide]                        PROVIDE (end = .)
                0x200022a0                        PROVIDE (_end = .)
                0x200024a0                        . = (. + _Min_Heap_Size)
 *fill*         0x200022a0      0x200 
                0x200028a0                        . = (. + _Min_Stack_Size)
 *fill*         0x200024a0      0x400 
                0x200028a0                        . = ALIGN (0x8)

/DISCARD/
 libc.a(*)
 libm.a(*)
 libgcc.a(*)

.ARM.attributes
                0x00000000       0x30
 *(.ARM.attributes)
 .ARM.attributes
                0x00000000       0x22 C:/ST/STM32CubeIDE_1.19.0/STM32CubeIDE/plugins/com.st.stm32cube.ide.mcu.externaltools.gnu-tools-for-stm32.13.3.rel1.win32_1.0.0.202411081344/tools/bin/../lib/gcc/arm-none-eabi/13.3.1/thumb/v7e-m+fp/hard/crti.o
 .ARM.attributes
                0x00000022       0x34 C:/ST/STM32CubeIDE_1.19.0/STM32CubeIDE/plugins/com.st.stm32cube.ide.mcu.externaltools.gnu-tools-for-stm32.13.3.rel1.win32_1.0.0.202411081344/tools/bin/../lib/gcc/arm-none-eabi/13.3.1/thumb/v7e-m+fp/hard/crtbegin.o
 .ARM.attributes
                0x00000056       0x34 ./Core/Src/gpio.o
 .ARM.attributes
                0x0000008a       0x34 ./Core/Src/main.o
 .ARM.attributes
                0x000000be       0x34 ./Core/Src/spi.o
 .ARM.attributes
                0x000000f2       0x34 ./Core/Src/stm32f4xx_hal_msp.o
 .ARM.attributes
                0x00000126       0x34 ./Core/Src/stm32f4xx_it.o
 .ARM.attributes
                0x0000015a       0x34 ./Core/Src/syscalls.o
 .ARM.attributes
                0x0000018e       0x34 ./Core/Src/sysmem.o
 .ARM.attributes
                0x000001c2       0x34 ./Core/Src/system_stm32f4xx.o
 .ARM.attributes
                0x000001f6       0x34 ./Core/Src/tim.o
 .ARM.attributes
                0x0000022a       0x34 ./Core/Src/usart.o
 .ARM.attributes
                0x0000025e       0x21 ./Core/Startup/startup_stm32f411ceux.o
 .ARM.attributes
                0x0000027f       0x34 ./Drivers/STM32F4xx_HAL_Driver/Src/stm32f4xx_hal.o
 .ARM.attributes
                0x000002b3       0x34 ./Drivers/STM32F4xx_HAL_Driver/Src/stm32f4xx_hal_cortex.o
 .ARM.attributes
                0x000002e7       0x34 ./Drivers/STM32F4xx_HAL_Driver/Src/stm32f4xx_hal_gpio.o
 .ARM.attributes
                0x0000031b       0x34 ./Drivers/STM32F4xx_HAL_Driver/Src/stm32f4xx_hal_pcd.o
 .ARM.attributes
                0x0000034f       0x34 ./Drivers/STM32F4xx_HAL_Driver/Src/stm32f4xx_hal_pcd_ex.o
 .ARM.attributes