../User/LCD/LCD_Touch.c:30:17:TP_Read_ADC	24	static
../User/LCD/LCD_Touch.c:65:17:TP_Read_ADC_Average	40	static
../User/LCD/LCD_Touch.c:105:13:TP_Read_ADC_XY	16	static
../User/LCD/LCD_Touch.c:120:13:TP_Read_TwiceADC	24	static
../User/LCD/LCD_Touch.c:152:16:TP_Scan	16	static
../User/LCD/LCD_Touch.c:216:13:TP_DrawCross	40	static
../User/LCD/LCD_Touch.c:237:13:TP_ShowInfo	48	static
../User/LCD/LCD_Touch.c:281:6:TP_Adjust	88	static
../User/LCD/LCD_Touch.c:545:6:TP_GetAdFac	16	static
../User/LCD/LCD_Touch.c:579:6:TP_Dialog	24	static
../User/LCD/LCD_Touch.c:625:6:TP_DrawBoard	16	static
../User/LCD/LCD_Touch.c:719:6:TP_MenuDialog	24	static
../User/LCD/LCD_Touch.c:766:6:TP_IndicationsUnit	16	static
../User/LCD/LCD_Touch.c:779:6:TP_MenuTouch	8	static
../User/LCD/LCD_Touch.c:810:6:TP_Init	16	static
../User/LCD/LCD_Touch.c:819:6:LOAD_Init	4	static
